Component: ARM Compiler 5.06 update 4 (build 422) Tool: armlink [4d35d2]

==============================================================================

Section Cross References

    main.o(i.HardFault_Handler) refers to app_trace.o(i.app_get_debug_priority) for app_get_debug_priority
    main.o(i.HardFault_Handler) refers to nrf_log.o(i.log_rtt_printf) for log_rtt_printf
    main.o(i.advertising_init) refers to memseta.o(.text) for __aeabi_memclr4
    main.o(i.advertising_init) refers to ble_advertising.o(i.ble_advertising_init) for ble_advertising_init
    main.o(i.advertising_init) refers to app_error.o(i.app_error_handler_bare) for app_error_handler_bare
    main.o(i.advertising_init) refers to main.o(.data) for .data
    main.o(i.advertising_init) refers to main.o(i.on_adv_evt) for on_adv_evt
    main.o(i.advertising_stop) refers to app_trace.o(i.app_get_debug_priority) for app_get_debug_priority
    main.o(i.advertising_stop) refers to nrf_log.o(i.log_rtt_write_string) for log_rtt_write_string
    main.o(i.advertising_stop) refers to app_error.o(i.app_error_handler_bare) for app_error_handler_bare
    main.o(i.app_error_fault_handler) refers to app_trace.o(i.app_get_debug_priority) for app_get_debug_priority
    main.o(i.app_error_fault_handler) refers to nrf_log.o(i.log_rtt_printf) for log_rtt_printf
    main.o(i.assert_nrf_callback) refers to main.o(i.app_error_fault_handler) for app_error_fault_handler
    main.o(i.assert_nrf_callback) refers to main.o(.constdata) for .constdata
    main.o(i.ble_bas_update) refers to ble_vsp_bas.o(i.ble_bas_battery_level_update) for ble_bas_battery_level_update
    main.o(i.ble_bas_update) refers to app_trace.o(i.app_get_debug_priority) for app_get_debug_priority
    main.o(i.ble_bas_update) refers to nrf_log.o(i.log_rtt_printf) for log_rtt_printf
    main.o(i.ble_bas_update) refers to app_error.o(i.app_error_handler_bare) for app_error_handler_bare
    main.o(i.ble_bas_update) refers to ble_vsp_bas.o(i.ble_bas_battery_state_update) for ble_bas_battery_state_update
    main.o(i.ble_bas_update) refers to main.o(.data) for .data
    main.o(i.ble_bas_update) refers to main.o(.bss) for .bss
    main.o(i.ble_evt_dispatch) refers to app_trace.o(i.app_get_debug_priority) for app_get_debug_priority
    main.o(i.ble_evt_dispatch) refers to nrf_log.o(i.log_rtt_printf) for log_rtt_printf
    main.o(i.ble_evt_dispatch) refers to vsp_device_manager_peripheral.o(i.dm_ble_evt_handler) for dm_ble_evt_handler
    main.o(i.ble_evt_dispatch) refers to ble_nus.o(i.ble_nus_on_ble_evt) for ble_nus_on_ble_evt
    main.o(i.ble_evt_dispatch) refers to ble_vsp_bas.o(i.ble_bas_on_ble_evt) for ble_bas_on_ble_evt
    main.o(i.ble_evt_dispatch) refers to ble_conn_params.o(i.ble_conn_params_on_ble_evt) for ble_conn_params_on_ble_evt
    main.o(i.ble_evt_dispatch) refers to main.o(i.on_ble_evt) for on_ble_evt
    main.o(i.ble_evt_dispatch) refers to main.o(.data) for .data
    main.o(i.ble_evt_dispatch) refers to main.o(.bss) for .bss
    main.o(i.ble_stack_init) refers to softdevice_handler.o(i.softdevice_handler_init) for softdevice_handler_init
    main.o(i.ble_stack_init) refers to app_error.o(i.app_error_handler_bare) for app_error_handler_bare
    main.o(i.ble_stack_init) refers to softdevice_handler.o(i.softdevice_enable_get_default_config) for softdevice_enable_get_default_config
    main.o(i.ble_stack_init) refers to softdevice_handler.o(i.sd_check_ram_start) for sd_check_ram_start
    main.o(i.ble_stack_init) refers to softdevice_handler.o(i.softdevice_enable) for softdevice_enable
    main.o(i.ble_stack_init) refers to softdevice_handler.o(i.softdevice_ble_evt_handler_set) for softdevice_ble_evt_handler_set
    main.o(i.ble_stack_init) refers to softdevice_handler.o(i.softdevice_sys_evt_handler_set) for softdevice_sys_evt_handler_set
    main.o(i.ble_stack_init) refers to main.o(.constdata) for .constdata
    main.o(i.ble_stack_init) refers to main.o(.bss) for .bss
    main.o(i.ble_stack_init) refers to main.o(i.ble_evt_dispatch) for ble_evt_dispatch
    main.o(i.ble_stack_init) refers to main.o(i.sys_evt_dispatch) for sys_evt_dispatch
    main.o(i.ble_uart_tx) refers to ble_nus.o(i.ble_nus_string_send) for ble_nus_string_send
    main.o(i.ble_uart_tx) refers to app_trace.o(i.app_get_debug_priority) for app_get_debug_priority
    main.o(i.ble_uart_tx) refers to nrf_log.o(i.log_rtt_printf) for log_rtt_printf
    main.o(i.ble_uart_tx) refers to main.o(.bss) for .bss
    main.o(i.config_imu) refers to app_trace.o(i.app_get_debug_priority) for app_get_debug_priority
    main.o(i.config_imu) refers to nrf_log.o(i.log_rtt_write_string) for log_rtt_write_string
    main.o(i.config_imu) refers to hal_twim.o(i.hal_twim_init) for hal_twim_init
    main.o(i.config_imu) refers to nrf_log.o(i.log_rtt_printf) for log_rtt_printf
    main.o(i.config_imu) refers to data_crunch.o(i.init_motion_analysis) for init_motion_analysis
    main.o(i.config_imu) refers to hal_imu.o(i.imu_init) for imu_init
[...]
    nrf_drv_twi_xfer                         0x0002c9c5   Thumb Code    30  nrf_drv_twi.o(i.nrf_drv_twi_xfer)
    nrf_drv_wdt_channel_alloc                0x0002c9e9   Thumb Code    60  nrf_drv_wdt.o(i.nrf_drv_wdt_channel_alloc)
    nrf_drv_wdt_channel_feed                 0x0002ca2d   Thumb Code    14  nrf_drv_wdt.o(i.nrf_drv_wdt_channel_feed)
    nrf_drv_wdt_enable                       0x0002ca45   Thumb Code    18  nrf_drv_wdt.o(i.nrf_drv_wdt_enable)
    nrf_drv_wdt_init                         0x0002ca61   Thumb Code    58  nrf_drv_wdt.o(i.nrf_drv_wdt_init)
    nrf_saadc_channel_init                   0x0002ccd1   Thumb Code    90  nrf_saadc.o(i.nrf_saadc_channel_init)
    number_fields                            0x0002cd7f   Thumb Code    32  reports.o(i.number_fields)
    parse_msg                                0x0002d289   Thumb Code  3390  comms.o(i.parse_msg)
    power_down_save_records                  0x0002e179   Thumb Code    46  reports.o(i.power_down_save_records)
    pstorage_access_status_get               0x0002e385   Thumb Code    28  pstorage.o(i.pstorage_access_status_get)
    pstorage_block_identifier_get            0x0002e3a9   Thumb Code    70  pstorage.o(i.pstorage_block_identifier_get)
    pstorage_clear                           0x0002e3f9   Thumb Code   138  pstorage.o(i.pstorage_clear)
    pstorage_init                            0x0002e48d   Thumb Code    98  pstorage.o(i.pstorage_init)
    pstorage_load                            0x0002e519   Thumb Code   164  pstorage.o(i.pstorage_load)
    pstorage_register                        0x0002e5e5   Thumb Code   122  pstorage.o(i.pstorage_register)
    pstorage_store                           0x0002e66d   Thumb Code   122  pstorage.o(i.pstorage_store)
    pstorage_sys_event_handler               0x0002e6f1   Thumb Code    66  pstorage.o(i.pstorage_sys_event_handler)
    pstorage_update                          0x0002e739   Thumb Code   122  pstorage.o(i.pstorage_update)
    queue_packet_wrapper                     0x0002e8a9   Thumb Code     4  comms.o(i.queue_packet_wrapper)
    rec_ack_req                              0x0002e8bd   Thumb Code    60  reports.o(i.rec_ack_req)
    record_accel_off                         0x0002e91d   Thumb Code    22  hal_imu.o(i.record_accel_off)
    record_accel_on                          0x0002e939   Thumb Code    16  hal_imu.o(i.record_accel_on)
    record_added                             0x0002e94d   Thumb Code     4  mem_manager.o(i.record_added)
    record_compass_off                       0x0002e951   Thumb Code    34  hal_imu.o(i.record_compass_off)
    record_compass_on                        0x0002e979   Thumb Code    32  hal_imu.o(i.record_compass_on)
    record_gyro_off                          0x0002e99d   Thumb Code    34  hal_imu.o(i.record_gyro_off)
    record_gyro_on                           0x0002e9c5   Thumb Code    32  hal_imu.o(i.record_gyro_on)
    record_removed                           0x0002e9e9   Thumb Code     4  mem_manager.o(i.record_removed)
    records_byte_cnt                         0x0002e9ed   Thumb Code    28  mem_manager.o(i.records_byte_cnt)
    reporter_time_rebase                     0x0002ea0d   Thumb Code   108  reports.o(i.reporter_time_rebase)
    reporter_update_cmplt                    0x0002ea81   Thumb Code    14  mem_manager.o(i.reporter_update_cmplt)
    sampling_rate_fit                        0x0002ec05   Thumb Code    62  reports.o(i.sampling_rate_fit)
    save_buffered_recs                       0x0002ec45   Thumb Code   116  mem_manager.o(i.save_buffered_recs)
    save_fields                              0x0002ecf5   Thumb Code   142  reports.o(i.save_fields)
    sd_check_ram_start                       0x0002ed85   Thumb Code    44  softdevice_handler.o(i.sd_check_ram_start)
    secure_connection                        0x0002f15d   Thumb Code    16  comms.o(i.secure_connection)
    service_calendar_events                  0x0002f171   Thumb Code    92  main.o(i.service_calendar_events)
    service_imu                              0x0002f275   Thumb Code   158  main.o(i.service_imu)
    setStepCnt_1                             0x0002f64d   Thumb Code     6  step_detect_1.o(i.setStepCnt_1)
    setStepCnt_2                             0x0002f659   Thumb Code     6  step_detect_2.o(i.setStepCnt_2)
    set_config_update_flag                   0x0002f665   Thumb Code     8  mem_manager.o(i.set_config_update_flag)
    set_hw_test_request                      0x0002f671   Thumb Code    18  manufacture_test.o(i.set_hw_test_request)
    set_key_ring                             0x0002f689   Thumb Code    58  main.o(i.set_key_ring)
    set_reporter                             0x0002f6d1   Thumb Code  1174  reports.o(i.set_reporter)
    set_unix_time                            0x0002fb6d   Thumb Code     6  main.o(i.set_unix_time)
    ship_mode                                0x0002fb79   Thumb Code    18  mem_manager.o(i.ship_mode)
    softdevice_ble_evt_handler_set           0x0002fbd5   Thumb Code    14  softdevice_handler.o(i.softdevice_ble_evt_handler_set)
    softdevice_enable                        0x0002fbe9   Thumb Code    84  softdevice_handler.o(i.softdevice_enable)
    softdevice_enable_get_default_config     0x0002fce1   Thumb Code    38  softdevice_handler.o(i.softdevice_enable_get_default_config)
    softdevice_fault_handler                 0x0002fd07   Thumb Code     4  softdevice_handler.o(i.softdevice_fault_handler)
    softdevice_handler_init                  0x0002fd0d   Thumb Code    66  softdevice_handler.o(i.softdevice_handler_init)
    softdevice_sys_evt_handler_set           0x0002fd59   Thumb Code    14  softdevice_handler.o(i.softdevice_sys_evt_handler_set)
    spiflash_byte_page_write                 0x0002fdad   Thumb Code   172  spiflash.o(i.spiflash_byte_page_write)
    spiflash_deep_power_down                 0x0002fecd   Thumb Code    96  spiflash.o(i.spiflash_deep_power_down)
    spiflash_erase_4k_block                  0x0002ffa9   Thumb Code   168  spiflash.o(i.spiflash_erase_4k_block)
    spiflash_init                            0x00030139   Thumb Code   308  spiflash.o(i.spiflash_init)
    spiflash_page_erase                      0x00030335   Thumb Code   170  spiflash.o(i.spiflash_page_erase)
    spiflash_read                            0x00030455   Thumb Code   216  spiflash.o(i.spiflash_read)
    spiflash_sector_protection               0x0003065d   Thumb Code    94  spiflash.o(i.spiflash_sector_protection)
    spiflash_wakeup                          0x000306e1   Thumb Code    76  spiflash.o(i.spiflash_wakeup)
    spim_timer_stop                          0x000309bd   Thumb Code    52  hal_spim.o(i.spim_timer_stop)
    start_accel                              0x00030b9d   Thumb Code    82  hal_imu.o(i.start_accel)
    start_compass                            0x00030cb5   Thumb Code    72  hal_imu.o(i.start_compass)
    start_gyro                               0x00030d1d   Thumb Code    78  hal_imu.o(i.start_gyro)
    stepStateMachine_2                       0x00030e55   Thumb Code  1536  step_detect_2.o(i.stepStateMachine_2)
    step_history_1                           0x00031499   Thumb Code     4  step_detect_1.o(i.step_history_1)
    step_history_2                           0x000314a1   Thumb Code     4  step_detect_2.o(i.step_history_2)
    stop_compass                             0x000314a9   Thumb Code    62  hal_imu.o(i.stop_compass)
    stop_gyro                                0x00031505   Thumb Code    62  hal_imu.o(i.stop_gyro)
    stop_imu                                 0x00031561   Thumb Code    60  hal_imu.o(i.stop_imu)
    terminate_connection                     0x000316fd   Thumb Code    42  main.o(i.terminate_connection)
    test_hardware                            0x00031749   Thumb Code    94  manufacture_test.o(i.test_hardware)
    test_imu                                 0x000317c5   Thumb Code    26  hal_imu.o(i.test_imu)
    twi_handler                              0x00031c25   Thumb Code     2  si115x_functions.o(i.twi_handler)
    twim_handler                             0x00031c8d   Thumb Code    68  hal_twim.o(i.twim_handler)
    update_config                            0x000320f5   Thumb Code    68  mem_manager.o(i.update_config)
    wdt_event_handler                        0x00032a51   Thumb Code    18  main.o(i.wdt_event_handler)
    m_service_context_store                  0x00032dbc   Data          16  vsp_device_manager_peripheral.o(.constdata)
    m_service_context_load                   0x00032dcc   Data          16  vsp_device_manager_peripheral.o(.constdata)
    m_service_context_apply                  0x00032ddc   Data          16  vsp_device_manager_peripheral.o(.constdata)
    lsm6ds3_read                             0x00032e60   Data           4  lsm6ds3_i2c.o(.constdata)
    lsm6ds3_write                            0x00032e64   Data           4  lsm6ds3_i2c.o(.constdata)
    arccos                                   0x00032f30   Data         256  data_crunch.o(.constdata)
    smallangle_arccos                        0x00033030   Data          64  data_crunch.o(.constdata)
    spiflash_info_table                      0x000330c8   Data         168  spiflash.o(.constdata)
    s_bat_unknown                            0x000331b8   Data           2  battery.o(.constdata)
    s_bat_low                                0x000331c8   Data           4  battery.o(.constdata)
    s_bat_mon_fail                           0x000331cc   Data           7  battery.o(.constdata)
    s_bat_charged                            0x000331d3   Data           8  battery.o(.constdata)
    s_bat_discharging                        0x000331e4   Data          12  battery.o(.constdata)
    s_bat_charging                           0x000331f0   Data           9  battery.o(.constdata)
    battery_lut                              0x000331fa   Data         204  battery.o(.constdata)
    Region$$Table$$Base                      0x00033ac8   Number         0  anon$$obj.o(Region$$Table)
    Region$$Table$$Limit                     0x00033ae8   Number         0  anon$$obj.o(Region$$Table)
    Image$$RW_IRAM1$$Base                    0x20001fe8   Number         0  anon$$obj.o ABSOLUTE
    erase_records_flag                       0x20001fe9   Data           1  main.o(.data)
    gu_battery_state                         0x20001fea   Data           1  main.o(.data)
    gu_prev_battery_state                    0x20001feb   Data           1  main.o(.data)
    gu_battery_level                         0x20001fec   Data           1  main.o(.data)
    tx_pay_len                               0x20001fef   Data           1  main.o(.data)
    hrm_step                                 0x20001ff0   Data           1  main.o(.data)
    gs_bdebug                                0x20001ff1   Data           1  main.o(.data)
    device_index_ring                        0x20001ff4   Data           1  main.o(.data)
    key_ring_index                           0x20001ff5   Data           1  main.o(.data)
    tx_type                                  0x20001ff6   Data           1  main.o(.data)
    m_wdt_channel_id                         0x20001ff7   Data           1  main.o(.data)
    accel_x                                  0x20001ffc   Data           2  main.o(.data)
    accel_z                                  0x20001ffe   Data           2  main.o(.data)
    key_ring                                 0x20002014   Data           7  main.o(.data)
    fw_rev                                   0x20002038   Data           4  main.o(.data)
    accel_y                                  0x2000203c   Data           2  main.o(.data)
    uart_rx_ubyte                            0x2000203e   Data           1  main.o(.data)
    new_connection                           0x20002040   Data           1  comms.o(.data)
    record_queue_en                          0x20002041   Data           1  comms.o(.data)
    remote_trace_en                          0x20002042   Data           1  comms.o(.data)
    connected_and_bonded                     0x20002045   Data           1  comms.o(.data)
    rec_ack                                  0x20002054   Data           8  comms.o(.data)
    test                                     0x20002066   Data           4  manufacture_test.o(.data)
    reg                                      0x2000206c   Data           2  si115x_functions.o(.data)
    delay                                    0x20002070   Data           4  si115x_functions.o(.data)
    save_gyro_data                           0x20002198   Data           4  lsm6ds3.o(.data)
    save_accel_data                          0x2000219c   Data           4  lsm6ds3.o(.data)
    save_extern_data                         0x200021a0   Data           4  lsm6ds3.o(.data)
    save_steps_data                          0x200021a4   Data           4  lsm6ds3.o(.data)
    imu_debug                                0x200021c4   Data           1  hal_imu.o(.data)
    accel_buf                                0x20002204   Data        1032  hal_imu.o(.data)
    gyro_buf                                 0x2000260c   Data        1032  hal_imu.o(.data)
    magnet_buf                               0x20002a14   Data        1032  hal_imu.o(.data)
    a_tail                                   0x20002e3c   Data           2  data_crunch.o(.data)
    g_tail                                   0x20002e3e   Data           2  data_crunch.o(.data)
    m_tail                                   0x20002e40   Data           2  data_crunch.o(.data)
    scalar                                   0x20002e50   Data           8  data_crunch.o(.data)
    xfer_complete_cb                         0x20002eb4   Data           4  hal_spim.o(.data)
    cs                                       0x20002ebc   Data           8  hal_spim.o(.data)
    spim_config                              0x20002ec4   Data          16  hal_spim.o(.data)
    copy_security_key                        0x20002ef6   Data           6  mem_manager.o(.data)
    spiread                                  0x20002f24   Data           4  ext_flash.o(.data)
    monitor_en                               0x20002f38   Data           1  battery.o(.data)
    bq25120_response                         0x20002f3a   Data           1  battery.o(.data)
    SystemCoreClock                          0x20002f60   Data           4  system_nrf52.o(.data)
    __microlib_freelist                      0x20002f64   Data           4  mvars.o(.data)
    __microlib_freelist_initialised          0x20002f68   Data           4  mvars.o(.data)
    dis_str                                  0x200033e0   Data          48  main.o(.bss)
    tx_payload                               0x20003410   Data          20  main.o(.bss)
    packet                                   0x20003424   Data        1472  comms.o(.bss)
    nrf_nvic_state                           0x20003dbc   Data          12  softdevice_handler.o(.bss)
    g_config                                 0x20003f2c   Data         189  mem_manager.o(.bss)
    _SEGGER_RTT                              0x20004000   Data         120  segger_rtt.o(.ARM.__AT_0x20004000)
    Motion                                   0x200055d0   Data        1288  data_crunch.o(.bss)
    mStats                                   0x20005ad8   Data          76  data_crunch.o(.bss)
    rot_factor                               0x20005b24   Data          36  data_crunch.o(.bss)
    __heap_base                              0x20007a98   Data           0  arm_startup_nrf52.o(HEAP)
    __heap_limit                             0x20009a98   Data           0  arm_startup_nrf52.o(HEAP)
    __initial_sp                             0x2000ba98   Data           0  arm_startup_nrf52.o(STACK)



==============================================================================

Memory Map of the image

  Image Entry point : 0x0001c201

  Load Region LR_IROM1 (Base: 0x0001c000, Size: 0x00018a70, Max: 0x00064000, ABSOLUTE, COMPRESSED[0x00017b88])

    Execution Region ER_IROM1 (Base: 0x0001c000, Size: 0x00017ae8, Max: 0x00064000, ABSOLUTE)

    Base Addr    Size         Type   Attr      Idx    E Section Name        Object

    0x0001c000   0x00000200   Data   RO         6333    RESET               arm_startup_nrf52.o
    0x0001c200   0x00000000   Code   RO         6415  * .ARM.Collect$$$$00000000  mc_w.l(entry.o)
    0x0001c200   0x00000004   Code   RO         6780    .ARM.Collect$$$$00000001  mc_w.l(entry2.o)
    0x0001c204   0x00000004   Code   RO         6783    .ARM.Collect$$$$00000004  mc_w.l(entry5.o)
    0x0001c208   0x00000000   Code   RO         6785    .ARM.Collect$$$$00000008  mc_w.l(entry7b.o)
    0x0001c208   0x00000000   Code   RO         6787    .ARM.Collect$$$$0000000A  mc_w.l(entry8b.o)
    0x0001c208   0x00000008   Code   RO         6788    .ARM.Collect$$$$0000000B  mc_w.l(entry9a.o)
    0x0001c210   0x00000000   Code   RO         6790    .ARM.Collect$$$$0000000D  mc_w.l(entry10a.o)
    0x0001c210   0x00000000   Code   RO         6792    .ARM.Collect$$$$0000000F  mc_w.l(entry11a.o)
    0x0001c210   0x00000004   Code   RO         6781    .ARM.Collect$$$$00002712  mc_w.l(entry2.o)
    0x0001c214   0x00000076   Code   RO            4    .emb_text           main.o
    0x0001c28a   0x00000002   PAD
    0x0001c28c   0x00000076   Code   RO          791    .emb_text           si115x_functions.o
    0x0001c302   0x00000002   PAD
    0x0001c304   0x00000076   Code   RO         1716    .emb_text           nrf_delay.o
    0x0001c37a   0x00000002   PAD
    0x0001c37c   0x00000076   Code   RO         1993    .emb_text           nrf_drv_twi.o
    0x0001c3f2   0x00000002   PAD
    0x0001c3f4   0x00000076   Code   RO         3605    .emb_text           app_timer.o
    0x0001c46a   0x00000002   PAD
    0x0001c46c   0x00000076   Code   RO         4205    .emb_text           lsm6ds3.o
    0x0001c4e2   0x00000002   PAD
    0x0001c4e4   0x00000076   Code   RO         5283    .emb_text           spiflash.o
    0x0001c55a   0x00000002   PAD
    0x0001c55c   0x00000076   Code   RO         6066    .emb_text           battery.o
    0x0001c5d2   0x00000002   PAD
    0x0001c5d4   0x00000076   Code   RO         6245    .emb_text           bq25120.o
    0x0001c64a   0x00000002   PAD
    0x0001c64c   0x00000024   Code   RO         6334    .text               arm_startup_nrf52.o
    0x0001c670   0x00000062   Code   RO         6423    .text               mc_w.l(ldiv.o)
    0x0001c6d2   0x00000024   Code   RO         6425    .text               mc_w.l(memcpya.o)
    0x0001c6f6   0x00000024   Code   RO         6427    .text               mc_w.l(memseta.o)
    0x0001c71a   0x0000000e   Code   RO         6429    .text               mc_w.l(strlen.o)
    0x0001c728   0x0000001a   Code   RO         6433    .text               mc_w.l(memcmp.o)
    0x0001c742   0x00000012   Code   RO         6435    .text               mc_w.l(strcpy.o)
    0x0001c754   0x0000014e   Code   RO         6728    .text               mf_w.l(dadd.o)
    0x0001c8a2   0x000000e4   Code   RO         6730    .text               mf_w.l(dmul.o)
    0x0001c986   0x000000de   Code   RO         6732    .text               mf_w.l(ddiv.o)
    0x0001ca64   0x0000001a   Code   RO         6734    .text               mf_w.l(dfltui.o)
    0x0001ca7e   0x0000003e   Code   RO         6736    .text               mf_w.l(dfixi.o)
    0x0001cabc   0x00000032   Code   RO         6738    .text               mf_w.l(dfixui.o)
    0x0001caee   0x0000004a   Code   RO         6740    .text               mf_w.l(dfixl.o)
    0x0001cb38   0x00000026   Code   RO         6742    .text               mf_w.l(f2d.o)
    0x0001cb5e   0x00000062   Code   RO         6797    .text               mc_w.l(uldiv.o)
    0x0001cbc0   0x0000001e   Code   RO         6799    .text               mc_w.l(llshl.o)
    0x0001cbde   0x00000020   Code   RO         6801    .text               mc_w.l(llushr.o)
    0x0001cbfe   0x00000024   Code   RO         6803    .text               mc_w.l(llsshr.o)
    0x0001cc22   0x00000000   Code   RO         6814    .text               mc_w.l(iusefp.o)
    0x0001cc22   0x000000ba   Code   RO         6818    .text               mf_w.l(depilogue.o)
    0x0001ccdc   0x00000024   Code   RO         6836    .text               mc_w.l(init.o)
    0x0001cd00   0x00000022   Code   RO         6838    .text               mf_w.l(dflti.o)
    0x0001cd22   0x00000056   Code   RO         6848    .text               mc_w.l(__dczerorl2.o)
    0x0001cd78   0x00000148   Code   RO         1791    i.GPIOTE_IRQHandler  nrf_drv_gpiote.o
    0x0001cec0   0x00000038   Code   RO            5    i.HardFault_Handler  main.o
    0x0001cef8   0x00000024   Code   RO         3606    i.RTC1_IRQHandler   app_timer.o
    0x0001cf1c   0x0000016c   Code   RO         2537    i.SAADC_IRQHandler  nrf_drv_saadc.o
    0x0001d088   0x00000050   Code   RO         3347    i.SEGGER_RTT_ConfigDownBuffer  segger_rtt.o
    0x0001d0d8   0x00000050   Code   RO         3348    i.SEGGER_RTT_ConfigUpBuffer  segger_rtt.o
    0x0001d128   0x00000078   Code   RO         3359    i.SEGGER_RTT_UpBuffer_Retrieve  segger_rtt.o
    0x0001d1a0   0x00000024   Code   RO         3361    i.SEGGER_RTT_Write  segger_rtt.o
    0x0001d1c4   0x0000005c   Code   RO         3362    i.SEGGER_RTT_WriteNoLock  segger_rtt.o
    0x0001d220   0x0000001a   Code   RO         3364    i.SEGGER_RTT_WriteString  segger_rtt.o
    0x0001d23a   0x00000196   Code   RO         3311    i.SEGGER_RTT_vprintf  segger_rtt_printf.o
    0x0001d3d0   0x00000014   Code   RO         5284    i.SPIFLASH_KEY_MATCH  spiflash.o
    0x0001d3e4   0x00000078   Code   RO         5285    i.SPIFLASH_LOCK     spiflash.o
    0x0001d45c   0x0000004c   Code   RO         5286    i.SPIFLASH_RELEASE  spiflash.o
    0x0001d4a8   0x00000010   Code   RO         1994    i.SPIM0_SPIS0_TWIM0_TWIS0_SPI0_TWI0_IRQHandler  nrf_drv_twi.o
    0x0001d4b8   0x00000010   Code   RO         3096    i.SPIM1_SPIS1_TWIM1_TWIS1_SPI1_TWI1_IRQHandler  nrf_drv_spi.o
    0x0001d4c8   0x00000004   Code   RO         3607    i.SWI0_EGU0_IRQHandler  app_timer.o
    0x0001d4cc   0x00000024   Code   RO         4041    i.SWI2_EGU2_IRQHandler  softdevice_handler.o
    0x0001d4f0   0x0000002a   Code   RO          795    i.SetIRLEDAnode     si115x_functions.o
    0x0001d51a   0x0000008a   Code   RO          798    i.Si1153_Init       si115x_functions.o
    0x0001d5a4   0x00000030   Code   RO          799    i.Si1153_twi_init   si115x_functions.o
    0x0001d5d4   0x00000090   Code   RO          806    i.Si115xParamSet    si115x_functions.o
    0x0001d664   0x00000050   Code   RO          808    i.Si115xReadFromRegister  si115x_functions.o
    0x0001d6b4   0x00000028   Code   RO          809    i.Si115xReset       si115x_functions.o
    0x0001d6dc   0x00000034   Code   RO          811    i.Si115xWriteToRegister  si115x_functions.o
    0x0001d710   0x000002e0   Code   RO         6342    i.SystemInit        system_nrf52.o
    0x0001d9f0   0x00000004   Code   RO         2130    i.UARTE0_UART0_IRQHandler  nrf_drv_uart.o
    0x0001d9f4   0x00000028   Code   RO         2936    i.WDT_IRQHandler    nrf_drv_wdt.o
    0x0001da1c   0x0000006c   Code   RO         3365    i._DoInit           segger_rtt.o
    0x0001da88   0x00000016   Code   RO         3366    i._GetAvailWriteSpace  segger_rtt.o
    0x0001da9e   0x00000002   PAD
    0x0001daa0   0x000000c6   Code   RO         3312    i._PrintInt         segger_rtt_printf.o
    0x0001db66   0x00000002   PAD
    0x0001db68   0x000000d4   Code   RO         3313    i._PrintUnsigned    segger_rtt_printf.o
    0x0001dc3c   0x0000003e   Code   RO         3314    i._StoreChar        segger_rtt_printf.o
    0x0001dc7a   0x0000005a   Code   RO         3368    i._WriteBlocking    segger_rtt.o
    0x0001dcd4   0x0000003e   Code   RO         3369    i._WriteNoCheck     segger_rtt.o
    0x0001dd12   0x00000002   PAD
    0x0001dd14   0x00000028   Code   RO         6648    i.__0sprintf$8      mc_w.l(printf8.o)
    0x0001dd3c   0x00000030   Code   RO         6832    i.__ARM_fpclassify  m_wm.l(fpclassify.o)
    0x0001dd6c   0x0000001a   Code   RO         3608    i.__NVIC_ClearPendingIRQ  app_timer.o
    0x0001dd86   0x0000001a   Code   RO         3609    i.__NVIC_EnableIRQ  app_timer.o
    0x0001dda0   0x0000001a   Code   RO         3610    i.__NVIC_SetPendingIRQ  app_timer.o
    0x0001ddba   0x00000020   Code   RO         3611    i.__NVIC_SetPriority  app_timer.o
    0x0001ddda   0x00000002   PAD
    0x0001dddc   0x00000024   Code   RO            6    i.__NVIC_SystemReset  main.o
    0x0001de00   0x00000024   Code   RO         6343    i.__NVIC_SystemReset  system_nrf52.o
    0x0001de24   0x00000004   PAD
    0x0001de28   0x000000c8   Code   RO         6379    i.__hardfp_cos      m_wm.l(cos.o)
    0x0001def0   0x000000c8   Code   RO         6391    i.__hardfp_sin      m_wm.l(sin.o)
    0x0001dfb8   0x00000080   Code   RO         6403    i.__hardfp_tan      m_wm.l(tan.o)
    0x0001e038   0x00000438   Code   RO         6763    i.__ieee754_rem_pio2  m_wm.l(rred.o)
    0x0001e470   0x00000170   Code   RO         6746    i.__kernel_cos      m_wm.l(cos_i.o)
    0x0001e5e0   0x000000f8   Code   RO         6834    i.__kernel_poly     m_wm.l(poly.o)
    0x0001e6d8   0x00000130   Code   RO         6768    i.__kernel_sin      m_wm.l(sin_i.o)
    0x0001e808   0x00000350   Code   RO         6774    i.__kernel_tan      m_wm.l(tan_i.o)
    0x0001eb58   0x00000014   Code   RO         6750    i.__mathlib_dbl_infnan  m_wm.l(dunder.o)
    0x0001eb6c   0x00000004   PAD
    0x0001eb70   0x00000020   Code   RO         6752    i.__mathlib_dbl_invalid  m_wm.l(dunder.o)
    0x0001eb90   0x00000020   Code   RO         6755    i.__mathlib_dbl_underflow  m_wm.l(dunder.o)
    0x0001ebb0   0x0000000e   Code   RO         6842    i.__scatterload_copy  mc_w.l(handlers.o)
    0x0001ebbe   0x00000002   Code   RO         6843    i.__scatterload_null  mc_w.l(handlers.o)
    0x0001ebc0   0x0000000e   Code   RO         6844    i.__scatterload_zeroinit  mc_w.l(handlers.o)
    0x0001ebce   0x00000002   PAD
    0x0001ebd0   0x0000000c   Code   RO         6809    i.__set_errno       mc_w.l(errno.o)
    0x0001ebdc   0x00000410   Code   RO         6653    i._printf_core      mc_w.l(printf8.o)
    0x0001efec   0x00000024   Code   RO         6654    i._printf_post_padding  mc_w.l(printf8.o)
    0x0001f010   0x0000002e   Code   RO         6655    i._printf_pre_padding  mc_w.l(printf8.o)
    0x0001f03e   0x0000000a   Code   RO         6657    i._sputc            mc_w.l(printf8.o)
    0x0001f048   0x00000022   Code   RO          813    i._waitUntilSleep   si115x_functions.o
    0x0001f06a   0x00000002   PAD
    0x0001f06c   0x0000000c   Code   RO         4206    i.accel_save_init   lsm6ds3.o
    0x0001f078   0x00000138   Code   RO         5038    i.accum_3axis_data  reports.o
    0x0001f1b0   0x0000010c   Code   RO         5039    i.accum_step_per_time  reports.o
    0x0001f2bc   0x0000006c   Code   RO         4447    i.add_accel_buffer  hal_imu.o
    0x0001f328   0x00000044   Code   RO         4448    i.add_gyro_buffer   hal_imu.o
    0x0001f36c   0x00000114   Code   RO         5507    i.add_record        mem_manager.o
    0x0001f480   0x00000202   Code   RO          965    i.adv_data_encode   ble_advdata.o
    0x0001f682   0x00000002   PAD
    0x0001f684   0x00000074   Code   RO            7    i.advertising_init  main.o
    0x0001f6f8   0x0000003c   Code   RO            8    i.advertising_stop  main.o
    0x0001f734   0x00000034   Code   RO            9    i.app_error_fault_handler  main.o
    0x0001f768   0x00000016   Code   RO         3496    i.app_error_handler_bare  app_error.o
    0x0001f77e   0x00000002   PAD
    0x0001f780   0x0000005c   Code   RO         1427    i.app_evt_notify    vsp_device_manager_peripheral.o
    0x0001f7dc   0x0000000c   Code   RO         3804    i.app_get_debug_priority  app_trace.o
    0x0001f7e8   0x00000014   Code   RO         3772    i.app_set_min_debug_priority  app_trace.o
    0x0001f7fc   0x00000024   Code   RO         3614    i.app_timer_create  app_timer.o
    0x0001f820   0x00000090   Code   RO         3615    i.app_timer_init    app_timer.o
    0x0001f8b0   0x0000001c   Code   RO         3616    i.app_timer_is_valid  app_timer.o
    0x0001f8cc   0x00000080   Code   RO         3617    i.app_timer_start   app_timer.o
    0x0001f94c   0x00000050   Code   RO         3618    i.app_timer_stop    app_timer.o
    0x0001f99c   0x0000004c   Code   RO         3773    i.app_trace_dump    app_trace.o
    0x0001f9e8   0x00000004   Code   RO         3774    i.app_trace_init    app_trace.o
    0x0001f9ec   0x00000048   Code   RO         3922    i.app_util_critical_region_enter  app_util_platform.o
    0x0001fa34   0x00000034   Code   RO         3923    i.app_util_critical_region_exit  app_util_platform.o
    0x0001fa68   0x00000014   Code   RO         2681    i.are_app_channels  nrf_drv_ppi.o
    0x0001fa7c   0x00000270   Code   RO         5040    i.ave_accel_data    reports.o
    0x0001fcec   0x00000040   Code   RO         6067    i.battery_adc_callback  battery.o
    0x0001fd2c   0x0000000c   Code   RO         6068    i.battery_chr_present  battery.o
    0x0001fd38   0x0000000c   Code   RO         6069    i.battery_enable_charging  battery.o
    0x0001fd44   0x0000000c   Code   RO         6071    i.battery_get_level  battery.o
    0x0001fd50   0x0000000c   Code   RO         6072    i.battery_get_voltage  battery.o
    0x0001fd5c   0x00000188   Code   RO         6073    i.battery_init      battery.o
    0x0001fee4   0x0000000c   Code   RO         6074    i.battery_isdav     battery.o
    0x0001fef0   0x0000001c   Code   RO         6075    i.battery_level_change  battery.o
    0x0001ff0c   0x0000010a   Code   RO         1363    i.battery_level_char_add  ble_vsp_bas.o
    0x00020016   0x00000002   PAD
    0x00020018   0x00000010   Code   RO         6076    i.battery_measurement_timer_handler  battery.o
    0x00020028   0x00000030   Code   RO         6078    i.battery_monitor_start  battery.o
    0x00020058   0x00000038   Code   RO         6079    i.battery_monitor_stop  battery.o
    0x00020090   0x0000007c   Code   RO         6080    i.battery_reading_sm  battery.o
    0x0002010c   0x0000001c   Code   RO         6081    i.battery_report    battery.o
    0x00020128   0x00000224   Code   RO         6082    i.battery_self_test  battery.o
    0x0002034c   0x00000044   Code   RO         6083    i.battery_shutoff   battery.o
    0x00020390   0x00000006   Code   RO         6084    i.battery_sm_timer_handler  battery.o
    0x00020396   0x00000136   Code   RO         1364    i.battery_state_char_add  ble_vsp_bas.o
    0x000204cc   0x00000300   Code   RO         6085    i.battery_update_status  battery.o
    0x000207cc   0x00000068   Code   RO          966    i.ble_advdata_set   ble_advdata.o
    0x00020834   0x0000011c   Code   RO         1056    i.ble_advertising_init  ble_advertising.o
    0x00020950   0x00000010   Code   RO         1060    i.ble_advertising_peer_address_clear  ble_advertising.o
    0x00020960   0x0000040c   Code   RO         1062    i.ble_advertising_start  ble_advertising.o
    0x00020d6c   0x00000070   Code   RO         1365    i.ble_bas_battery_level_update  ble_vsp_bas.o
    0x00020ddc   0x00000070   Code   RO         1366    i.ble_bas_battery_state_update  ble_vsp_bas.o
    0x00020e4c   0x0000004e   Code   RO         1367    i.ble_bas_init      ble_vsp_bas.o
    0x00020e9a   0x0000001e   Code   RO         1368    i.ble_bas_on_ble_evt  ble_vsp_bas.o
    0x00020eb8   0x00000094   Code   RO           11    i.ble_bas_update    main.o
    0x00020f4c   0x00000058   Code   RO         1151    i.ble_conn_params_init  ble_conn_params.o
    0x00020fa4   0x00000084   Code   RO         1152    i.ble_conn_params_on_ble_evt  ble_conn_params.o
    0x00021028   0x0000005e   Code   RO          967    i.ble_device_addr_encode  ble_advdata.o
    0x00021086   0x00000002   PAD
    0x00021088   0x0000012c   Code   RO         1319    i.ble_dis_init      ble_dis.o
    0x000211b4   0x00000068   Code   RO           12    i.ble_evt_dispatch  main.o
    0x0002121c   0x00000064   Code   RO         1225    i.ble_nus_init      ble_nus.o
    0x00021280   0x0000009c   Code   RO         1226    i.ble_nus_on_ble_evt  ble_nus.o
    0x0002131c   0x0000004e   Code   RO         1227    i.ble_nus_string_send  ble_nus.o
    0x0002136a   0x00000002   PAD
    0x0002136c   0x000002a4   Code   RO          593    i.ble_send_nus_data  comms.o
    0x00021610   0x00000012   Code   RO         1272    i.ble_srv_ascii_to_utf8  ble_srv_common.o
    0x00021622   0x0000000c   Code   RO         1273    i.ble_srv_report_ref_encode  ble_srv_common.o
    0x0002162e   0x00000002   PAD
    0x00021630   0x00000078   Code   RO           13    i.ble_stack_init    main.o
    0x000216a8   0x000000b0   Code   RO          594    i.ble_transfer_packets  comms.o
    0x00021758   0x0000000a   Code   RO          595    i.ble_transfer_packets_wrapper  comms.o
    0x00021762   0x00000002   PAD
    0x00021764   0x0000004c   Code   RO           14    i.ble_uart_tx       main.o
    0x000217b0   0x00000168   Code   RO         1428    i.bond_data_load    vsp_device_manager_peripheral.o
    0x00021918   0x0000008e   Code   RO         6246    i.bq2510_reg_defaults  bq25120.o
    0x000219a6   0x00000002   PAD
    0x000219a8   0x0000001c   Code   RO         6247    i.bq25120_charge_disable  bq25120.o
    0x000219c4   0x0000000c   Code   RO         6248    i.bq25120_charger_connected  bq25120.o
    0x000219d0   0x00000028   Code   RO         6249    i.bq25120_en_shipmode  bq25120.o
    0x000219f8   0x00000018   Code   RO         6250    i.bq25120_i2c_idle  bq25120.o
    0x00021a10   0x00000060   Code   RO         6251    i.bq25120_i2c_read  bq25120.o
    0x00021a70   0x00000024   Code   RO         6252    i.bq25120_i2c_wakeup  bq25120.o
    0x00021a94   0x00000158   Code   RO         6253    i.bq25120_init      bq25120.o
    0x00021bec   0x000003a8   Code   RO         6254    i.bq25120_read_status  bq25120.o
    0x00021f94   0x000000c8   Code   RO         6255    i.bq25120_write_data_with_mask  bq25120.o
    0x0002205c   0x000000b4   Code   RO         5041    i.buffer_record     reports.o
    0x00022110   0x000002e0   Code   RO         4784    i.calc_linear_accel  data_crunch.o
    0x000223f0   0x00000068   Code   RO         5671    i.calc_log_len      hal_nvm.o
    0x00022458   0x0000001e   Code   RO         4785    i.calc_magnitude    data_crunch.o
    0x00022476   0x00000002   PAD
    0x00022478   0x00000188   Code   RO         4786    i.calc_rotation_coeffecients  data_crunch.o
    0x00022600   0x0000001c   Code   RO         1792    i.channel_free      nrf_drv_gpiote.o
    0x0002261c   0x00000048   Code   RO         1793    i.channel_port_alloc  nrf_drv_gpiote.o
    0x00022664   0x00000010   Code   RO         1794    i.channel_port_get  nrf_drv_gpiote.o
    0x00022674   0x000000a0   Code   RO         1320    i.char_add          ble_dis.o
    0x00022714   0x00000370   Code   RO         5042    i.check_reporters   reports.o
    0x00022a84   0x00000024   Code   RO         4788    i.check_sample_rate  data_crunch.o
    0x00022aa8   0x0000004c   Code   RO         5287    i.check_timer_cb    spiflash.o
    0x00022af4   0x000000a0   Code   RO         2305    i.clear_operation_execute  pstorage.o
    0x00022b94   0x00000024   Code   RO         2306    i.clear_post_processing_run  pstorage.o
    0x00022bb8   0x00000034   Code   RO         2307    i.cmd_process       pstorage.o
    0x00022bec   0x00000020   Code   RO         2308    i.cmd_queue_element_init  pstorage.o
    0x00022c0c   0x00000054   Code   RO         2309    i.cmd_queue_enqueue  pstorage.o
    0x00022c60   0x00000004   Code   RO         4450    i.collect_imu_data  hal_imu.o
    0x00022c64   0x00000044   Code   RO         2310    i.command_end_procedure_run  pstorage.o
    0x00022ca8   0x0000005c   Code   RO         2311    i.command_queue_element_consume  pstorage.o
    0x00022d04   0x000000ac   Code   RO         3620    i.compare_reg_update  app_timer.o
    0x00022db0   0x00000164   Code   RO           15    i.config_imu        main.o
    0x00022f14   0x000001a8   Code   RO         5508    i.config_sanity_check  mem_manager.o
    0x000230bc   0x00000088   Code   RO          968    i.conn_int_encode   ble_advdata.o
    0x00023144   0x00000004   Code   RO           16    i.conn_params_error_handler  main.o
    0x00023148   0x0000005c   Code   RO         1154    i.conn_params_negotiation  ble_conn_params.o
    0x000231a4   0x000000d4   Code   RO         1429    i.connection_instance_allocate  vsp_device_manager_peripheral.o
    0x00023278   0x0000002c   Code   RO         1430    i.connection_instance_find  vsp_device_manager_peripheral.o
    0x000232a4   0x0000005c   Code   RO         1431    i.connection_instance_init  vsp_device_manager_peripheral.o
    0x00023300   0x00000004   Code   RO         5672    i.copy_nvm          hal_nvm.o
    0x00023304   0x0000008c   Code   RO         4789    i.cyclic_motion_monitor  data_crunch.o
    0x00023390   0x00000020   Code   RO         5509    i.data_log_empty    mem_manager.o
    0x000233b0   0x00000054   Code   RO         2312    i.data_page_erase_state_run  pstorage.o
    0x00023404   0x00000020   Code   RO         2313    i.data_to_swap_write_state_run  pstorage.o
    0x00023424   0x00000098   Code   RO         5043    i.dec_report_length  reports.o
    0x000234bc   0x0000006c   Code   RO           17    i.delete_all_bonds  main.o
    0x00023528   0x00000012   Code   RO         5510    i.delete_tail_block  mem_manager.o
    0x0002353a   0x00000002   PAD
    0x0002353c   0x00000030   Code   RO          596    i.detach_handler    comms.o
    0x0002356c   0x000002d4   Code   RO         1432    i.device_context_store  vsp_device_manager_peripheral.o
    0x00023840   0x000001b8   Code   RO         1433    i.device_instance_allocate  vsp_device_manager_peripheral.o
    0x000239f8   0x000001b4   Code   RO         1434    i.device_instance_find  vsp_device_manager_peripheral.o
    0x00023bac   0x00000068   Code   RO         1435    i.device_instance_free  vsp_device_manager_peripheral.o
    0x00023c14   0x0000005c   Code   RO           19    i.device_manager_evt_handler  main.o
    0x00023c70   0x0000006c   Code   RO           20    i.device_manager_init  main.o
    0x00023cdc   0x000000ac   Code   RO           21    i.dfu_control_data_handler  main.o
    0x00023d88   0x000008e8   Code   RO         1440    i.dm_ble_evt_handler  vsp_device_manager_peripheral.o
    0x00024670   0x000000b8   Code   RO         1443    i.dm_device_delete_all  vsp_device_manager_peripheral.o
    0x00024728   0x00000016   Code   RO         1446    i.dm_handle_initialize  vsp_device_manager_peripheral.o
    0x0002473e   0x00000002   PAD
    0x00024740   0x0000032c   Code   RO         1447    i.dm_init           vsp_device_manager_peripheral.o
    0x00024a6c   0x000002bc   Code   RO         1450    i.dm_pstorage_cb_handler  vsp_device_manager_peripheral.o
    0x00024d28   0x000000f8   Code   RO         1451    i.dm_register       vsp_device_manager_peripheral.o
    0x00024e20   0x00000040   Code   RO         3621    i.elapsed_ticks_acquire  app_timer.o
    0x00024e60   0x00000034   Code   RO         4451    i.enable_motion_wakeup  hal_imu.o
    0x00024e94   0x000005c4   Code   RO         5044    i.enable_reporters  reports.o
    0x00025458   0x00000034   Code   RO         5045    i.erase_reporter_config  reports.o
    0x0002548c   0x00000330   Code   RO         5288    i.erase_sm          spiflash.o
    0x000257bc   0x000000f8   Code   RO         5880    i.ext_clear_log_block  ext_flash.o
    0x000258b4   0x000000f4   Code   RO         5881    i.ext_clear_log_page  ext_flash.o
    0x000259a8   0x0000008c   Code   RO         5882    i.ext_config_update  ext_flash.o
    0x00025a34   0x000001ac   Code   RO         5883    i.ext_copy_log      ext_flash.o
    0x00025be0   0x00000154   Code   RO         5885    i.ext_store_log     ext_flash.o
    0x00025d34   0x00000018   Code   RO         6828    i.fabs              m_wm.l(fabs.o)
    0x00025d4c   0x00000020   Code   RO         4790    i.fast_sqrt         data_crunch.o
    0x00025d6c   0x0000004c   Code   RO          721    i.flag_hw_init_error  manufacture_test.o
    0x00025db8   0x00000054   Code   RO          597    i.flag_new_comms    comms.o
    0x00025e0c   0x00000080   Code   RO         5046    i.flag_raw_data_sync  reports.o
    0x00025e8c   0x000000b4   Code   RO         1064    i.flash_access_in_progress  ble_advertising.o
    0x00025f40   0x00000070   Code   RO         2314    i.flash_api_err_code_process  pstorage.o
    0x00025fb0   0x00000088   Code   RO         2315    i.flash_operation_success_run  pstorage.o
    0x00026038   0x00000006   Code   RO         2316    i.flash_page_erase  pstorage.o
    0x0002603e   0x00000006   Code   RO         2317    i.flash_write       pstorage.o
    0x00026044   0x00000014   Code   RO          598    i.flush_queue       comms.o
    0x00026058   0x00000008   Code   RO         5511    i.force_word_aligned  mem_manager.o
    0x00026060   0x00000140   Code   RO           22    i.form_version_strings  main.o
    0x000261a0   0x00000050   Code   RO         6700    i.free              mc_w.l(malloc.o)
    0x000261f0   0x00000014   Code   RO         3005    i.fs_queued_op_count_get  fstorage.o
    0x00026204   0x00000094   Code   RO           23    i.gap_params_init   main.o
    0x00026298   0x00000038   Code   RO         1458    i.gattc_context_apply  vsp_device_manager_peripheral.o
    0x000262d0   0x00000038   Code   RO         1459    i.gattc_context_load  vsp_device_manager_peripheral.o
    0x00026308   0x00000038   Code   RO         1460    i.gattc_context_store  vsp_device_manager_peripheral.o
    0x00026340   0x000001e4   Code   RO         1461    i.gatts_context_apply  vsp_device_manager_peripheral.o
    0x00026524   0x00000148   Code   RO         1462    i.gatts_context_load  vsp_device_manager_peripheral.o
    0x0002666c   0x000003ac   Code   RO         1463    i.gatts_context_store  vsp_device_manager_peripheral.o
    0x00026a18   0x0000004c   Code   RO         1464    i.gattsc_context_apply  vsp_device_manager_peripheral.o
    0x00026a64   0x000000bc   Code   RO         1465    i.gattsc_context_load  vsp_device_manager_peripheral.o
    0x00026b20   0x000000cc   Code   RO         1466    i.gattsc_context_store  vsp_device_manager_peripheral.o
    0x00026bec   0x0000000c   Code   RO          269    i.getSystemTimeMs   main.o
    0x00026bf8   0x0000000e   Code   RO         4452    i.get_accel_en      hal_imu.o
    0x00026c06   0x0000000a   Code   RO         4453    i.get_accel_fsr     hal_imu.o
    0x00026c10   0x00000004   Code   RO         4454    i.get_accel_sample_rate  hal_imu.o
    0x00026c14   0x00000004   Code   RO         4455    i.get_accel_sens    hal_imu.o
    0x00026c18   0x0000003c   Code   RO         4456    i.get_active_axes   hal_imu.o
    0x00026c54   0x0000000c   Code   RO         5047    i.get_active_reporters  reports.o
    0x00026c60   0x00000004   Code   RO         4458    i.get_compass_sample_rate  hal_imu.o
    0x00026c64   0x0000000c   Code   RO         5512    i.get_config_update_flag  mem_manager.o
    0x00026c70   0x00000012   Code   RO         4460    i.get_gyro_en       hal_imu.o
    0x00026c82   0x00000004   Code   RO         4461    i.get_gyro_fsr      hal_imu.o
    0x00026c86   0x00000004   Code   RO         4462    i.get_gyro_sample_rate  hal_imu.o
    0x00026c8a   0x00000002   PAD
    0x00026c8c   0x0000000c   Code   RO          722    i.get_hw_test_flags  manufacture_test.o
    0x00026c98   0x0000000c   Code   RO          723    i.get_hw_test_request  manufacture_test.o
    0x00026ca4   0x0000000c   Code   RO          724    i.get_hw_test_status  manufacture_test.o
    0x00026cb0   0x00000004   Code   RO         5513    i.get_log_region_size  mem_manager.o
    0x00026cb4   0x000000c0   Code   RO         5514    i.get_next_record   mem_manager.o
    0x00026d74   0x00000008   Code   RO         5289    i.get_read_buf_ptr  spiflash.o
    0x00026d7c   0x00000024   Code   RO         5049    i.get_total_record_cnt  reports.o
    0x00026da0   0x0000000c   Code   RO           24    i.get_unix_time     main.o
    0x00026dac   0x0000008c   Code   RO           25    i.gpio_defaults     main.o
    0x00026e38   0x0000000c   Code   RO         4208    i.gyro_save_init    lsm6ds3.o
    0x00026e44   0x00000120   Code   RO         5673    i.hal_discard_tail_page  hal_nvm.o
    0x00026f64   0x0000006c   Code   RO         5674    i.hal_erase_tail_block  hal_nvm.o
    0x00026fd0   0x00000050   Code   RO         5675    i.hal_init_non_volatile_mem  hal_nvm.o
    0x00027020   0x00000730   Code   RO         5676    i.hal_log_memory_check  hal_nvm.o
    0x00027750   0x00000006   Code   RO         5677    i.hal_log_region_size  hal_nvm.o
    0x00027756   0x00000002   PAD
    0x00027758   0x000001e4   Code   RO         5678    i.hal_mark_rec_sent  hal_nvm.o
    0x0002793c   0x000002bc   Code   RO         5680    i.hal_retrieve_rec  hal_nvm.o
    0x00027bf8   0x000000cc   Code   RO         5211    i.hal_spim_init     hal_spim.o
    0x00027cc4   0x00000188   Code   RO         5213    i.hal_spim_xfer     hal_spim.o
    0x00027e4c   0x0000021c   Code   RO         5681    i.hal_store_data    hal_nvm.o
    0x00028068   0x000000bc   Code   RO         4719    i.hal_twim_init     hal_twim.o
    0x00028124   0x0000008c   Code   RO         4720    i.hal_twim_read     hal_twim.o
    0x000281b0   0x0000000c   Code   RO         4721    i.hal_twim_uninit   hal_twim.o
    0x000281bc   0x0000008c   Code   RO         4722    i.hal_twim_write    hal_twim.o
    0x00028248   0x000000b8   Code   RO         4723    i.hal_twim_xfer     hal_twim.o
    0x00028300   0x00000010   Code   RO         5682    i.hal_unsent_log_len  hal_nvm.o
    0x00028310   0x00000028   Code   RO         5683    i.hal_update_config  hal_nvm.o
    0x00028338   0x00000070   Code   RO         2318    i.head_restore_state_run  pstorage.o
    0x000283a8   0x00000164   Code   RO          814    i.hrm_read_cmd      si115x_functions.o
    0x0002850c   0x00000094   Code   RO         4464    i.imu_init          hal_imu.o
    0x000285a0   0x0000030c   Code   RO         4465    i.imu_power_state   hal_imu.o
    0x000288ac   0x00000048   Code   RO         4466    i.imu_slp_check     hal_imu.o
    0x000288f4   0x0000005c   Code   RO         5050    i.inc_report_length  reports.o
    0x00028950   0x000000e8   Code   RO           26    i.indicate_battery_state  main.o
    0x00028a38   0x00000198   Code   RO         5515    i.inform_rec_tranceived  mem_manager.o
    0x00028bd0   0x0000006c   Code   RO         4892    i.initStepDetect_1  step_detect_1.o
    0x00028c3c   0x00000100   Code   RO         4959    i.initStepDetect_2  step_detect_2.o
    0x00028d3c   0x0000000c   Code   RO          599    i.init_comms        comms.o
    0x00028d48   0x000001c4   Code   RO         5886    i.init_ext_flash    ext_flash.o
    0x00028f0c   0x00000028   Code   RO           27    i.init_key_ring     main.o
    0x00028f34   0x000000ec   Code   RO         5516    i.init_mem_manager  mem_manager.o
    0x00029020   0x00000058   Code   RO         4793    i.init_motion_analysis  data_crunch.o
    0x00029078   0x00000128   Code   RO         5051    i.init_reporters    reports.o
    0x000291a0   0x0000006c   Code   RO         4042    i.intern_softdevice_events_execute  softdevice_handler.o
    0x0002920c   0x0000006e   Code   RO         3097    i.irq_handler_spim  nrf_drv_spi.o
    0x0002927a   0x00000128   Code   RO         1995    i.irq_handler_twim  nrf_drv_twi.o
    0x000293a2   0x00000002   PAD
    0x000293a4   0x00000018   Code   RO         2682    i.is_allocated_channel  nrf_drv_ppi.o
    0x000293bc   0x0000000a   Code   RO         2684    i.is_app_channel    nrf_drv_ppi.o
    0x000293c6   0x00000002   PAD
    0x000293c8   0x0000001c   Code   RO         1155    i.is_conn_params_ok  ble_conn_params.o
    0x000293e4   0x0000003c   Code   RO         2319    i.is_page_erase_required  pstorage.o
    0x00029420   0x00000018   Code   RO         2686    i.is_programmable_app_channel  nrf_drv_ppi.o
    0x00029438   0x0000000c   Code   RO         2320    i.is_word_aligned   pstorage.o
    0x00029444   0x00000018   Code   RO         4467    i.keep_accel_on     hal_imu.o
    0x0002945c   0x00000018   Code   RO         4468    i.keep_gyro_on      hal_imu.o
    0x00029474   0x00000054   Code   RO          969    i.le_role_encode    ble_advdata.o
    0x000294c8   0x00000044   Code   RO         5963    i.led               led.o
    0x0002950c   0x000000a4   Code   RO         5964    i.led_control       led.o
    0x000295b0   0x00000110   Code   RO         5965    i.led_flash_timer_handler  led.o
    0x000296c0   0x000000b0   Code   RO         5966    i.led_init          led.o
    0x00029770   0x00000034   Code   RO         5967    i.led_over_ride     led.o
    0x000297a4   0x0000007c   Code   RO         5968    i.led_start_flash_timer  led.o
    0x00029820   0x00000078   Code   RO         5969    i.led_stop_flash_timer  led.o
    0x00029898   0x0000005c   Code   RO         5970    i.led_uninit        led.o
    0x000298f4   0x000000bc   Code   RO         3622    i.list_deletions_handler  app_timer.o
    0x000299b0   0x000000cc   Code   RO         3623    i.list_insertions_handler  app_timer.o
    0x00029a7c   0x00000240   Code   RO         5517    i.load_output_buffer  mem_manager.o
    0x00029cbc   0x00000050   Code   RO         4470    i.lock_accel        hal_imu.o
    0x00029d0c   0x0000005c   Code   RO         4471    i.lock_gyro         hal_imu.o
    0x00029d68   0x00000064   Code   RO         4472    i.lock_magnet       hal_imu.o
    0x00029dcc   0x00000054   Code   RO         3836    i.log_rtt_init      nrf_log.o
    0x00029e20   0x00000016   Code   RO         3837    i.log_rtt_printf    nrf_log.o
    0x00029e36   0x00000002   PAD
    0x00029e38   0x00000030   Code   RO         3839    i.log_rtt_remote_console  nrf_log.o
    0x00029e68   0x00000022   Code   RO         3897    i.log_rtt_write_string  nrf_log.o
    0x00029e8a   0x00000002   PAD
    0x00029e8c   0x0000000c   Code   RO         4209    i.lsm6ds3_active_sensors  lsm6ds3.o
    0x00029e98   0x0000008c   Code   RO         4210    i.lsm6ds3_check_wakeup_evt  lsm6ds3.o
    0x00029f24   0x000000fc   Code   RO         4211    i.lsm6ds3_check_wom  lsm6ds3.o
    0x0002a020   0x00000084   Code   RO         4212    i.lsm6ds3_disable_all  lsm6ds3.o
    0x0002a0a4   0x000000d0   Code   RO         4213    i.lsm6ds3_disable_sensors  lsm6ds3.o
    0x0002a174   0x00000060   Code   RO         4214    i.lsm6ds3_enable_embedded_func  lsm6ds3.o
    0x0002a1d4   0x00000028   Code   RO         4215    i.lsm6ds3_enable_pedometer  lsm6ds3.o
    0x0002a1fc   0x00000144   Code   RO         4216    i.lsm6ds3_enable_sensors  lsm6ds3.o
    0x0002a340   0x00000084   Code   RO         4217    i.lsm6ds3_fifo_management  lsm6ds3.o
    0x0002a3c4   0x0000000c   Code   RO         4218    i.lsm6ds3_get_accel_fsr  lsm6ds3.o
    0x0002a3d0   0x0000000c   Code   RO         4219    i.lsm6ds3_get_accel_samp  lsm6ds3.o
    0x0002a3dc   0x0000002c   Code   RO         4220    i.lsm6ds3_get_accel_sens  lsm6ds3.o
    0x0002a408   0x0000000c   Code   RO         4221    i.lsm6ds3_get_gyro_fsr  lsm6ds3.o
    0x0002a414   0x0000000c   Code   RO         4222    i.lsm6ds3_get_gyro_samp  lsm6ds3.o
    0x0002a420   0x00000050   Code   RO         4151    i.lsm6ds3_i2c_read  lsm6ds3_i2c.o
    0x0002a470   0x00000050   Code   RO         4152    i.lsm6ds3_i2c_write  lsm6ds3_i2c.o
    0x0002a4c0   0x00000174   Code   RO         4224    i.lsm6ds3_init_sensors  lsm6ds3.o
    0x0002a634   0x0000018c   Code   RO         4227    i.lsm6ds3_read_fifo  lsm6ds3.o
    0x0002a7c0   0x0000009c   Code   RO         4230    i.lsm6ds3_reconfigure_fifo  lsm6ds3.o
    0x0002a85c   0x000000e4   Code   RO         4231    i.lsm6ds3_run_self_test  lsm6ds3.o
    0x0002a940   0x000005ec   Code   RO         4232    i.lsm6ds3_self_test  lsm6ds3.o
    0x0002af2c   0x000002e8   Code   RO         4233    i.lsm6ds3_set_fifo_decimators_and_threshold  lsm6ds3.o
    0x0002b214   0x0000001e   Code   RO         4234    i.lsm6ds3_set_fifo_mode  lsm6ds3.o
    0x0002b232   0x00000002   PAD
    0x0002b234   0x00000088   Code   RO         4235    i.lsm6ds3_set_fs    lsm6ds3.o
    0x0002b2bc   0x0000008c   Code   RO         4236    i.lsm6ds3_set_irq   lsm6ds3.o
    0x0002b348   0x00000058   Code   RO         4237    i.lsm6ds3_set_odr   lsm6ds3.o
    0x0002b3a0   0x00000060   Code   RO         4238    i.lsm6ds3_wake_on_motion  lsm6ds3.o
    0x0002b400   0x0000007c   Code   RO         4239    i.lsm6ds3_write_data_with_mask  lsm6ds3.o
    0x0002b47c   0x00000540   Code   RO           28    i.main              main.o
    0x0002b9bc   0x00000014   Code   RO         2321    i.main_state_err_busy_process  pstorage.o
    0x0002b9d0   0x0000006c   Code   RO         6701    i.malloc            mc_w.l(malloc.o)
    0x0002ba3c   0x00000064   Code   RO          970    i.manuf_specific_data_encode  ble_advdata.o
    0x0002baa0   0x00000058   Code   RO         5518    i.manufacture_connection_settings  mem_manager.o
    0x0002baf8   0x0000000c   Code   RO         5519    i.manufacture_mode  mem_manager.o
    0x0002bb04   0x00000060   Code   RO         4794    i.motionAnalyze     data_crunch.o
    0x0002bb64   0x0000000c   Code   RO           29    i.motion_int_handler  main.o
    0x0002bb70   0x0000030c   Code   RO         4960    i.mrs_butterworth_bpf_init  step_detect_2.o
    0x0002be7c   0x00000124   Code   RO         4961    i.mrs_butterworth_filter  step_detect_2.o
    0x0002bfa0   0x0000009c   Code   RO          971    i.name_encode       ble_advdata.o
    0x0002c03c   0x00000078   Code   RO         1467    i.no_service_context_apply  vsp_device_manager_peripheral.o
    0x0002c0b4   0x0000003c   Code   RO         1468    i.no_service_context_load  vsp_device_manager_peripheral.o
    0x0002c0f0   0x0000003c   Code   RO         1469    i.no_service_context_store  vsp_device_manager_peripheral.o
    0x0002c12c   0x0000001a   Code   RO         1717    i.nrf_delay_ms      nrf_delay.o
    0x0002c146   0x00000002   PAD
    0x0002c148   0x00000024   Code   RO         2844    i.nrf_drv_clock_on_soc_event  nrf_drv_clock.o
    0x0002c16c   0x0000003c   Code   RO         1749    i.nrf_drv_common_irq_enable  nrf_drv_common.o
    0x0002c1a8   0x00000048   Code   RO         1796    i.nrf_drv_gpiote_in_event_disable  nrf_drv_gpiote.o
    0x0002c1f0   0x000000a4   Code   RO         1797    i.nrf_drv_gpiote_in_event_enable  nrf_drv_gpiote.o
    0x0002c294   0x000000b8   Code   RO         1798    i.nrf_drv_gpiote_in_init  nrf_drv_gpiote.o
    0x0002c34c   0x00000054   Code   RO         1801    i.nrf_drv_gpiote_init  nrf_drv_gpiote.o
    0x0002c3a0   0x00000014   Code   RO         1802    i.nrf_drv_gpiote_is_init  nrf_drv_gpiote.o
    0x0002c3b4   0x00000010   Code   RO         1996    i.nrf_drv_is_in_RAM  nrf_drv_twi.o
    0x0002c3c4   0x00000010   Code   RO         3098    i.nrf_drv_is_in_RAM  nrf_drv_spi.o
    0x0002c3d4   0x0000006c   Code   RO         2687    i.nrf_drv_ppi_channel_alloc  nrf_drv_ppi.o
    0x0002c440   0x00000034   Code   RO         2690    i.nrf_drv_ppi_channel_enable  nrf_drv_ppi.o
    0x0002c474   0x00000018   Code   RO         2699    i.nrf_drv_ppi_init  nrf_drv_ppi.o
    0x0002c48c   0x000000e8   Code   RO         2539    i.nrf_drv_saadc_buffer_convert  nrf_drv_saadc.o
    0x0002c574   0x00000044   Code   RO         2540    i.nrf_drv_saadc_channel_init  nrf_drv_saadc.o
    0x0002c5b8   0x00000078   Code   RO         2542    i.nrf_drv_saadc_init  nrf_drv_saadc.o
    0x0002c630   0x00000128   Code   RO         3100    i.nrf_drv_spi_init  nrf_drv_spi.o
    0x0002c758   0x00000034   Code   RO         3101    i.nrf_drv_spi_repair  nrf_drv_spi.o
    0x0002c78c   0x0000006c   Code   RO         3104    i.nrf_drv_spi_uninit  nrf_drv_spi.o
    0x0002c7f8   0x0000005c   Code   RO         3105    i.nrf_drv_spi_xfer  nrf_drv_spi.o
    0x0002c854   0x00000030   Code   RO         1998    i.nrf_drv_twi_disable  nrf_drv_twi.o
    0x0002c884   0x00000020   Code   RO         1999    i.nrf_drv_twi_enable  nrf_drv_twi.o
    0x0002c8a4   0x00000090   Code   RO         2000    i.nrf_drv_twi_init  nrf_drv_twi.o
    0x0002c934   0x00000024   Code   RO         2001    i.nrf_drv_twi_rx    nrf_drv_twi.o
    0x0002c958   0x00000024   Code   RO         2004    i.nrf_drv_twi_tx    nrf_drv_twi.o
    0x0002c97c   0x00000048   Code   RO         2005    i.nrf_drv_twi_uninit  nrf_drv_twi.o
    0x0002c9c4   0x00000024   Code   RO         2006    i.nrf_drv_twi_xfer  nrf_drv_twi.o
    0x0002c9e8   0x00000044   Code   RO         2937    i.nrf_drv_wdt_channel_alloc  nrf_drv_wdt.o
    0x0002ca2c   0x00000018   Code   RO         2938    i.nrf_drv_wdt_channel_feed  nrf_drv_wdt.o
    0x0002ca44   0x0000001c   Code   RO         2939    i.nrf_drv_wdt_enable  nrf_drv_wdt.o
    0x0002ca60   0x00000048   Code   RO         2941    i.nrf_drv_wdt_init  nrf_drv_wdt.o
    0x0002caa8   0x00000022   Code   RO           30    i.nrf_gpio_cfg      main.o
    0x0002caca   0x00000022   Code   RO         1814    i.nrf_gpio_cfg      nrf_drv_gpiote.o
    0x0002caec   0x00000022   Code   RO         3106    i.nrf_gpio_cfg      nrf_drv_spi.o
    0x0002cb0e   0x00000022   Code   RO         5971    i.nrf_gpio_cfg      led.o
    0x0002cb30   0x00000022   Code   RO         6086    i.nrf_gpio_cfg      battery.o
    0x0002cb52   0x00000012   Code   RO           31    i.nrf_gpio_cfg_input  main.o
    0x0002cb64   0x00000012   Code   RO         5972    i.nrf_gpio_cfg_input  led.o
    0x0002cb76   0x00000012   Code   RO         6087    i.nrf_gpio_cfg_input  battery.o
    0x0002cb88   0x00000014   Code   RO           32    i.nrf_gpio_cfg_output  main.o
    0x0002cb9c   0x00000014   Code   RO         3107    i.nrf_gpio_cfg_output  nrf_drv_spi.o
    0x0002cbb0   0x0000000e   Code   RO         5290    i.nrf_gpio_cfg_output  spiflash.o
    0x0002cbbe   0x00000014   Code   RO         5973    i.nrf_gpio_cfg_output  led.o
    0x0002cbd2   0x00000014   Code   RO         6088    i.nrf_gpio_cfg_output  battery.o
    0x0002cbe6   0x0000001c   Code   RO         1816    i.nrf_gpio_cfg_sense_set  nrf_drv_gpiote.o
    0x0002cc02   0x00000002   PAD
    0x0002cc04   0x00000010   Code   RO         5974    i.nrf_gpio_pin_clear  led.o
    0x0002cc14   0x00000010   Code   RO         6089    i.nrf_gpio_pin_clear  battery.o
    0x0002cc24   0x00000010   Code   RO         6256    i.nrf_gpio_pin_clear  bq25120.o
    0x0002cc34   0x00000010   Code   RO         4240    i.nrf_gpio_pin_read  lsm6ds3.o
    0x0002cc44   0x00000010   Code   RO         2007    i.nrf_gpio_pin_set  nrf_drv_twi.o
    0x0002cc54   0x00000010   Code   RO         3108    i.nrf_gpio_pin_set  nrf_drv_spi.o
    0x0002cc64   0x00000010   Code   RO         5975    i.nrf_gpio_pin_set  led.o
    0x0002cc74   0x00000010   Code   RO         6257    i.nrf_gpio_pin_set  bq25120.o
    0x0002cc84   0x00000016   Code   RO           33    i.nrf_gpio_range_cfg_output  main.o
    0x0002cc9a   0x00000002   PAD
    0x0002cc9c   0x00000014   Code   RO         1817    i.nrf_gpiote_event_clear  nrf_drv_gpiote.o
    0x0002ccb0   0x00000010   Code   RO         1818    i.nrf_gpiote_event_is_set  nrf_drv_gpiote.o
    0x0002ccc0   0x00000010   Code   RO         2548    i.nrf_saadc_buffer_init  nrf_drv_saadc.o
    0x0002ccd0   0x00000060   Code   RO         2653    i.nrf_saadc_channel_init  nrf_saadc.o
    0x0002cd30   0x00000014   Code   RO         2549    i.nrf_saadc_channel_input_set  nrf_drv_saadc.o
    0x0002cd44   0x00000010   Code   RO         2550    i.nrf_saadc_event_check  nrf_drv_saadc.o
    0x0002cd54   0x0000000a   Code   RO         3109    i.nrf_spim_event_check  nrf_drv_spi.o
    0x0002cd5e   0x0000000a   Code   RO         2008    i.nrf_twim_event_check  nrf_drv_twi.o
    0x0002cd68   0x0000000a   Code   RO         2147    i.nrf_uart_event_check  nrf_drv_uart.o
    0x0002cd72   0x0000000c   Code   RO         2148    i.nrf_uart_int_enable_check  nrf_drv_uart.o
    0x0002cd7e   0x00000020   Code   RO         5052    i.number_fields     reports.o
    0x0002cd9e   0x00000002   PAD
    0x0002cda0   0x000000d8   Code   RO           34    i.nus_data_handler  main.o
    0x0002ce78   0x00000010   Code   RO         5520    i.nv_storage_empty  mem_manager.o
    0x0002ce88   0x00000098   Code   RO           35    i.on_adv_evt        main.o
    0x0002cf20   0x00000118   Code   RO           36    i.on_ble_evt        main.o
    0x0002d038   0x0000005c   Code   RO           37    i.on_conn_params_evt  main.o
    0x0002d094   0x00000072   Code   RO         1369    i.on_write          ble_vsp_bas.o
    0x0002d106   0x00000002   PAD
    0x0002d108   0x00000180   Code   RO          600    i.packetize_record  comms.o
    0x0002d288   0x00000e0c   Code   RO          601    i.parse_msg         comms.o
    0x0002e094   0x00000014   Code   RO         1065    i.peer_address_exists  ble_advertising.o
    0x0002e0a8   0x0000006c   Code   RO         1470    i.peer_instance_init  vsp_device_manager_peripheral.o
    0x0002e114   0x00000018   Code   RO         1819    i.pin_in_use_by_port  nrf_drv_gpiote.o
    0x0002e12c   0x00000018   Code   RO         1820    i.pin_in_use_by_te  nrf_drv_gpiote.o
    0x0002e144   0x00000034   Code   RO         1321    i.pnp_id_encode     ble_dis.o
    0x0002e178   0x00000034   Code   RO         5053    i.power_down_save_records  reports.o
    0x0002e1ac   0x000001d8   Code   RO         5291    i.protect_sm        spiflash.o
    0x0002e384   0x00000024   Code   RO         2322    i.pstorage_access_status_get  pstorage.o
    0x0002e3a8   0x00000050   Code   RO         2323    i.pstorage_block_identifier_get  pstorage.o
    0x0002e3f8   0x00000094   Code   RO         2324    i.pstorage_clear    pstorage.o
    0x0002e48c   0x0000008c   Code   RO         2325    i.pstorage_init     pstorage.o
    0x0002e518   0x000000cc   Code   RO         2326    i.pstorage_load     pstorage.o
    0x0002e5e4   0x00000088   Code   RO         2327    i.pstorage_register  pstorage.o
    0x0002e66c   0x00000084   Code   RO         2329    i.pstorage_store    pstorage.o
    0x0002e6f0   0x00000048   Code   RO         2330    i.pstorage_sys_event_handler  pstorage.o
    0x0002e738   0x00000084   Code   RO         2331    i.pstorage_update   pstorage.o
    0x0002e7bc   0x000000ec   Code   RO          602    i.queue_packet      comms.o
    0x0002e8a8   0x00000004   Code   RO          603    i.queue_packet_wrapper  comms.o
    0x0002e8ac   0x00000010   Code   RO         4043    i.ram_end_address_get  softdevice_handler.o
    0x0002e8bc   0x00000060   Code   RO         5054    i.rec_ack_req       reports.o
    0x0002e91c   0x0000001c   Code   RO         4474    i.record_accel_off  hal_imu.o
    0x0002e938   0x00000014   Code   RO         4475    i.record_accel_on   hal_imu.o
    0x0002e94c   0x00000004   Code   RO         5521    i.record_added      mem_manager.o
    0x0002e950   0x00000028   Code   RO         4476    i.record_compass_off  hal_imu.o
    0x0002e978   0x00000024   Code   RO         4477    i.record_compass_on  hal_imu.o
    0x0002e99c   0x00000028   Code   RO         4478    i.record_gyro_off   hal_imu.o
    0x0002e9c4   0x00000024   Code   RO         4479    i.record_gyro_on    hal_imu.o
    0x0002e9e8   0x00000004   Code   RO         5522    i.record_removed    mem_manager.o
    0x0002e9ec   0x00000020   Code   RO         5523    i.records_byte_cnt  mem_manager.o
    0x0002ea0c   0x00000074   Code   RO         5055    i.reporter_time_rebase  reports.o
    0x0002ea80   0x00000014   Code   RO         5524    i.reporter_update_cmplt  mem_manager.o
    0x0002ea94   0x00000044   Code   RO         3624    i.rtc1_stop         app_timer.o
    0x0002ead8   0x00000030   Code   RO         2149    i.rx_byte           nrf_drv_uart.o
    0x0002eb08   0x000000dc   Code   RO         1228    i.rx_char_add       ble_nus.o
    0x0002ebe4   0x00000020   Code   RO         2150    i.rx_done_event     nrf_drv_uart.o
    0x0002ec04   0x0000003e   Code   RO         5056    i.sampling_rate_fit  reports.o
    0x0002ec42   0x00000002   PAD
    0x0002ec44   0x000000b0   Code   RO         5525    i.save_buffered_recs  mem_manager.o
    0x0002ecf4   0x0000008e   Code   RO         5057    i.save_fields       reports.o
    0x0002ed82   0x00000002   PAD
    0x0002ed84   0x00000088   Code   RO         4044    i.sd_check_ram_start  softdevice_handler.o
    0x0002ee0c   0x0000008c   Code   RO         4045    i.sd_nvic_EnableIRQ  softdevice_handler.o
    0x0002ee98   0x000002c4   Code   RO          604    i.secure_connect_sm  comms.o
    0x0002f15c   0x00000014   Code   RO          605    i.secure_connection  comms.o
    0x0002f170   0x0000007c   Code   RO           38    i.service_calendar_events  main.o
    0x0002f1ec   0x00000088   Code   RO          972    i.service_data_encode  ble_advdata.o
    0x0002f274   0x000000e0   Code   RO           39    i.service_imu       main.o
    0x0002f354   0x000002f8   Code   RO           40    i.services_init     main.o
    0x0002f64c   0x0000000c   Code   RO         4893    i.setStepCnt_1      step_detect_1.o
    0x0002f658   0x0000000c   Code   RO         4962    i.setStepCnt_2      step_detect_2.o
    0x0002f664   0x0000000c   Code   RO         5526    i.set_config_update_flag  mem_manager.o
    0x0002f670   0x00000018   Code   RO          725    i.set_hw_test_request  manufacture_test.o
    0x0002f688   0x00000048   Code   RO           41    i.set_key_ring      main.o
    0x0002f6d0   0x0000049c   Code   RO         5058    i.set_reporter      reports.o
    0x0002fb6c   0x0000000c   Code   RO           42    i.set_unix_time     main.o
    0x0002fb78   0x0000001c   Code   RO         5527    i.ship_mode         mem_manager.o
    0x0002fb94   0x00000040   Code   RO         2332    i.sm_state_change   pstorage.o
    0x0002fbd4   0x00000014   Code   RO         4046    i.softdevice_ble_evt_handler_set  softdevice_handler.o
    0x0002fbe8   0x000000f8   Code   RO         4047    i.softdevice_enable  softdevice_handler.o
    0x0002fce0   0x00000026   Code   RO         4048    i.softdevice_enable_get_default_config  softdevice_handler.o
    0x0002fd06   0x00000004   Code   RO         4049    i.softdevice_fault_handler  softdevice_handler.o
    0x0002fd0a   0x00000002   PAD
    0x0002fd0c   0x0000004c   Code   RO         4050    i.softdevice_handler_init  softdevice_handler.o
    0x0002fd58   0x00000014   Code   RO         4053    i.softdevice_sys_evt_handler_set  softdevice_handler.o
    0x0002fd6c   0x00000040   Code   RO         5292    i.spiflash_address_command  spiflash.o
    0x0002fdac   0x00000120   Code   RO         5293    i.spiflash_byte_page_write  spiflash.o
    0x0002fecc   0x000000a0   Code   RO         5294    i.spiflash_deep_power_down  spiflash.o
    0x0002ff6c   0x0000003c   Code   RO         5295    i.spiflash_enable_active_status  spiflash.o
    0x0002ffa8   0x0000011c   Code   RO         5296    i.spiflash_erase_4k_block  spiflash.o
    0x000300c4   0x00000074   Code   RO         5297    i.spiflash_global_protect  spiflash.o
    0x00030138   0x000001fc   Code   RO         5298    i.spiflash_init     spiflash.o
    0x00030334   0x00000120   Code   RO         5299    i.spiflash_page_erase  spiflash.o
    0x00030454   0x00000178   Code   RO         5300    i.spiflash_read     spiflash.o
    0x000305cc   0x00000034   Code   RO         5301    i.spiflash_read_id  spiflash.o
    0x00030600   0x0000005c   Code   RO         5303    i.spiflash_read_status  spiflash.o
    0x0003065c   0x00000084   Code   RO         5305    i.spiflash_sector_protection  spiflash.o
    0x000306e0   0x00000068   Code   RO         5307    i.spiflash_wakeup   spiflash.o
    0x00030748   0x00000074   Code   RO         5308    i.spiflash_write_data  spiflash.o
    0x000307bc   0x0000003c   Code   RO         5309    i.spiflash_write_enable  spiflash.o
    0x000307f8   0x000000c0   Code   RO         5313    i.spiflash_xfer     spiflash.o
    0x000308b8   0x00000094   Code   RO         5214    i.spim_handler      hal_spim.o
    0x0003094c   0x00000070   Code   RO         5215    i.spim_timer_handler  hal_spim.o
    0x000309bc   0x00000058   Code   RO         5216    i.spim_timer_stop   hal_spim.o
    0x00030a14   0x000000c0   Code   RO         3110    i.spim_xfer         nrf_drv_spi.o
    0x00030ad4   0x000000c8   Code   RO         5217    i.spim_xfer         hal_spim.o
    0x00030b9c   0x00000070   Code   RO         4480    i.start_accel       hal_imu.o
    0x00030c0c   0x000000a8   Code   RO         5314    i.start_check_timer  spiflash.o
    0x00030cb4   0x00000068   Code   RO         4481    i.start_compass     hal_imu.o
    0x00030d1c   0x0000006c   Code   RO         4482    i.start_gyro        hal_imu.o
    0x00030d88   0x00000058   Code   RO         2333    i.state_data_erase_swap_entry_run  pstorage.o
    0x00030de0   0x0000000c   Code   RO         2334    i.state_erase_data_page_entry_run  pstorage.o
    0x00030dec   0x00000018   Code   RO         2335    i.state_restore_head_entry_run  pstorage.o
    0x00030e04   0x00000030   Code   RO         2336    i.state_restore_tail_entry_run  pstorage.o
    0x00030e34   0x00000006   Code   RO         2337    i.state_swap_erase_entry_run  pstorage.o
    0x00030e3a   0x00000002   PAD
    0x00030e3c   0x00000018   Code   RO         2338    i.state_write_data_swap_entry_run  pstorage.o
    0x00030e54   0x00000644   Code   RO         4963    i.stepStateMachine_2  step_detect_2.o
    0x00031498   0x00000008   Code   RO         4895    i.step_history_1    step_detect_1.o
    0x000314a0   0x00000008   Code   RO         4964    i.step_history_2    step_detect_2.o
    0x000314a8   0x0000005c   Code   RO         4483    i.stop_compass      hal_imu.o
    0x00031504   0x0000005c   Code   RO         4484    i.stop_gyro         hal_imu.o
    0x00031560   0x00000054   Code   RO         4485    i.stop_imu          hal_imu.o
    0x000315b4   0x00000004   Code   RO         1471    i.storage_operation_dummy_handler  vsp_device_manager_peripheral.o
    0x000315b8   0x00000054   Code   RO         2339    i.store_cmd_flash_write_execute  pstorage.o
    0x0003160c   0x00000018   Code   RO         2340    i.swap_erase_state_run  pstorage.o
    0x00031624   0x00000014   Code   RO         2341    i.swap_sub_state_err_busy_process  pstorage.o
    0x00031638   0x00000014   Code   RO         2342    i.swap_sub_state_state_change  pstorage.o
    0x0003164c   0x00000058   Code   RO           43    i.sys_evt_dispatch  main.o
    0x000316a4   0x00000042   Code   RO         1322    i.sys_id_encode     ble_dis.o
    0x000316e6   0x00000002   PAD
    0x000316e8   0x00000014   Code   RO         2343    i.tail_restore_state_run  pstorage.o
    0x000316fc   0x0000004c   Code   RO           44    i.terminate_connection  main.o
    0x00031748   0x0000007c   Code   RO          726    i.test_hardware     manufacture_test.o
    0x000317c4   0x0000001a   Code   RO         4486    i.test_imu          hal_imu.o
    0x000317de   0x00000002   PAD
    0x000317e0   0x00000030   Code   RO           45    i.ticks_timer_handler  main.o
    0x00031810   0x0000008c   Code   RO         3625    i.timer_list_handler  app_timer.o
    0x0003189c   0x0000003c   Code   RO         3626    i.timer_list_insert  app_timer.o
    0x000318d8   0x00000084   Code   RO         3627    i.timer_timeouts_check  app_timer.o
    0x0003195c   0x00000184   Code   RO           46    i.timers_init       main.o
    0x00031ae0   0x00000094   Code   RO         5315    i.transfer_complete_cb  spiflash.o
    0x00031b74   0x000000b0   Code   RO         2009    i.twi_clear_bus     nrf_drv_twi.o
    0x00031c24   0x00000002   Code   RO          815    i.twi_handler       si115x_functions.o
    0x00031c26   0x00000002   PAD
    0x00031c28   0x00000064   Code   RO         4724    i.twim_busy         hal_twim.o
    0x00031c8c   0x0000007c   Code   RO         4725    i.twim_handler      hal_twim.o
    0x00031d08   0x000001f0   Code   RO         2010    i.twim_xfer         nrf_drv_twi.o
    0x00031ef8   0x00000024   Code   RO         2152    i.tx_byte           nrf_drv_uart.o
    0x00031f1c   0x000000a0   Code   RO         1229    i.tx_char_add       ble_nus.o
    0x00031fbc   0x00000024   Code   RO         2153    i.tx_done_event     nrf_drv_uart.o
    0x00031fe0   0x00000108   Code   RO         2154    i.uart_irq_handler  nrf_drv_uart.o
    0x000320e8   0x0000000a   Code   RO          973    i.uint16_encode     ble_advdata.o
    0x000320f2   0x00000002   PAD
    0x000320f4   0x0000007c   Code   RO         5529    i.update_config     mem_manager.o
    0x00032170   0x000003ac   Code   RO         5887    i.update_config_cb  ext_flash.o
    0x0003251c   0x00000078   Code   RO         5685    i.update_head       hal_nvm.o
    0x00032594   0x00000260   Code   RO         5686    i.update_log        hal_nvm.o
    0x000327f4   0x00000014   Code   RO         1472    i.update_status_bit_reset  vsp_device_manager_peripheral.o
    0x00032808   0x000000b4   Code   RO         5687    i.update_tail       hal_nvm.o
    0x000328bc   0x00000060   Code   RO         1156    i.update_timeout_handler  ble_conn_params.o
    0x0003291c   0x0000003e   Code   RO         3628    i.user_id_get       app_timer.o
    0x0003295a   0x00000028   Code   RO         3629    i.user_op_alloc     app_timer.o
    0x00032982   0x00000030   Code   RO          974    i.uuid_list_encode  ble_advdata.o
    0x000329b2   0x0000009e   Code   RO          975    i.uuid_list_sized_encode  ble_advdata.o
    0x00032a50   0x0000001c   Code   RO           47    i.wdt_event_handler  main.o
    0x00032a6c   0x0000000e   Code   RO         1066    i.whitelist_has_entries  ble_advertising.o
    0x00032a7a   0x00000002   PAD
    0x00032a7c   0x000002f4   Code   RO         5316    i.write_sm          spiflash.o
    0x00032d70   0x00000020   Data   RO           52    .constdata          main.o
    0x00032d90   0x00000018   Data   RO          816    .constdata          si115x_functions.o
    0x00032da8   0x00000004   Data   RO         1159    .constdata          ble_conn_params.o
    0x00032dac   0x00000010   Data   RO         1230    .constdata          ble_nus.o
    0x00032dbc   0x00000030   Data   RO         1474    .constdata          vsp_device_manager_peripheral.o
    0x00032dec   0x0000001c   Data   RO         2012    .constdata          nrf_drv_twi.o
    0x00032e08   0x00000028   Data   RO         2345    .constdata          pstorage.o
    0x00032e30   0x00000003   Data   RO         2553    .constdata          nrf_drv_saadc.o
    0x00032e33   0x00000001   PAD
    0x00032e34   0x0000000c   Data   RO         2942    .constdata          nrf_drv_wdt.o
    0x00032e40   0x00000010   Data   RO         3112    .constdata          nrf_drv_spi.o
    0x00032e50   0x00000010   Data   RO         3315    .constdata          segger_rtt_printf.o
    0x00032e60   0x00000004   Data   RO         4153    .constdata          lsm6ds3_i2c.o
    0x00032e64   0x00000004   Data   RO         4154    .constdata          lsm6ds3_i2c.o
    0x00032e68   0x000000a4   Data   RO         4244    .constdata          lsm6ds3.o
    0x00032f0c   0x00000024   Data   RO         4726    .constdata          hal_twim.o
    0x00032f30   0x00000188   Data   RO         4796    .constdata          data_crunch.o
    0x000330b8   0x0000000c   Data   RO         5220    .constdata          hal_spim.o
    0x000330c4   0x000000ac   Data   RO         5319    .constdata          spiflash.o
    0x00033170   0x00000010   Data   RO         5320    .constdata          spiflash.o
    0x00033180   0x0000002c   Data   RO         5321    .constdata          spiflash.o
    0x000331ac   0x0000000c   Data   RO         5688    .constdata          hal_nvm.o
    0x000331b8   0x0000010e   Data   RO         6093    .constdata          battery.o
    0x000332c6   0x00000002   PAD
    0x000332c8   0x00000030   Data   RO         6747    .constdata          m_wm.l(cos_i.o)
    0x000332f8   0x000000c8   Data   RO         6765    .constdata          m_wm.l(rred.o)
    0x000333c0   0x00000028   Data   RO         6769    .constdata          m_wm.l(sin_i.o)
    0x000333e8   0x00000060   Data   RO         6775    .constdata          m_wm.l(tan_i.o)
    0x00033448   0x00000051   Data   RO           53    .conststring        main.o
    0x00033499   0x00000003   PAD
    0x0003349c   0x00000042   Data   RO          607    .conststring        comms.o
    0x000334de   0x00000002   PAD
    0x000334e0   0x000005cf   Data   RO         1476    .conststring        vsp_device_manager_peripheral.o
    0x00033aaf   0x00000001   PAD
    0x00033ab0   0x00000017   Data   RO         5322    .conststring        spiflash.o
    0x00033ac7   0x00000001   PAD
    0x00033ac8   0x00000020   Data   RO         6840    Region$$Table       anon$$obj.o


    Execution Region RW_IRAM1 (Base: 0x20001fe8, Size: 0x00009ab0, Max: 0x0000e018, ABSOLUTE, COMPRESSED[0x000000a0])

    Base Addr    Size         Type   Attr      Idx    E Section Name        Object

    0x20001fe8   0x00000050   Data   RW           54    .data               main.o
    0x20002038   0x00000004   Data   RW           56    .data               main.o
    0x2000203c   0x00000002   Data   RW           59    .data               main.o
    0x2000203e   0x00000001   Data   RW           60    .data               main.o
    0x2000203f   0x00000001   PAD
    0x20002040   0x00000024   Data   RW          608    .data               comms.o
    0x20002064   0x00000006   Data   RW          727    .data               manufacture_test.o
    0x2000206a   0x00000002   PAD
    0x2000206c   0x00000008   Data   RW          817    .data               si115x_functions.o
    0x20002074   0x0000001f   Data   RW         1069    .data               ble_advertising.o
    0x20002093   0x00000001   PAD
    0x20002094   0x00000014   Data   RW         1160    .data               ble_conn_params.o
    0x200020a8   0x0000004a   Data   RW         1323    .data               ble_dis.o
    0x200020f2   0x00000002   PAD
    0x200020f4   0x00000018   Data   RW         1477    .data               vsp_device_manager_peripheral.o
    0x2000210c   0x00000028   Data   RW         2346    .data               pstorage.o
    0x20002134   0x00000008   Data   RW         2701    .data               nrf_drv_ppi.o
    0x2000213c   0x0000000c   Data   RW         2943    .data               nrf_drv_wdt.o
    0x20002148   0x00000020   Data   RW         3630    .data               app_timer.o
    0x20002168   0x00000001   Data   RW         3775    .data               app_trace.o
    0x20002169   0x00000003   PAD
    0x2000216c   0x00000008   Data   RW         3843    .data               nrf_log.o
    0x20002174   0x00000014   Data   RW         4055    .data               softdevice_handler.o
    0x20002188   0x00000008   Data   RW         4155    .data               lsm6ds3_i2c.o
    0x20002190   0x00000032   Data   RW         4245    .data               lsm6ds3.o
    0x200021c2   0x00000002   PAD
    0x200021c4   0x00000c58   Data   RW         4487    .data               hal_imu.o
    0x20002e1c   0x0000001c   Data   RW         4727    .data               hal_twim.o
    0x20002e38   0x00000020   Data   RW         4797    .data               data_crunch.o
    0x20002e58   0x00000010   Data   RW         4897    .data               step_detect_1.o
    0x20002e68   0x00000020   Data   RW         4966    .data               step_detect_2.o
    0x20002e88   0x00000024   Data   RW         5060    .data               reports.o
    0x20002eac   0x00000028   Data   RW         5221    .data               hal_spim.o
    0x20002ed4   0x0000001c   Data   RW         5323    .data               spiflash.o
    0x20002ef0   0x0000001c   Data   RW         5533    .data               mem_manager.o
    0x20002f0c   0x00000014   Data   RW         5689    .data               hal_nvm.o
    0x20002f20   0x00000008   Data   RW         5888    .data               ext_flash.o
    0x20002f28   0x00000010   Data   RW         5977    .data               led.o
    0x20002f38   0x00000018   Data   RW         6094    .data               battery.o
    0x20002f50   0x00000010   Data   RW         6258    .data               bq25120.o
    0x20002f60   0x00000004   Data   RW         6344    .data               system_nrf52.o
    0x20002f64   0x00000004   Data   RW         6805    .data               mc_w.l(mvars.o)
    0x20002f68   0x00000004   Data   RW         6806    .data               mc_w.l(mvars.o)
    0x20002f6c   0x00000004   Data   RW         6810    .data               mc_w.l(errno.o)
    0x20002f70   0x00000020   Zero   RW           48    .bss                main.o
    0x20002f90   0x00000020   Zero   RW           49    .bss                main.o
    0x20002fb0   0x00000020   Zero   RW           50    .bss                main.o
    0x20002fd0   0x00000454   Zero   RW           51    .bss                main.o
    0x20003424   0x000005c0   Zero   RW          606    .bss                comms.o
    0x200039e4   0x00000103   Zero   RW         1067    .bss                ble_advertising.o
    0x20003ae7   0x00000001   PAD
    0x20003ae8   0x00000020   Zero   RW         1157    .bss                ble_conn_params.o
    0x20003b08   0x0000001c   Zero   RW         1158    .bss                ble_conn_params.o
    0x20003b24   0x0000014b   Zero   RW         1473    .bss                vsp_device_manager_peripheral.o
    0x20003c6f   0x00000001   PAD
    0x20003c70   0x00000058   Zero   RW         1821    .bss                nrf_drv_gpiote.o
    0x20003cc8   0x00000028   Zero   RW         2011    .bss                nrf_drv_twi.o
    0x20003cf0   0x0000001c   Zero   RW         2155    .bss                nrf_drv_uart.o
    0x20003d0c   0x0000002c   Zero   RW         2552    .bss                nrf_drv_saadc.o
    0x20003d38   0x0000000c   Zero   RW         2846    .bss                nrf_drv_clock.o
    0x20003d44   0x00000058   Zero   RW         3014    .bss                fstorage.o
    0x20003d9c   0x00000020   Zero   RW         3111    .bss                nrf_drv_spi.o
    0x20003dbc   0x0000000c   Zero   RW         4054    .bss                softdevice_handler.o
    0x20003dc8   0x00000108   Zero   RW         4243    .bss                lsm6ds3.o
    0x20003ed0   0x00000020   Zero   RW         5218    .bss                hal_spim.o
    0x20003ef0   0x0000001c   Zero   RW         5219    .bss                hal_spim.o
    0x20003f0c   0x00000020   Zero   RW         5317    .bss                spiflash.o
    0x20003f2c   0x000000bd   Zero   RW         5530    .bss                mem_manager.o
    0x20003fe9   0x00000001   PAD
    0x20003fea   0x0000000a   Zero   RW         6092    .bss                battery.o
    0x20003ff4   0x0000000c   PAD
    0x20004000   0x00000078   Zero   RW         3370    .ARM.__AT_0x20004000  segger_rtt.o
    0x20004078   0x00000514   Zero   RW         2344    .bss                pstorage.o
    0x2000458c   0x00000810   Zero   RW         3371    .bss                segger_rtt.o
    0x20004d9c   0x0000081b   Zero   RW         3842    .bss                nrf_log.o
    0x200055b7   0x00000001   PAD
    0x200055b8   0x00000590   Zero   RW         4795    .bss                data_crunch.o
    0x20005b48   0x00000170   Zero   RW         4896    .bss                step_detect_1.o
    0x20005cb8   0x000001b0   Zero   RW         4965    .bss                step_detect_2.o
    0x20005e68   0x00001170   Zero   RW         5059    .bss                reports.o
    0x20006fd8   0x0000045e   Zero   RW         5318    .bss                spiflash.o
    0x20007436   0x00000002   PAD
    0x20007438   0x00000400   Zero   RW         5531    .bss                mem_manager.o
    0x20007838   0x00000200   Zero   RW         5532    .bss                mem_manager.o
    0x20007a38   0x00000020   Zero   RW         5976    .bss                led.o
    0x20007a58   0x00000020   Zero   RW         6090    .bss                battery.o
    0x20007a78   0x00000020   Zero   RW         6091    .bss                battery.o
    0x20007a98   0x00002000   Zero   RW         6332    HEAP                arm_startup_nrf52.o
    0x20009a98   0x00002000   Zero   RW         6331    STACK               arm_startup_nrf52.o


==============================================================================

Image component sizes


      Code (inc. data)   RO Data    RW Data    ZI Data      Debug   Object Name

        22          0          0          0          0        609   app_error.o
      1814        100          0         32          0      57360   app_timer.o
       112         26          0          1          0       3152   app_trace.o
       124         14          0          0          0       9010   app_util_platform.o
        36          8        512          0      16384        864   arm_startup_nrf52.o
      2412        688        270         24         74      32561   battery.o
      1540          0          0          0          0      19380   ble_advdata.o
      1550        544          0         31        259       8672   ble_advertising.o
       436         54          4         20         60      12844   ble_conn_params.o
       578          8          0         74          0       5111   ble_dis.o
       714         56         16          0          0       5410   ble_nus.o
        30          0          0          0          0       1908   ble_srv_common.o
      1022          0          0          0          0      13914   ble_vsp_bas.o
      2008        550          0         16          0      10059   bq25120.o
      5974       1904         66         36       1472      18000   comms.o
      1550        106        392         32       1424      10667   data_crunch.o
      2792       1222          0          8          0      12041   ext_flash.o
        20          4          0          0         88       3340   fstorage.o
      2492        632          0       3160          0      23664   hal_imu.o
      5118       1850         12         20          0      14797   hal_nvm.o
      1144        376         12         40         60       9688   hal_spim.o
       888        284         36         28          0       5510   hal_twim.o
      1172        284          0         16         32       8297   led.o
      5612       1100        164         50        264      28274   lsm6ds3.o
       160         48          8          8          0      18008   lsm6ds3_i2c.o
      6640       1924        113         87       1204     204217   main.o
       260         90          0          6          0       5001   manufacture_test.o
      2702       1026          0         28       1725      14893   mem_manager.o
       144          0          0          0          0       1547   nrf_delay.o
        36          6          0          0         12       5789   nrf_drv_clock.o
        60          0          0          0          0      30471   nrf_drv_common.o
      1114         94          0          0         88      22379   nrf_drv_gpiote.o
       262         36          0          8          0      10444   nrf_drv_ppi.o
       836         68          3          0         44      15048   nrf_drv_saadc.o
       962         46         16          0         32      18919   nrf_drv_spi.o
      1548         56         28          0         40      56636   nrf_drv_twi.o
       442         40          0          0         28      13172   nrf_drv_uart.o
       232         54         12         12          0       7464   nrf_drv_wdt.o
       188         38          0          8       2075       4889   nrf_log.o
        96          6          0          0          0       6013   nrf_saadc.o
      2618        402         40         40       1300      33070   pstorage.o
      6188       1026          0         36       4464      27385   reports.o
       716         62          0          0       2184      12194   segger_rtt.o
       878          6         16          0          0       5865   segger_rtt_printf.o
      1054         40         24          8          0       8462   si115x_functions.o
       842        296          0         20         12      42721   softdevice_handler.o
      5684       2054        255         28       1150      29342   spiflash.o
       128         18          0         16        368       5472   step_detect_1.o
      2952        360          0         32        432       8799   step_detect_2.o
       772         68          0          4          0       3007   system_nrf52.o
      9510       4002       1535         24        331      34711   vsp_device_manager_peripheral.o

    ----------------------------------------------------------------------
     86280      21680       3576       3964      35624     961050   Object Totals
         0          0         32          0          0          0   (incl. Generated)
        96          4         10         11         18          0   (incl. Padding)

    ----------------------------------------------------------------------

      Code (inc. data)   RO Data    RW Data    ZI Data      Debug   Library Member Name

       200         20          0          0          0        164   cos.o
       368         46         48          0          0        200   cos_i.o
        84         16          0          0          0        372   dunder.o
        24          0          0          0          0        124   fabs.o
        48          0          0          0          0        124   fpclassify.o
       248          0          0          0          0        152   poly.o
      1080        142        200          0          0        188   rred.o
       200         20          0          0          0        164   sin.o
       304         24         40          0          0        208   sin_i.o
       128         20          0          0          0        144   tan.o
       848         84         96          0          0        196   tan_i.o
        86          0          0          0          0          0   __dczerorl2.o
         0          0          0          0          0          0   entry.o
         0          0          0          0          0          0   entry10a.o
         0          0          0          0          0          0   entry11a.o
         8          4          0          0          0          0   entry2.o
         4          0          0          0          0          0   entry5.o
         0          0          0          0          0          0   entry7b.o
         0          0          0          0          0          0   entry8b.o
         8          4          0          0          0          0   entry9a.o
        12          6          0          4          0         68   errno.o
        30          0          0          0          0          0   handlers.o
        36          8          0          0          0         68   init.o
         0          0          0          0          0          0   iusefp.o
        98          0          0          0          0         84   ldiv.o
        30          0          0          0          0         68   llshl.o
        36          0          0          0          0         68   llsshr.o
        32          0          0          0          0         68   llushr.o
       188         20          0          0          0        160   malloc.o
        26          0          0          0          0         80   memcmp.o
        36          0          0          0          0         68   memcpya.o
        36          0          0          0          0        108   memseta.o
         0          0          0          8          0          0   mvars.o
      1172         50          0          0          0        420   printf8.o
        18          0          0          0          0         68   strcpy.o
        14          0          0          0          0         68   strlen.o
        98          0          0          0          0         92   uldiv.o
       334          0          0          0          0        148   dadd.o
       222          0          0          0          0        100   ddiv.o
       186          0          0          0          0        176   depilogue.o
        62          0          0          0          0         80   dfixi.o
        74          0          0          0          0         80   dfixl.o
        50          0          0          0          0         76   dfixui.o
        34          0          0          0          0         76   dflti.o
        26          0          0          0          0         76   dfltui.o
       228          0          0          0          0         96   dmul.o
        38          0          0          0          0         68   f2d.o

    ----------------------------------------------------------------------
      6760        464        384         12          0       4500   Library Totals
         6          0          0          0          0          0   (incl. Padding)

    ----------------------------------------------------------------------

      Code (inc. data)   RO Data    RW Data    ZI Data      Debug   Library Name

      3532        372        384          0          0       2036   m_wm.l
      1968         92          0         12          0       1488   mc_w.l
      1254          0          0          0          0        976   mf_w.l

    ----------------------------------------------------------------------
      6760        464        384         12          0       4500   Library Totals

    ----------------------------------------------------------------------

==============================================================================


      Code (inc. data)   RO Data    RW Data    ZI Data      Debug   

     93040      22144       3960       3976      35624     908634   Grand Totals
     93040      22144       3960        160      35624     908634   ELF Image Totals (compressed)
     93040      22144       3960        160          0          0   ROM Totals

==============================================================================

    Total RO  Size (Code + RO Data)                97000 (  94.73kB)
    Total RW  Size (RW Data + ZI Data)             39600 (  38.67kB)
    Total ROM Size (Code + RO Data + RW Data)      97160 (  94.88kB)

==============================================================================

