<html>
<body>
<pre>
<h1>µVision Build Log</h1>
<h2>Tool Versions:</h2>
IDE-Version: µVision V5.18a
Copyright (C) 2016 ARM Ltd and ARM Germany GmbH. All rights reserved.
License Information: Mitch Mason, VSP, LIC=HN0BS-LZ3Z9-DYUV3-A3V6I-H0EQ1-JWNPY
 
Tool Versions:
Toolchain:       MDK-ARM Standard  Version: 5.18a
Toolchain Path:  C:\Keil_v5\ARM\ARMCC\Bin
C Compiler:      Armcc.exe V5.06 update 1 (build 61)
Assembler:       Armasm.exe V5.06 update 1 (build 61)
Linker/Locator:  ArmLink.exe V5.06 update 1 (build 61)
Library Manager: ArmAr.exe V5.06 update 1 (build 61)
Hex Converter:   FromElf.exe V5.06 update 1 (build 61)
CPU DLL:         
Dialog DLL:      
Target DLL:      Segger\JL2CM3.dll V2.99.19.0
Dialog DLL:      TCM.DLL V1.14.8.0
 
<h2>Project:</h2>
C:\Users\Mitch_Mason\Documents\GitHub\theshop-genesis\code\nRF52\bootloader\mcg_bootloader.uvprojx
Project File Date:  05/18/2016

<h2>Output:</h2>
*** Using Compiler 'V5.06 update 1 (build 61)', folder: 'C:\Keil_v5\ARM\ARMCC\Bin'
Build target 'nrf52832_xxaa_s132'
Clean started - Project: 'mcg_bootloader'
   deleting intermediate output files for target 'nrf52832_xxaa_s132'
compiling dfu_ble_svc.c...
compiling main.c...
compiling ble_advdata.c...
compiling ble_conn_params.c...
compiling ble_dfu.c...
compiling ble_srv_common.c...
compiling nrf_delay.c...
compiling nrf_drv_common.c...
compiling pstorage_raw.c...
compiling app_error.c...
compiling app_scheduler.c...
compiling app_timer.c...
compiling app_timer_appsh.c...
compiling bootloader.c...
compiling bootloader_settings.c...
compiling bootloader_util.c...
compiling crc16.c...
compiling dfu_dual_bank.c...
compiling dfu_init_template.c...
compiling hci_mem_pool.c...
compiling nrf_assert.c...
compiling dfu_transport_ble_vsp.c...
compiling app_util_platform.c...
compiling app_error_weak.c...
compiling softdevice_handler.c...
compiling softdevice_handler_appsh.c...
compiling led.c...
assembling arm_startup_nrf52.s...
compiling system_nrf52.c...
linking...
Program Size: Code=14080 RO-data=1204 RW-data=252 ZI-data=18372  
".\_build\mcg_bootloader.axf" - 0 Error(s), 0 Warning(s).

*** Performing Cross-Module-Optimization:
compiling dfu_ble_svc.c...
compiling main.c...
compiling ble_advdata.c...
compiling ble_conn_params.c...
compiling ble_dfu.c...
compiling ble_srv_common.c...
compiling nrf_delay.c...
compiling nrf_drv_common.c...
compiling pstorage_raw.c...
compiling app_error.c...
compiling app_scheduler.c...
compiling app_timer.c...
compiling app_timer_appsh.c...
compiling bootloader.c...
compiling bootloader_settings.c...
compiling dfu_dual_bank.c...
compiling dfu_init_template.c...
compiling hci_mem_pool.c...
compiling nrf_assert.c...
compiling dfu_transport_ble_vsp.c...
compiling app_util_platform.c...
compiling app_error_weak.c...
compiling softdevice_handler.c...
compiling softdevice_handler_appsh.c...
compiling led.c...
compiling system_nrf52.c...
linking...
Program Size: Code=14080 RO-data=1204 RW-data=252 ZI-data=18372  
FromELF: creating hex file...
".\_build\mcg_bootloader.axf" - 0 Error(s), 0 Warning(s).
*** Completed Cross-Module-Optimization after 2 iteration(s).

<h2>Software Packages used:</h2>

Package Vendor: ARM
                http://www.keil.com/pack/ARM.CMSIS.4.5.0.pack
                ARM::CMSIS:CORE:4.3.0
                CMSIS (Cortex Microcontroller Software Interface Standard)
   * Component: CORE Version: 4.3.0

Package Vendor: NordicSemiconductor
                http://developer.nordicsemi.com/nRF51_SDK/pieces/nRF_DeviceFamilyPack/NordicSemiconductor.nRF_DeviceFamilyPack.8.3.1.pack
                NordicSemiconductor::Device:Startup:8.3.1
                Nordic Semiconductor nRF ARM devices Device Family Pack.
   * Component: Startup Version: 8.3.1

<h2>Collection of Component include folders:</h2>
  C:\Users\Mitch_Mason\Documents\GitHub\theshop-genesis\code\nRF52\bootloader\RTE
  C:\Keil_v5\ARM\PACK\ARM\CMSIS\4.5.0\CMSIS\Include
  C:\Keil_v5\ARM\PACK\NordicSemiconductor\nRF_DeviceFamilyPack\8.3.1\Device\Include
  C:\Keil_v5\ARM\PACK\NordicSemiconductor\nRF_DeviceFamilyPack\8.6.0\Device\Include

<h2>Collection of Component Files used:</h2>

   * Component: ARM::CMSIS:CORE:4.3.0

   * Component: NordicSemiconductor::Device:Startup:8.3.1
      Source file:   Device\Source\arm\arm_startup_nrf52.s
      Source file:   Device\Source\system_nrf52.c
      Include file:  Device\Include\system_nrf52.h
Build Time Elapsed:  00:00:33
</pre>
</body>
</html>
