Component: ARM Compiler 5.06 update 1 (build 61) Tool: armlink [4d35a8]

==============================================================================

Section Cross References

    dfu_ble_svc.o(.emb_text) refers to dfu_ble_svc.o(i.C_SVC_Handler) for C_SVC_Handler
    dfu_ble_svc.o(i.C_SVC_Handler) refers to memcpya.o(.text) for __aeabi_memcpy
    dfu_ble_svc.o(i.C_SVC_Handler) refers to crc16.o(i.crc16_compute) for crc16_compute
    dfu_ble_svc.o(i.C_SVC_Handler) refers to dfu_ble_svc.o(NoInit) for NoInit
    dfu_ble_svc.o(i.dfu_ble_peer_data_get) refers to crc16.o(i.crc16_compute) for crc16_compute
    dfu_ble_svc.o(i.dfu_ble_peer_data_get) refers to memcpya.o(.text) for __aeabi_memcpy
    dfu_ble_svc.o(i.dfu_ble_peer_data_get) refers to dfu_ble_svc.o(NoInit) for NoInit
    main.o(i.assert_nrf_callback) refers to app_error.o(i.app_error_handler) for app_error_handler
    main.o(i.ble_stack_init) refers to app_error.o(i.app_error_handler_bare) for app_error_handler_bare
    main.o(i.ble_stack_init) refers to softdevice_handler.o(i.softdevice_handler_init) for softdevice_handler_init
    main.o(i.ble_stack_init) refers to softdevice_handler.o(i.softdevice_enable_get_default_config) for softdevice_enable_get_default_config
    main.o(i.ble_stack_init) refers to softdevice_handler.o(i.softdevice_enable) for softdevice_enable
    main.o(i.ble_stack_init) refers to softdevice_handler.o(i.softdevice_sys_evt_handler_set) for softdevice_sys_evt_handler_set
    main.o(i.ble_stack_init) refers to main.o(.constdata) for .constdata
    main.o(i.ble_stack_init) refers to softdevice_handler_appsh.o(i.softdevice_evt_schedule) for softdevice_evt_schedule
    main.o(i.ble_stack_init) refers to main.o(.bss) for .bss
    main.o(i.ble_stack_init) refers to main.o(i.sys_evt_dispatch) for sys_evt_dispatch
    main.o(i.feed_wdt_timer_handler) refers to main.o(.data) for .data
    main.o(i.main) refers to led.o(i.led_init) for led_init
    main.o(i.main) refers to app_error.o(i.app_error_handler_bare) for app_error_handler_bare
    main.o(i.main) refers to main.o(i.timers_init) for timers_init
    main.o(i.main) refers to bootloader.o(i.bootloader_init) for bootloader_init
    main.o(i.main) refers to bootloader.o(i.bootloader_dfu_sd_in_progress) for bootloader_dfu_sd_in_progress
    main.o(i.main) refers to led.o(i.ledraw) for ledraw
    main.o(i.main) refers to bootloader.o(i.bootloader_dfu_sd_update_continue) for bootloader_dfu_sd_update_continue
    main.o(i.main) refers to main.o(i.ble_stack_init) for ble_stack_init
    main.o(i.main) refers to main.o(i.scheduler_init) for scheduler_init
    main.o(i.main) refers to bootloader.o(i.bootloader_dfu_sd_update_finalize) for bootloader_dfu_sd_update_finalize
    main.o(i.main) refers to app_timer.o(i.app_timer_start) for app_timer_start
    main.o(i.main) refers to bootloader.o(i.bootloader_dfu_start) for bootloader_dfu_start
    main.o(i.main) refers to bootloader.o(i.bootloader_app_is_valid) for bootloader_app_is_valid
    main.o(i.main) refers to bootloader.o(i.bootloader_app_start) for bootloader_app_start
    main.o(i.main) refers to main.o(i.NVIC_SystemReset) for NVIC_SystemReset
    main.o(i.main) refers to main.o(.constdata) for .constdata
    main.o(i.scheduler_init) refers to app_scheduler.o(i.app_sched_init) for app_sched_init
    main.o(i.scheduler_init) refers to app_error.o(i.app_error_handler_bare) for app_error_handler_bare
    main.o(i.scheduler_init) refers to main.o(.bss) for .bss
    main.o(i.sys_evt_dispatch) refers to pstorage_raw.o(i.pstorage_sys_event_handler) for pstorage_sys_event_handler
    main.o(i.timeout_timer_handler) refers to led.o(i.ledraw) for ledraw
    main.o(i.timeout_timer_handler) refers to main.o(i.NVIC_SystemReset) for NVIC_SystemReset
    main.o(i.timers_init) refers to app_timer.o(i.app_timer_init) for app_timer_init
    main.o(i.timers_init) refers to app_error.o(i.app_error_handler_bare) for app_error_handler_bare
    main.o(i.timers_init) refers to app_timer.o(i.app_timer_create) for app_timer_create
    main.o(i.timers_init) refers to main.o(i.watch_dog_enabled) for watch_dog_enabled
    main.o(i.timers_init) refers to app_timer.o(i.app_timer_start) for app_timer_start
    main.o(i.timers_init) refers to app_timer_appsh.o(i.app_timer_evt_schedule) for app_timer_evt_schedule
    main.o(i.timers_init) refers to main.o(.bss) for .bss
    main.o(i.timers_init) refers to main.o(i.timeout_timer_handler) for timeout_timer_handler
    main.o(i.timers_init) refers to main.o(.constdata) for .constdata
    main.o(i.timers_init) refers to main.o(.data) for .data
    main.o(i.timers_init) refers to main.o(i.feed_wdt_timer_handler) for feed_wdt_timer_handler
    main.o(i.watch_dog_enabled) refers to main.o(.data) for .data
    main.o(.constdata) refers to main.o(.bss) for m_TIMEOUT_timer_id_data
    main.o(.constdata) refers to main.o(.bss) for m_feed_wdt_timer_id_data
[...]
    ..\components\libraries\util\app_util_platform.c 0x00000000   Number         0  app_util_platform.o ABSOLUTE
    ..\components\libraries\util\nrf_assert.c 0x00000000   Number         0  nrf_assert.o ABSOLUTE
    ..\components\softdevice\common\softdevice_handler\softdevice_handler.c 0x00000000   Number         0  softdevice_handler.o ABSOLUTE
    ..\components\softdevice\common\softdevice_handler\softdevice_handler_appsh.c 0x00000000   Number         0  softdevice_handler_appsh.o ABSOLUTE
    ..\mcgenesis\led\led.c                   0x00000000   Number         0  led.o ABSOLUTE
    RTE\Device\nRF52832_xxAA\arm_startup_nrf52.s 0x00000000   Number         0  arm_startup_nrf52.o ABSOLUTE
    RTE\Device\nRF52832_xxAA\system_nrf52.c  0x00000000   Number         0  system_nrf52.o ABSOLUTE
    RTE\\Device\\nRF52832_xxAA\\system_nrf52.c 0x00000000   Number         0  system_nrf52.o ABSOLUTE
    dc.s                                     0x00000000   Number         0  dc.o ABSOLUTE
    dfu_ble_svc.c                            0x00000000   Number         0  dfu_ble_svc.o ABSOLUTE
    dfu_ble_svc.c                            0x00000000   Number         0  dfu_ble_svc.o ABSOLUTE
    handlers.s                               0x00000000   Number         0  handlers.o ABSOLUTE
    init.s                                   0x00000000   Number         0  init.o ABSOLUTE
    main.c                                   0x00000000   Number         0  main.o ABSOLUTE
    main.c                                   0x00000000   Number         0  main.o ABSOLUTE
    RESET                                    0x0007a000   Section     1024  arm_startup_nrf52.o(RESET)
    .ARM.Collect$$$$00000000                 0x0007a400   Section        0  entry.o(.ARM.Collect$$$$00000000)
    .ARM.Collect$$$$00000001                 0x0007a400   Section        4  entry2.o(.ARM.Collect$$$$00000001)
    .ARM.Collect$$$$00000004                 0x0007a404   Section        4  entry5.o(.ARM.Collect$$$$00000004)
    .ARM.Collect$$$$00000008                 0x0007a408   Section        0  entry7b.o(.ARM.Collect$$$$00000008)
    .ARM.Collect$$$$0000000A                 0x0007a408   Section        0  entry8b.o(.ARM.Collect$$$$0000000A)
    .ARM.Collect$$$$0000000B                 0x0007a408   Section        8  entry9a.o(.ARM.Collect$$$$0000000B)
    .ARM.Collect$$$$0000000D                 0x0007a410   Section        0  entry10a.o(.ARM.Collect$$$$0000000D)
    .ARM.Collect$$$$0000000F                 0x0007a410   Section        0  entry11a.o(.ARM.Collect$$$$0000000F)
    .ARM.Collect$$$$00002712                 0x0007a410   Section        4  entry2.o(.ARM.Collect$$$$00002712)
    __lit__00000000                          0x0007a410   Data           4  entry2.o(.ARM.Collect$$$$00002712)
    .emb_text                                0x0007a414   Section       32  dfu_ble_svc.o(.emb_text)
    $v0                                      0x0007a414   Number         0  dfu_ble_svc.o(.emb_text)
    .emb_text                                0x0007a434   Section      118  nrf_delay.o(.emb_text)
    $v0                                      0x0007a434   Number         0  nrf_delay.o(.emb_text)
    .emb_text                                0x0007a4ac   Section      118  app_timer.o(.emb_text)
    $v0                                      0x0007a4ac   Number         0  app_timer.o(.emb_text)
    .emb_text                                0x0007a524   Section       52  bootloader_util.o(.emb_text)
    $v0                                      0x0007a524   Number         0  bootloader_util.o(.emb_text)
    .text                                    0x0007a558   Section       36  arm_startup_nrf52.o(.text)
    $v0                                      0x0007a558   Number         0  arm_startup_nrf52.o(.text)
    .text                                    0x0007a57c   Section        0  memcpya.o(.text)
    .text                                    0x0007a5a0   Section        0  memseta.o(.text)
    .text                                    0x0007a5c4   Section        0  memcmp.o(.text)
    .text                                    0x0007a5e0   Section       36  init.o(.text)
    i.C_SVC_Handler                          0x0007a604   Section        0  dfu_ble_svc.o(i.C_SVC_Handler)
    i.NVIC_ClearPendingIRQ                   0x0007a660   Section        0  app_timer.o(i.NVIC_ClearPendingIRQ)
    NVIC_ClearPendingIRQ                     0x0007a661   Thumb Code    22  app_timer.o(i.NVIC_ClearPendingIRQ)
    i.NVIC_EnableIRQ                         0x0007a676   Section        0  app_timer.o(i.NVIC_EnableIRQ)
    NVIC_EnableIRQ                           0x0007a677   Thumb Code    22  app_timer.o(i.NVIC_EnableIRQ)
    i.NVIC_SetPendingIRQ                     0x0007a68c   Section        0  app_timer.o(i.NVIC_SetPendingIRQ)
    NVIC_SetPendingIRQ                       0x0007a68d   Thumb Code    22  app_timer.o(i.NVIC_SetPendingIRQ)
    i.NVIC_SetPriority                       0x0007a6a2   Section        0  app_timer.o(i.NVIC_SetPriority)
    NVIC_SetPriority                         0x0007a6a3   Thumb Code    32  app_timer.o(i.NVIC_SetPriority)
    i.NVIC_SystemReset                       0x0007a6c4   Section        0  main.o(i.NVIC_SystemReset)
    NVIC_SystemReset                         0x0007a6c5   Thumb Code    26  main.o(i.NVIC_SystemReset)
    i.NVIC_SystemReset                       0x0007a6e8   Section        0  system_nrf52.o(i.NVIC_SystemReset)
    NVIC_SystemReset                         0x0007a6e9   Thumb Code    26  system_nrf52.o(i.NVIC_SystemReset)
    i.RTC1_IRQHandler                        0x0007a70c   Section        0  app_timer.o(i.RTC1_IRQHandler)
    i.SWI0_EGU0_IRQHandler                   0x0007a730   Section        0  app_timer.o(i.SWI0_EGU0_IRQHandler)
    i.SWI2_EGU2_IRQHandler                   0x0007a734   Section        0  softdevice_handler.o(i.SWI2_EGU2_IRQHandler)
    i.SystemInit                             0x0007a758   Section        0  system_nrf52.o(i.SystemInit)
    i.__scatterload_copy                     0x0007a9c8   Section       14  handlers.o(i.__scatterload_copy)
    i.__scatterload_null                     0x0007a9d6   Section        2  handlers.o(i.__scatterload_null)
    i.__scatterload_zeroinit                 0x0007a9d8   Section       14  handlers.o(i.__scatterload_zeroinit)
    i.adv_data_encode                        0x0007a9e6   Section        0  ble_advdata.o(i.adv_data_encode)
    i.advertising_init                       0x0007abe8   Section        0  dfu_transport_ble_vsp.o(i.advertising_init)
    advertising_init                         0x0007abe9   Thumb Code    76  dfu_transport_ble_vsp.o(i.advertising_init)
    i.advertising_start                      0x0007ac38   Section        0  dfu_transport_ble_vsp.o(i.advertising_start)
    advertising_start                        0x0007ac39   Thumb Code   158  dfu_transport_ble_vsp.o(i.advertising_start)
    i.app_data_process                       0x0007ace0   Section        0  dfu_transport_ble_vsp.o(i.app_data_process)
    app_data_process                         0x0007ace1   Thumb Code   198  dfu_transport_ble_vsp.o(i.app_data_process)
    i.app_error_fault_handler                0x0007adac   Section        0  app_error_weak.o(i.app_error_fault_handler)
    i.app_error_handler_bare                 0x0007add0   Section        0  app_error.o(i.app_error_handler_bare)
    i.app_notify                             0x0007ade8   Section        0  pstorage_raw.o(i.app_notify)
    app_notify                               0x0007ade9   Thumb Code    30  pstorage_raw.o(i.app_notify)
    i.app_sched_event_get                    0x0007ae0c   Section        0  app_scheduler.o(i.app_sched_event_get)
    app_sched_event_get                      0x0007ae0d   Thumb Code    64  app_scheduler.o(i.app_sched_event_get)
    i.app_sched_event_put                    0x0007ae50   Section        0  app_scheduler.o(i.app_sched_event_put)
    i.app_sched_execute                      0x0007aef0   Section        0  app_scheduler.o(i.app_sched_execute)
    i.app_sched_init                         0x0007af10   Section        0  app_scheduler.o(i.app_sched_init)
    i.app_timer_create                       0x0007af3c   Section        0  app_timer.o(i.app_timer_create)
    i.app_timer_evt_get                      0x0007af60   Section        0  app_timer_appsh.o(i.app_timer_evt_get)
    app_timer_evt_get                        0x0007af61   Thumb Code    24  app_timer_appsh.o(i.app_timer_evt_get)
    i.app_timer_evt_schedule                 0x0007af78   Section        0  app_timer_appsh.o(i.app_timer_evt_schedule)
    i.app_timer_init                         0x0007af90   Section        0  app_timer.o(i.app_timer_init)
    i.app_timer_start                        0x0007b020   Section        0  app_timer.o(i.app_timer_start)
    i.app_timer_stop                         0x0007b0a0   Section        0  app_timer.o(i.app_timer_stop)
    i.app_util_critical_region_enter         0x0007b0f0   Section        0  app_util_platform.o(i.app_util_critical_region_enter)
    i.app_util_critical_region_exit          0x0007b138   Section        0  app_util_platform.o(i.app_util_critical_region_exit)
    i.ble_advdata_set                        0x0007b16c   Section        0  ble_advdata.o(i.ble_advdata_set)
    i.ble_conn_params_init                   0x0007b1d4   Section        0  ble_conn_params.o(i.ble_conn_params_init)
    i.ble_conn_params_on_ble_evt             0x0007b22c   Section        0  ble_conn_params.o(i.ble_conn_params_on_ble_evt)
    i.ble_conn_params_stop                   0x0007b2b0   Section        0  ble_conn_params.o(i.ble_conn_params_stop)
    i.ble_device_addr_encode                 0x0007b2bc   Section        0  ble_advdata.o(i.ble_device_addr_encode)
    ble_device_addr_encode                   0x0007b2bd   Thumb Code    94  ble_advdata.o(i.ble_device_addr_encode)
    i.ble_dfu_bytes_rcvd_report              0x0007b31c   Section        0  ble_dfu.o(i.ble_dfu_bytes_rcvd_report)
    i.ble_dfu_init                           0x0007b394   Section        0  ble_dfu.o(i.ble_dfu_init)
    i.ble_dfu_on_ble_evt                     0x0007b420   Section        0  ble_dfu.o(i.ble_dfu_on_ble_evt)
    i.ble_dfu_pkts_rcpt_notify               0x0007b4ac   Section        0  ble_dfu.o(i.ble_dfu_pkts_rcpt_notify)
    i.ble_dfu_response_send                  0x0007b51c   Section        0  ble_dfu.o(i.ble_dfu_response_send)
    i.ble_evt_dispatch                       0x0007b57c   Section        0  dfu_transport_ble_vsp.o(i.ble_evt_dispatch)
    ble_evt_dispatch                         0x0007b57d   Thumb Code    26  dfu_transport_ble_vsp.o(i.ble_evt_dispatch)
    i.ble_stack_init                         0x0007b59c   Section        0  main.o(i.ble_stack_init)
    ble_stack_init                           0x0007b59d   Thumb Code   118  main.o(i.ble_stack_init)
    i.bootloader_app_is_valid                0x0007b624   Section        0  bootloader.o(i.bootloader_app_is_valid)
    i.bootloader_app_start                   0x0007b660   Section        0  bootloader.o(i.bootloader_app_start)
    i.bootloader_dfu_sd_in_progress          0x0007b6b4   Section        0  bootloader.o(i.bootloader_dfu_sd_in_progress)
    i.bootloader_dfu_sd_update_continue      0x0007b6d2   Section        0  bootloader.o(i.bootloader_dfu_sd_update_continue)
    i.bootloader_dfu_sd_update_finalize      0x0007b70c   Section        0  bootloader.o(i.bootloader_dfu_sd_update_finalize)
    i.bootloader_dfu_start                   0x0007b738   Section        0  bootloader.o(i.bootloader_dfu_start)
    i.bootloader_dfu_update_process          0x0007b750   Section        0  bootloader.o(i.bootloader_dfu_update_process)
    i.bootloader_init                        0x0007b834   Section        0  bootloader.o(i.bootloader_init)
    i.bootloader_settings_get                0x0007b860   Section        0  bootloader.o(i.bootloader_settings_get)
    i.bootloader_settings_save               0x0007b890   Section        0  bootloader.o(i.bootloader_settings_save)
    bootloader_settings_save                 0x0007b891   Thumb Code    44  bootloader.o(i.bootloader_settings_save)
    i.bootloader_util_app_start              0x0007b8c0   Section        0  bootloader_util.o(i.bootloader_util_app_start)
    i.bootloader_util_settings_get           0x0007b8c4   Section        0  bootloader_settings.o(i.bootloader_util_settings_get)
    i.cmd_process                            0x0007b8d0   Section        0  pstorage_raw.o(i.cmd_process)
    cmd_process                              0x0007b8d1   Thumb Code    96  pstorage_raw.o(i.cmd_process)
    i.cmd_queue_element_init                 0x0007b938   Section        0  pstorage_raw.o(i.cmd_queue_element_init)
    cmd_queue_element_init                   0x0007b939   Thumb Code    28  pstorage_raw.o(i.cmd_queue_element_init)
    i.cmd_queue_enqueue                      0x0007b958   Section        0  pstorage_raw.o(i.cmd_queue_enqueue)
    cmd_queue_enqueue                        0x0007b959   Thumb Code    82  pstorage_raw.o(i.cmd_queue_enqueue)
    i.compare_reg_update                     0x0007b9b0   Section        0  app_timer.o(i.compare_reg_update)
    compare_reg_update                       0x0007b9b1   Thumb Code   160  app_timer.o(i.compare_reg_update)
    i.conn_int_encode                        0x0007ba5c   Section        0  ble_advdata.o(i.conn_int_encode)
    conn_int_encode                          0x0007ba5d   Thumb Code   136  ble_advdata.o(i.conn_int_encode)
    i.conn_params_error_handler              0x0007bae4   Section        0  dfu_transport_ble_vsp.o(i.conn_params_error_handler)
    conn_params_error_handler                0x0007bae5   Thumb Code     4  dfu_transport_ble_vsp.o(i.conn_params_error_handler)
    i.conn_params_negotiation                0x0007bae8   Section        0  ble_conn_params.o(i.conn_params_negotiation)
    conn_params_negotiation                  0x0007bae9   Thumb Code    78  ble_conn_params.o(i.conn_params_negotiation)
    i.crc16_compute                          0x0007bb44   Section        0  crc16.o(i.crc16_compute)
    i.dfu_activate_app                       0x0007bb7c   Section        0  dfu_dual_bank.o(i.dfu_activate_app)
    dfu_activate_app                         0x0007bb7d   Thumb Code    90  dfu_dual_bank.o(i.dfu_activate_app)
    i.dfu_activate_bl                        0x0007bbe0   Section        0  dfu_dual_bank.o(i.dfu_activate_bl)
    dfu_activate_bl                          0x0007bbe1   Thumb Code    30  dfu_dual_bank.o(i.dfu_activate_bl)
    i.dfu_activate_sd                        0x0007bc08   Section        0  dfu_dual_bank.o(i.dfu_activate_sd)
    dfu_activate_sd                          0x0007bc09   Thumb Code    36  dfu_dual_bank.o(i.dfu_activate_sd)
    i.dfu_bl_image_swap                      0x0007bc34   Section        0  dfu_dual_bank.o(i.dfu_bl_image_swap)
    i.dfu_bl_image_validate                  0x0007bc78   Section        0  dfu_dual_bank.o(i.dfu_bl_image_validate)
    i.dfu_ble_peer_data_get                  0x0007bcc4   Section        0  dfu_ble_svc.o(i.dfu_ble_peer_data_get)
    i.dfu_cb_handler                         0x0007bd00   Section        0  dfu_transport_ble_vsp.o(i.dfu_cb_handler)
    dfu_cb_handler                           0x0007bd01   Thumb Code    90  dfu_transport_ble_vsp.o(i.dfu_cb_handler)
    i.dfu_cleared_func_app                   0x0007bd64   Section        0  dfu_dual_bank.o(i.dfu_cleared_func_app)
    dfu_cleared_func_app                     0x0007bd65   Thumb Code    34  dfu_dual_bank.o(i.dfu_cleared_func_app)
    i.dfu_cleared_func_swap                  0x0007bd8c   Section        0  dfu_dual_bank.o(i.dfu_cleared_func_swap)
    dfu_cleared_func_swap                    0x0007bd8d   Thumb Code     2  dfu_dual_bank.o(i.dfu_cleared_func_swap)
    i.dfu_compare_block                      0x0007bd8e   Section        0  dfu_dual_bank.o(i.dfu_compare_block)
    dfu_compare_block                        0x0007bd8f   Thumb Code    22  dfu_dual_bank.o(i.dfu_compare_block)
    i.dfu_copy_sd                            0x0007bda4   Section        0  dfu_dual_bank.o(i.dfu_copy_sd)
    dfu_copy_sd                              0x0007bda5   Thumb Code    22  dfu_dual_bank.o(i.dfu_copy_sd)
    i.dfu_ctrl_pt_add                        0x0007bdba   Section        0  ble_dfu.o(i.dfu_ctrl_pt_add)
    dfu_ctrl_pt_add                          0x0007bdbb   Thumb Code   156  ble_dfu.o(i.dfu_ctrl_pt_add)
    i.dfu_data_pkt_handle                    0x0007be58   Section        0  dfu_dual_bank.o(i.dfu_data_pkt_handle)
    i.dfu_error_notify                       0x0007bec4   Section        0  dfu_transport_ble_vsp.o(i.dfu_error_notify)
    dfu_error_notify                         0x0007bec5   Thumb Code    38  dfu_transport_ble_vsp.o(i.dfu_error_notify)
    i.dfu_image_activate                     0x0007beec   Section        0  dfu_dual_bank.o(i.dfu_image_activate)
    i.dfu_image_validate                     0x0007bf20   Section        0  dfu_dual_bank.o(i.dfu_image_validate)
    i.dfu_init                               0x0007bf5c   Section        0  dfu_dual_bank.o(i.dfu_init)
    i.dfu_init_pkt_complete                  0x0007bfe0   Section        0  dfu_dual_bank.o(i.dfu_init_pkt_complete)
    i.dfu_init_pkt_handle                    0x0007c010   Section        0  dfu_dual_bank.o(i.dfu_init_pkt_handle)
    i.dfu_init_postvalidate                  0x0007c06c   Section        0  dfu_init_template.o(i.dfu_init_postvalidate)
    i.dfu_init_prevalidate                   0x0007c088   Section        0  dfu_init_template.o(i.dfu_init_prevalidate)
    i.dfu_pkt_char_add                       0x0007c110   Section        0  ble_dfu.o(i.dfu_pkt_char_add)
    dfu_pkt_char_add                         0x0007c111   Thumb Code   156  ble_dfu.o(i.dfu_pkt_char_add)
    i.dfu_prepare_func_app_erase             0x0007c1ac   Section        0  dfu_dual_bank.o(i.dfu_prepare_func_app_erase)
    dfu_prepare_func_app_erase               0x0007c1ad   Thumb Code    36  dfu_dual_bank.o(i.dfu_prepare_func_app_erase)
    i.dfu_prepare_func_swap_erase            0x0007c1d4   Section        0  dfu_dual_bank.o(i.dfu_prepare_func_swap_erase)
    dfu_prepare_func_swap_erase              0x0007c1d5   Thumb Code    52  dfu_dual_bank.o(i.dfu_prepare_func_swap_erase)
    i.dfu_register_callback                  0x0007c20c   Section        0  dfu_dual_bank.o(i.dfu_register_callback)
    i.dfu_reset                              0x0007c218   Section        0  dfu_dual_bank.o(i.dfu_reset)
    i.dfu_rev_char_add                       0x0007c228   Section        0  ble_dfu.o(i.dfu_rev_char_add)
    dfu_rev_char_add                         0x0007c229   Thumb Code   158  ble_dfu.o(i.dfu_rev_char_add)
    i.dfu_sd_image_swap                      0x0007c2c6   Section        0  dfu_dual_bank.o(i.dfu_sd_image_swap)
    i.dfu_sd_image_validate                  0x0007c340   Section        0  dfu_dual_bank.o(i.dfu_sd_image_validate)
    i.dfu_sd_img_block_swap                  0x0007c3a0   Section        0  dfu_dual_bank.o(i.dfu_sd_img_block_swap)
    dfu_sd_img_block_swap                    0x0007c3a1   Thumb Code    74  dfu_dual_bank.o(i.dfu_sd_img_block_swap)
    i.dfu_start_pkt_handle                   0x0007c3ec   Section        0  dfu_dual_bank.o(i.dfu_start_pkt_handle)
    i.dfu_timeout_handler                    0x0007c4b8   Section        0  dfu_dual_bank.o(i.dfu_timeout_handler)
    dfu_timeout_handler                      0x0007c4b9   Thumb Code    22  dfu_dual_bank.o(i.dfu_timeout_handler)
    i.dfu_timer_restart                      0x0007c4d4   Section        0  dfu_dual_bank.o(i.dfu_timer_restart)
    dfu_timer_restart                        0x0007c4d5   Thumb Code    50  dfu_dual_bank.o(i.dfu_timer_restart)
    i.dfu_transport_close                    0x0007c510   Section        0  dfu_transport_ble_vsp.o(i.dfu_transport_close)
    i.dfu_transport_update_start             0x0007c550   Section        0  dfu_transport_ble_vsp.o(i.dfu_transport_update_start)
    i.elapsed_ticks_acquire                  0x0007c678   Section        0  app_timer.o(i.elapsed_ticks_acquire)
    elapsed_ticks_acquire                    0x0007c679   Thumb Code    58  app_timer.o(i.elapsed_ticks_acquire)
    i.feed_wdt_timer_handler                 0x0007c6b8   Section        0  main.o(i.feed_wdt_timer_handler)
    feed_wdt_timer_handler                   0x0007c6b9   Thumb Code    18  main.o(i.feed_wdt_timer_handler)
    i.hci_mem_pool_open                      0x0007c6d8   Section        0  hci_mem_pool.o(i.hci_mem_pool_open)
    i.hci_mem_pool_rx_consume                0x0007c700   Section        0  hci_mem_pool.o(i.hci_mem_pool_rx_consume)
    i.hci_mem_pool_rx_data_size_set          0x0007c76c   Section        0  hci_mem_pool.o(i.hci_mem_pool_rx_data_size_set)
    i.hci_mem_pool_rx_extract                0x0007c78c   Section        0  hci_mem_pool.o(i.hci_mem_pool_rx_extract)
    i.hci_mem_pool_rx_produce                0x0007c7d4   Section        0  hci_mem_pool.o(i.hci_mem_pool_rx_produce)
    i.init_data_process                      0x0007c824   Section        0  dfu_transport_ble_vsp.o(i.init_data_process)
    init_data_process                        0x0007c825   Thumb Code    90  dfu_transport_ble_vsp.o(i.init_data_process)
    i.intern_softdevice_events_execute       0x0007c880   Section        0  softdevice_handler.o(i.intern_softdevice_events_execute)
    i.is_conn_params_ok                      0x0007c8f0   Section        0  ble_conn_params.o(i.is_conn_params_ok)
    is_conn_params_ok                        0x0007c8f1   Thumb Code    24  ble_conn_params.o(i.is_conn_params_ok)
    i.is_word_aligned                        0x0007c90c   Section        0  pstorage_raw.o(i.is_word_aligned)
    is_word_aligned                          0x0007c90d   Thumb Code    12  pstorage_raw.o(i.is_word_aligned)
    i.le_role_encode                         0x0007c918   Section        0  ble_advdata.o(i.le_role_encode)
    le_role_encode                           0x0007c919   Thumb Code    84  ble_advdata.o(i.le_role_encode)
    i.led_control                            0x0007c96c   Section        0  led.o(i.led_control)
    i.led_init                               0x0007ca0c   Section        0  led.o(i.led_init)
    i.ledraw                                 0x0007ca6c   Section        0  led.o(i.ledraw)
    i.list_deletions_handler                 0x0007ca9c   Section        0  app_timer.o(i.list_deletions_handler)
    list_deletions_handler                   0x0007ca9d   Thumb Code   178  app_timer.o(i.list_deletions_handler)
    i.list_insertions_handler                0x0007cb58   Section        0  app_timer.o(i.list_insertions_handler)
    list_insertions_handler                  0x0007cb59   Thumb Code   196  app_timer.o(i.list_insertions_handler)
    i.main                                   0x0007cc24   Section        0  main.o(i.main)
    i.manuf_specific_data_encode             0x0007cd20   Section        0  ble_advdata.o(i.manuf_specific_data_encode)
    manuf_specific_data_encode               0x0007cd21   Thumb Code   100  ble_advdata.o(i.manuf_specific_data_encode)
    i.name_encode                            0x0007cd84   Section        0  ble_advdata.o(i.name_encode)
    name_encode                              0x0007cd85   Thumb Code   156  ble_advdata.o(i.name_encode)
    i.nrf_delay_ms                           0x0007ce20   Section        0  nrf_delay.o(i.nrf_delay_ms)
    i.nrf_err_code_translate                 0x0007ce3a   Section        0  dfu_transport_ble_vsp.o(i.nrf_err_code_translate)
    nrf_err_code_translate                   0x0007ce3b   Thumb Code    52  dfu_transport_ble_vsp.o(i.nrf_err_code_translate)
    i.nrf_gpio_cfg                           0x0007ce6e   Section        0  led.o(i.nrf_gpio_cfg)
    nrf_gpio_cfg                             0x0007ce6f   Thumb Code    34  led.o(i.nrf_gpio_cfg)
    i.nrf_gpio_cfg_input                     0x0007ce90   Section        0  led.o(i.nrf_gpio_cfg_input)
    nrf_gpio_cfg_input                       0x0007ce91   Thumb Code    18  led.o(i.nrf_gpio_cfg_input)
    i.nrf_gpio_cfg_output                    0x0007cea2   Section        0  led.o(i.nrf_gpio_cfg_output)
    nrf_gpio_cfg_output                      0x0007cea3   Thumb Code    20  led.o(i.nrf_gpio_cfg_output)
    i.nrf_gpio_pin_clear                     0x0007ceb8   Section        0  led.o(i.nrf_gpio_pin_clear)
    nrf_gpio_pin_clear                       0x0007ceb9   Thumb Code    10  led.o(i.nrf_gpio_pin_clear)
    i.nrf_gpio_pin_set                       0x0007cec8   Section        0  led.o(i.nrf_gpio_pin_set)
    nrf_gpio_pin_set                         0x0007cec9   Thumb Code    10  led.o(i.nrf_gpio_pin_set)
    i.on_ble_evt                             0x0007ced8   Section        0  dfu_transport_ble_vsp.o(i.on_ble_evt)
    on_ble_evt                               0x0007ced9   Thumb Code   348  dfu_transport_ble_vsp.o(i.on_ble_evt)
    i.on_ctrl_pt_write                       0x0007d040   Section        0  ble_dfu.o(i.on_ctrl_pt_write)
    on_ctrl_pt_write                         0x0007d041   Thumb Code   248  ble_dfu.o(i.on_ctrl_pt_write)
    i.on_dfu_evt                             0x0007d138   Section        0  dfu_transport_ble_vsp.o(i.on_dfu_evt)
    on_dfu_evt                               0x0007d139   Thumb Code   220  dfu_transport_ble_vsp.o(i.on_dfu_evt)
    i.pstorage_callback_handler              0x0007d21c   Section        0  bootloader.o(i.pstorage_callback_handler)
    pstorage_callback_handler                0x0007d21d   Thumb Code    26  bootloader.o(i.pstorage_callback_handler)
    i.pstorage_callback_handler              0x0007d23c   Section        0  dfu_dual_bank.o(i.pstorage_callback_handler)
    pstorage_callback_handler                0x0007d23d   Thumb Code    74  dfu_dual_bank.o(i.pstorage_callback_handler)
    i.pstorage_clear                         0x0007d290   Section        0  pstorage_raw.o(i.pstorage_clear)
    i.pstorage_init                          0x0007d2a4   Section        0  pstorage_raw.o(i.pstorage_init)
    i.pstorage_register                      0x0007d2e4   Section        0  pstorage_raw.o(i.pstorage_register)
    i.pstorage_store                         0x0007d308   Section        0  pstorage_raw.o(i.pstorage_store)
    i.pstorage_sys_event_handler             0x0007d338   Section        0  pstorage_raw.o(i.pstorage_sys_event_handler)
    i.rtc1_stop                              0x0007d3d4   Section        0  app_timer.o(i.rtc1_stop)
    rtc1_stop                                0x0007d3d5   Thumb Code    52  app_timer.o(i.rtc1_stop)
    i.scheduler_init                         0x0007d410   Section        0  main.o(i.scheduler_init)
    scheduler_init                           0x0007d411   Thumb Code    26  main.o(i.scheduler_init)
    i.sd_nvic_EnableIRQ                      0x0007d430   Section        0  softdevice_handler.o(i.sd_nvic_EnableIRQ)
    sd_nvic_EnableIRQ                        0x0007d431   Thumb Code   128  softdevice_handler.o(i.sd_nvic_EnableIRQ)
    i.sec_params_init                        0x0007d4b8   Section        0  dfu_transport_ble_vsp.o(i.sec_params_init)
    sec_params_init                          0x0007d4b9   Thumb Code    26  dfu_transport_ble_vsp.o(i.sec_params_init)
    i.service_change_indicate                0x0007d4d8   Section        0  dfu_transport_ble_vsp.o(i.service_change_indicate)
    service_change_indicate                  0x0007d4d9   Thumb Code    86  dfu_transport_ble_vsp.o(i.service_change_indicate)
    i.service_data_encode                    0x0007d538   Section        0  ble_advdata.o(i.service_data_encode)
    service_data_encode                      0x0007d539   Thumb Code   136  ble_advdata.o(i.service_data_encode)
    i.service_error_handler                  0x0007d5c0   Section        0  dfu_transport_ble_vsp.o(i.service_error_handler)
    service_error_handler                    0x0007d5c1   Thumb Code     4  dfu_transport_ble_vsp.o(i.service_error_handler)
    i.softdevice_ble_evt_handler_set         0x0007d5c4   Section        0  softdevice_handler.o(i.softdevice_ble_evt_handler_set)
    i.softdevice_enable                      0x0007d5d8   Section        0  softdevice_handler.o(i.softdevice_enable)
    i.softdevice_enable_get_default_config   0x0007d5ec   Section        0  softdevice_handler.o(i.softdevice_enable_get_default_config)
    i.softdevice_evt_get                     0x0007d612   Section        0  softdevice_handler_appsh.o(i.softdevice_evt_get)
    i.softdevice_evt_schedule                0x0007d624   Section        0  softdevice_handler_appsh.o(i.softdevice_evt_schedule)
    i.softdevice_fault_handler               0x0007d634   Section        0  softdevice_handler.o(i.softdevice_fault_handler)
    i.softdevice_handler_init                0x0007d638   Section        0  softdevice_handler.o(i.softdevice_handler_init)
    i.softdevice_sys_evt_handler_set         0x0007d66c   Section        0  softdevice_handler.o(i.softdevice_sys_evt_handler_set)
    i.start_data_process                     0x0007d680   Section        0  dfu_transport_ble_vsp.o(i.start_data_process)
    start_data_process                       0x0007d681   Thumb Code   120  dfu_transport_ble_vsp.o(i.start_data_process)
    i.sys_evt_dispatch                       0x0007d700   Section        0  main.o(i.sys_evt_dispatch)
    sys_evt_dispatch                         0x0007d701   Thumb Code     4  main.o(i.sys_evt_dispatch)
    i.timeout_timer_handler                  0x0007d704   Section        0  main.o(i.timeout_timer_handler)
    timeout_timer_handler                    0x0007d705   Thumb Code    14  main.o(i.timeout_timer_handler)
    i.timer_list_handler                     0x0007d714   Section        0  app_timer.o(i.timer_list_handler)
    timer_list_handler                       0x0007d715   Thumb Code   134  app_timer.o(i.timer_list_handler)
    i.timer_list_insert                      0x0007d7a0   Section        0  app_timer.o(i.timer_list_insert)
    timer_list_insert                        0x0007d7a1   Thumb Code    56  app_timer.o(i.timer_list_insert)
    i.timer_timeouts_check                   0x0007d7dc   Section        0  app_timer.o(i.timer_timeouts_check)
    timer_timeouts_check                     0x0007d7dd   Thumb Code   124  app_timer.o(i.timer_timeouts_check)
    i.timers_init                            0x0007d860   Section        0  main.o(i.timers_init)
    timers_init                              0x0007d861   Thumb Code   112  main.o(i.timers_init)
    i.uint16_encode                          0x0007d8f4   Section        0  ble_advdata.o(i.uint16_encode)
    uint16_encode                            0x0007d8f5   Thumb Code    10  ble_advdata.o(i.uint16_encode)
    i.uint32_encode                          0x0007d8fe   Section        0  ble_dfu.o(i.uint32_encode)
    uint32_encode                            0x0007d8ff   Thumb Code    18  ble_dfu.o(i.uint32_encode)
    i.update_timeout_handler                 0x0007d910   Section        0  ble_conn_params.o(i.update_timeout_handler)
    update_timeout_handler                   0x0007d911   Thumb Code    88  ble_conn_params.o(i.update_timeout_handler)
    i.user_id_get                            0x0007d970   Section        0  app_timer.o(i.user_id_get)
    user_id_get                              0x0007d971   Thumb Code    62  app_timer.o(i.user_id_get)
    i.user_op_alloc                          0x0007d9ae   Section        0  app_timer.o(i.user_op_alloc)
    user_op_alloc                            0x0007d9af   Thumb Code    40  app_timer.o(i.user_op_alloc)
    i.uuid_list_encode                       0x0007d9d6   Section        0  ble_advdata.o(i.uuid_list_encode)
    uuid_list_encode                         0x0007d9d7   Thumb Code    48  ble_advdata.o(i.uuid_list_encode)
    i.uuid_list_sized_encode                 0x0007da06   Section        0  ble_advdata.o(i.uuid_list_sized_encode)
    uuid_list_sized_encode                   0x0007da07   Thumb Code   158  ble_advdata.o(i.uuid_list_sized_encode)
    i.wait_for_events                        0x0007daa4   Section        0  bootloader.o(i.wait_for_events)
    wait_for_events                          0x0007daa5   Thumb Code    32  bootloader.o(i.wait_for_events)
    i.watch_dog_enabled                      0x0007dac8   Section        0  main.o(i.watch_dog_enabled)
    .constdata                               0x0007db00   Section       28  main.o(.constdata)
    m_TIMEOUT_timer_id                       0x0007db00   Data           4  main.o(.constdata)
    m_feed_wdt_timer_id                      0x0007db04   Data           4  main.o(.constdata)
    .constdata                               0x0007db1c   Section        4  ble_conn_params.o(.constdata)
    m_conn_params_timer_id                   0x0007db1c   Data           4  ble_conn_params.o(.constdata)
    .constdata                               0x0007db20   Section       16  ble_dfu.o(.constdata)
    .constdata                               0x0007db30   Section       32  bootloader.o(.constdata)
    .constdata                               0x0007db50   Section       36  dfu_dual_bank.o(.constdata)
    m_dfu_timer_id                           0x0007db50   Data           4  dfu_dual_bank.o(.constdata)
    .constdata                               0x0007db74   Section       32  dfu_transport_ble_vsp.o(.constdata)
    .ARM.__AT_0x0007E000                     0x0007e000   Section     4096  bootloader_settings.o(.ARM.__AT_0x0007E000)
    __tagsym$$used                           0x0007e000   Number         0  bootloader_settings.o(.ARM.__AT_0x0007E000)
    .ARM.__AT_0x0007F000                     0x0007f000   Section     4096  bootloader_settings.o(.ARM.__AT_0x0007F000)
    __tagsym$$used                           0x0007f000   Number         0  bootloader_settings.o(.ARM.__AT_0x0007F000)
    .ARM.__AT_0x10001014                     0x10001014   Section        4  bootloader_settings.o(.ARM.__AT_0x10001014)
    .ARM.__AT_0x10001018                     0x10001018   Section        4  bootloader_settings.o(.ARM.__AT_0x10001018)
    .data                                    0x20002c00   Section        8  main.o(.data)
    .data                                    0x20002c08   Section       20  ble_conn_params.o(.data)
    m_change_param                           0x20002c08   Data           1  ble_conn_params.o(.data)
    m_update_count                           0x20002c09   Data           1  ble_conn_params.o(.data)
    m_conn_handle                            0x20002c0a   Data           2  ble_conn_params.o(.data)
    m_preferred_conn_params                  0x20002c0c   Data           8  ble_conn_params.o(.data)
    m_current_conn_params                    0x20002c14   Data           8  ble_conn_params.o(.data)
    .data                                    0x20002c1c   Section        8  ble_dfu.o(.data)
    m_is_dfu_service_initialized             0x20002c1c   Data           1  ble_dfu.o(.data)
    m_notif_buffer                           0x20002c1d   Data           7  ble_dfu.o(.data)
    .data                                    0x20002c24   Section       16  pstorage_raw.o(.data)
    m_next_app_instance                      0x20002c24   Data           4  pstorage_raw.o(.data)
    m_round_val                              0x20002c28   Data           4  pstorage_raw.o(.data)
    m_app_table                              0x20002c2c   Data           8  pstorage_raw.o(.data)
    .data                                    0x20002c34   Section       16  app_scheduler.o(.data)
    m_queue_start_index                      0x20002c34   Data           1  app_scheduler.o(.data)
    m_queue_end_index                        0x20002c35   Data           1  app_scheduler.o(.data)
    m_queue_event_size                       0x20002c36   Data           2  app_scheduler.o(.data)
    m_queue_size                             0x20002c38   Data           2  app_scheduler.o(.data)
    m_queue_event_headers                    0x20002c3c   Data           4  app_scheduler.o(.data)
    m_queue_event_data                       0x20002c40   Data           4  app_scheduler.o(.data)
    .data                                    0x20002c44   Section       32  app_timer.o(.data)
    m_user_array_size                        0x20002c44   Data           1  app_timer.o(.data)
    m_ticks_elapsed_q_read_ind               0x20002c45   Data           1  app_timer.o(.data)
    m_ticks_elapsed_q_write_ind              0x20002c46   Data           1  app_timer.o(.data)
    m_rtc1_running                           0x20002c47   Data           1  app_timer.o(.data)
    m_rtc1_reset                             0x20002c48   Data           1  app_timer.o(.data)
    mp_users                                 0x20002c4c   Data           4  app_timer.o(.data)
    mp_timer_id_head                         0x20002c50   Data           4  app_timer.o(.data)
    m_ticks_latest                           0x20002c54   Data           4  app_timer.o(.data)
    m_evt_schedule_func                      0x20002c58   Data           4  app_timer.o(.data)
    m_ticks_elapsed                          0x20002c5c   Data           8  app_timer.o(.data)
    .data                                    0x20002c64   Section       12  bootloader.o(.data)
    m_update_status                          0x20002c64   Data           1  bootloader.o(.data)
    m_bootsettings_handle                    0x20002c68   Data           8  bootloader.o(.data)
    .data                                    0x20002c70   Section       40  dfu_dual_bank.o(.data)
    m_dfu_timed_out                          0x20002c70   Data           1  dfu_dual_bank.o(.data)
    m_dfu_state                              0x20002c71   Data           1  dfu_dual_bank.o(.data)
    m_init_packet_length                     0x20002c72   Data           1  dfu_dual_bank.o(.data)
    m_image_crc                              0x20002c74   Data           2  dfu_dual_bank.o(.data)
    m_data_received                          0x20002c78   Data           4  dfu_dual_bank.o(.data)
    m_image_size                             0x20002c7c   Data           4  dfu_dual_bank.o(.data)
    mp_storage_handle_active                 0x20002c80   Data           4  dfu_dual_bank.o(.data)
    m_data_pkt_cb                            0x20002c84   Data           4  dfu_dual_bank.o(.data)
    m_storage_handle_swap                    0x20002c88   Data           8  dfu_dual_bank.o(.data)
    m_storage_handle_app                     0x20002c90   Data           8  dfu_dual_bank.o(.data)
    .data                                    0x20002c98   Section        1  dfu_init_template.o(.data)
    m_extended_packet_length                 0x20002c98   Data           1  dfu_init_template.o(.data)
    .data                                    0x20002c99   Section        5  hci_mem_pool.o(.data)
    m_is_tx_allocated                        0x20002c99   Data           1  hci_mem_pool.o(.data)
    tx_buffer                                0x20002c9a   Data           4  hci_mem_pool.o(.data)
    .data                                    0x20002ca0   Section       33  dfu_transport_ble_vsp.o(.data)
    m_tear_down_in_progress                  0x20002ca0   Data           1  dfu_transport_ble_vsp.o(.data)
    m_pkt_rcpt_notif_enabled                 0x20002ca1   Data           1  dfu_transport_ble_vsp.o(.data)
    m_is_advertising                         0x20002ca2   Data           1  dfu_transport_ble_vsp.o(.data)
    m_ble_peer_data_valid                    0x20002ca3   Data           1  dfu_transport_ble_vsp.o(.data)
    m_pkt_type                               0x20002ca4   Data           1  dfu_transport_ble_vsp.o(.data)
    m_update_mode                            0x20002ca5   Data           1  dfu_transport_ble_vsp.o(.data)
    m_conn_handle                            0x20002ca6   Data           2  dfu_transport_ble_vsp.o(.data)
    m_pkt_notif_target                       0x20002ca8   Data           2  dfu_transport_ble_vsp.o(.data)
    m_pkt_notif_target_cnt                   0x20002caa   Data           2  dfu_transport_ble_vsp.o(.data)
    m_direct_adv_cnt                         0x20002cac   Data           4  dfu_transport_ble_vsp.o(.data)
    m_num_of_firmware_bytes_rcvd             0x20002cb0   Data           4  dfu_transport_ble_vsp.o(.data)
    mp_rx_buffer                             0x20002cb4   Data           4  dfu_transport_ble_vsp.o(.data)
    mp_final_packet                          0x20002cb8   Data           4  dfu_transport_ble_vsp.o(.data)
    m_sec_params                             0x20002cbc   Data           5  dfu_transport_ble_vsp.o(.data)
    .data                                    0x20002cc4   Section       20  softdevice_handler.o(.data)
    m_softdevice_enabled                     0x20002cc4   Data           1  softdevice_handler.o(.data)
    m_ble_evt_buffer_size                    0x20002cc6   Data           2  softdevice_handler.o(.data)
    m_evt_schedule_func                      0x20002cc8   Data           4  softdevice_handler.o(.data)
    mp_ble_evt_buffer                        0x20002ccc   Data           4  softdevice_handler.o(.data)
    m_ble_evt_handler                        0x20002cd0   Data           4  softdevice_handler.o(.data)
    m_sys_evt_handler                        0x20002cd4   Data           4  softdevice_handler.o(.data)
    .data                                    0x20002cd8   Section       24  led.o(.data)
    led_initialied                           0x20002cd8   Data           1  led.o(.data)
    light_show                               0x20002cd9   Data           1  led.o(.data)
    led_state                                0x20002cda   Data           1  led.o(.data)
    led_debug                                0x20002cdb   Data           1  led.o(.data)
    g_red                                    0x20002cdc   Data           1  led.o(.data)
    g_grn                                    0x20002cdd   Data           1  led.o(.data)
    g_blu                                    0x20002cde   Data           1  led.o(.data)
    g_on                                     0x20002ce0   Data           4  led.o(.data)
    g_off                                    0x20002ce4   Data           4  led.o(.data)
    g_ontime                                 0x20002ce8   Data           4  led.o(.data)
    g_offtime                                0x20002cec   Data           4  led.o(.data)
    .data                                    0x20002cf0   Section        4  system_nrf52.o(.data)
    __tagsym$$used                           0x20002cf0   Number         0  system_nrf52.o(.data)
    .bss                                     0x20002cf4   Section       32  main.o(.bss)
    m_TIMEOUT_timer_id_data                  0x20002cf4   Data          32  main.o(.bss)
    .bss                                     0x20002d14   Section       32  main.o(.bss)
    m_feed_wdt_timer_id_data                 0x20002d14   Data          32  main.o(.bss)
    .bss                                     0x20002d34   Section      864  main.o(.bss)
    APP_TIMER_BUF                            0x20002d34   Data         456  main.o(.bss)
    BLE_EVT_BUFFER                           0x20002efc   Data          72  main.o(.bss)
    APP_SCHED_BUF                            0x20002f44   Data         336  main.o(.bss)
    .bss                                     0x20003094   Section       32  ble_conn_params.o(.bss)
    m_conn_params_timer_id_data              0x20003094   Data          32  ble_conn_params.o(.bss)
    .bss                                     0x200030b4   Section       28  ble_conn_params.o(.bss)
    m_conn_params_config                     0x200030b4   Data          28  ble_conn_params.o(.bss)
    .bss                                     0x200030d0   Section      244  pstorage_raw.o(.bss)
    m_cmd_queue                              0x200030d0   Data         244  pstorage_raw.o(.bss)
    .bss                                     0x200031c4   Section       28  bootloader.o(.bss)
    settings                                 0x200031c4   Data          28  bootloader.o(.bss)
    .bss                                     0x200031e0   Section       32  dfu_dual_bank.o(.bss)
    m_dfu_timer_id_data                      0x200031e0   Data          32  dfu_dual_bank.o(.bss)
    .bss                                     0x20003200   Section      156  dfu_dual_bank.o(.bss)
    m_start_packet                           0x20003200   Data          16  dfu_dual_bank.o(.bss)
    m_init_packet                            0x20003210   Data         128  dfu_dual_bank.o(.bss)
    m_functions                              0x20003290   Data          12  dfu_dual_bank.o(.bss)
    .bss                                     0x2000329c   Section       10  dfu_init_template.o(.bss)
    m_extended_packet                        0x2000329c   Data          10  dfu_init_template.o(.bss)
    .bss                                     0x200032a8   Section      316  hci_mem_pool.o(.bss)
    m_rx_buffer_elem_queue                   0x200032a8   Data         288  hci_mem_pool.o(.bss)
    m_rx_buffer_queue                        0x200033c8   Data          28  hci_mem_pool.o(.bss)
    .bss                                     0x200033e4   Section      132  dfu_transport_ble_vsp.o(.bss)
    m_adv_params                             0x200033e4   Data          24  dfu_transport_ble_vsp.o(.bss)
    m_dfu                                    0x200033fc   Data          48  dfu_transport_ble_vsp.o(.bss)
    m_ble_peer_data                          0x2000342c   Data          60  dfu_transport_ble_vsp.o(.bss)
    .bss                                     0x20003468   Section       12  softdevice_handler.o(.bss)
    STACK                                    0x20003478   Section     8192  arm_startup_nrf52.o(STACK)
    NoInit                                   0x20007f80   Section       62  dfu_ble_svc.o(NoInit)
    m_peer_data_crc                          0x20007f80   Data           2  dfu_ble_svc.o(NoInit)
    m_peer_data                              0x20007f82   Data          60  dfu_ble_svc.o(NoInit)

    Global Symbols

    Symbol Name                              Value     Ov Type        Size  Object(Section)

    BuildAttributes$$THM_ISAv4$E$P$D$K$B$S$7EM$VFPi3$EXTD16$VFPS$VFMA$PE$A:L22UL41UL21$X:L11$S22US41US21$IEEE1$IW$USESV6$~STKCKD$USESV7$~SHL$OSPACE$EBA8$MICROLIB$REQ8$PRES8$EABIv2 0x00000000   Number         0  anon$$obj.o ABSOLUTE
    __ARM_use_no_argv                        0x00000000   Number         0  main.o ABSOLUTE
    __cpp_initialize__aeabi_                  - Undefined Weak Reference
    __cxa_finalize                            - Undefined Weak Reference
    __decompress                              - Undefined Weak Reference
    _clock_init                               - Undefined Weak Reference
    _microlib_exit                            - Undefined Weak Reference
    __Vectors_Size                           0x00000400   Number         0  arm_startup_nrf52.o ABSOLUTE
    __Vectors                                0x0007a000   Data           4  arm_startup_nrf52.o(RESET)
    __Vectors_End                            0x0007a400   Data           0  arm_startup_nrf52.o(RESET)
    __main                                   0x0007a401   Thumb Code     0  entry.o(.ARM.Collect$$$$00000000)
    _main_stk                                0x0007a401   Thumb Code     0  entry2.o(.ARM.Collect$$$$00000001)
    _main_scatterload                        0x0007a405   Thumb Code     0  entry5.o(.ARM.Collect$$$$00000004)
    __main_after_scatterload                 0x0007a409   Thumb Code     0  entry5.o(.ARM.Collect$$$$00000004)
    _main_clock                              0x0007a409   Thumb Code     0  entry7b.o(.ARM.Collect$$$$00000008)
    _main_cpp_init                           0x0007a409   Thumb Code     0  entry8b.o(.ARM.Collect$$$$0000000A)
    _main_init                               0x0007a409   Thumb Code     0  entry9a.o(.ARM.Collect$$$$0000000B)
    __rt_final_cpp                           0x0007a411   Thumb Code     0  entry10a.o(.ARM.Collect$$$$0000000D)
    __rt_final_exit                          0x0007a411   Thumb Code     0  entry11a.o(.ARM.Collect$$$$0000000F)
    SVC_Handler                              0x0007a415   Thumb Code    28  dfu_ble_svc.o(.emb_text)
    __asm___11_nrf_delay_c_532987f3__nrf_delay_us 0x0007a435   Thumb Code   118  nrf_delay.o(.emb_text)
    __asm___11_app_timer_c_cd27f9c3__nrf_delay_us 0x0007a4ad   Thumb Code   118  app_timer.o(.emb_text)
    __asm___17_bootloader_util_c_c13d365c__bootloader_util_reset 0x0007a525   Thumb Code    52  bootloader_util.o(.emb_text)
    Reset_Handler                            0x0007a559   Thumb Code     8  arm_startup_nrf52.o(.text)
    NMI_Handler                              0x0007a561   Thumb Code     2  arm_startup_nrf52.o(.text)
    HardFault_Handler                        0x0007a563   Thumb Code     2  arm_startup_nrf52.o(.text)
    MemoryManagement_Handler                 0x0007a565   Thumb Code     2  arm_startup_nrf52.o(.text)
    BusFault_Handler                         0x0007a567   Thumb Code     2  arm_startup_nrf52.o(.text)
    UsageFault_Handler                       0x0007a569   Thumb Code     2  arm_startup_nrf52.o(.text)
    PendSV_Handler                           0x0007a56d   Thumb Code     2  arm_startup_nrf52.o(.text)
    SysTick_Handler                          0x0007a56f   Thumb Code     2  arm_startup_nrf52.o(.text)
    CCM_AAR_IRQHandler                       0x0007a571   Thumb Code     0  arm_startup_nrf52.o(.text)
    COMP_LPCOMP_IRQHandler                   0x0007a571   Thumb Code     0  arm_startup_nrf52.o(.text)
    ECB_IRQHandler                           0x0007a571   Thumb Code     0  arm_startup_nrf52.o(.text)
    GPIOTE_IRQHandler                        0x0007a571   Thumb Code     0  arm_startup_nrf52.o(.text)
    I2S_IRQHandler                           0x0007a571   Thumb Code     0  arm_startup_nrf52.o(.text)
    MWU_IRQHandler                           0x0007a571   Thumb Code     0  arm_startup_nrf52.o(.text)
    NFCT_IRQHandler                          0x0007a571   Thumb Code     0  arm_startup_nrf52.o(.text)
    PDM_IRQHandler                           0x0007a571   Thumb Code     0  arm_startup_nrf52.o(.text)
    POWER_CLOCK_IRQHandler                   0x0007a571   Thumb Code     0  arm_startup_nrf52.o(.text)
    PWM0_IRQHandler                          0x0007a571   Thumb Code     0  arm_startup_nrf52.o(.text)
    PWM1_IRQHandler                          0x0007a571   Thumb Code     0  arm_startup_nrf52.o(.text)
    PWM2_IRQHandler                          0x0007a571   Thumb Code     0  arm_startup_nrf52.o(.text)
    QDEC_IRQHandler                          0x0007a571   Thumb Code     0  arm_startup_nrf52.o(.text)
    RADIO_IRQHandler                         0x0007a571   Thumb Code     0  arm_startup_nrf52.o(.text)
    RNG_IRQHandler                           0x0007a571   Thumb Code     0  arm_startup_nrf52.o(.text)
    RTC0_IRQHandler                          0x0007a571   Thumb Code     0  arm_startup_nrf52.o(.text)
    RTC2_IRQHandler                          0x0007a571   Thumb Code     0  arm_startup_nrf52.o(.text)
    SAADC_IRQHandler                         0x0007a571   Thumb Code     0  arm_startup_nrf52.o(.text)
    SPIM0_SPIS0_TWIM0_TWIS0_SPI0_TWI0_IRQHandler 0x0007a571   Thumb Code     0  arm_startup_nrf52.o(.text)
    SPIM1_SPIS1_TWIM1_TWIS1_SPI1_TWI1_IRQHandler 0x0007a571   Thumb Code     0  arm_startup_nrf52.o(.text)
    SPIM2_SPIS2_SPI2_IRQHandler              0x0007a571   Thumb Code     0  arm_startup_nrf52.o(.text)
    SWI1_EGU1_IRQHandler                     0x0007a571   Thumb Code     0  arm_startup_nrf52.o(.text)
    SWI3_EGU3_IRQHandler                     0x0007a571   Thumb Code     0  arm_startup_nrf52.o(.text)
    SWI4_EGU4_IRQHandler                     0x0007a571   Thumb Code     0  arm_startup_nrf52.o(.text)
    SWI5_EGU5_IRQHandler                     0x0007a571   Thumb Code     0  arm_startup_nrf52.o(.text)
    TEMP_IRQHandler                          0x0007a571   Thumb Code     0  arm_startup_nrf52.o(.text)
    TIMER0_IRQHandler                        0x0007a571   Thumb Code     0  arm_startup_nrf52.o(.text)
    TIMER1_IRQHandler                        0x0007a571   Thumb Code     0  arm_startup_nrf52.o(.text)
    TIMER2_IRQHandler                        0x0007a571   Thumb Code     0  arm_startup_nrf52.o(.text)
    TIMER3_IRQHandler                        0x0007a571   Thumb Code     0  arm_startup_nrf52.o(.text)
    TIMER4_IRQHandler                        0x0007a571   Thumb Code     0  arm_startup_nrf52.o(.text)
    UARTE0_UART0_IRQHandler                  0x0007a571   Thumb Code     0  arm_startup_nrf52.o(.text)
    WDT_IRQHandler                           0x0007a571   Thumb Code     0  arm_startup_nrf52.o(.text)
    __aeabi_memcpy                           0x0007a57d   Thumb Code    36  memcpya.o(.text)
    __aeabi_memcpy4                          0x0007a57d   Thumb Code     0  memcpya.o(.text)
    __aeabi_memcpy8                          0x0007a57d   Thumb Code     0  memcpya.o(.text)
    __aeabi_memset                           0x0007a5a1   Thumb Code    14  memseta.o(.text)
    __aeabi_memset4                          0x0007a5a1   Thumb Code     0  memseta.o(.text)
    __aeabi_memset8                          0x0007a5a1   Thumb Code     0  memseta.o(.text)
    __aeabi_memclr                           0x0007a5af   Thumb Code     4  memseta.o(.text)
    __aeabi_memclr4                          0x0007a5af   Thumb Code     0  memseta.o(.text)
    __aeabi_memclr8                          0x0007a5af   Thumb Code     0  memseta.o(.text)
    _memset$wrapper                          0x0007a5b3   Thumb Code    18  memseta.o(.text)
    memcmp                                   0x0007a5c5   Thumb Code    26  memcmp.o(.text)
    __scatterload                            0x0007a5e1   Thumb Code    28  init.o(.text)
    __scatterload_rt2                        0x0007a5e1   Thumb Code     0  init.o(.text)
    C_SVC_Handler                            0x0007a605   Thumb Code    86  dfu_ble_svc.o(i.C_SVC_Handler)
    RTC1_IRQHandler                          0x0007a70d   Thumb Code    32  app_timer.o(i.RTC1_IRQHandler)
    SWI0_EGU0_IRQHandler                     0x0007a731   Thumb Code     4  app_timer.o(i.SWI0_EGU0_IRQHandler)
    SWI2_EGU2_IRQHandler                     0x0007a735   Thumb Code    32  softdevice_handler.o(i.SWI2_EGU2_IRQHandler)
    SystemInit                               0x0007a759   Thumb Code   586  system_nrf52.o(i.SystemInit)
    __scatterload_copy                       0x0007a9c9   Thumb Code    14  handlers.o(i.__scatterload_copy)
    __scatterload_null                       0x0007a9d7   Thumb Code     2  handlers.o(i.__scatterload_null)
    __scatterload_zeroinit                   0x0007a9d9   Thumb Code    14  handlers.o(i.__scatterload_zeroinit)
    adv_data_encode                          0x0007a9e7   Thumb Code   514  ble_advdata.o(i.adv_data_encode)
    app_error_fault_handler                  0x0007adad   Thumb Code    26  app_error_weak.o(i.app_error_fault_handler)
    app_error_handler_bare                   0x0007add1   Thumb Code    22  app_error.o(i.app_error_handler_bare)
    app_sched_event_put                      0x0007ae51   Thumb Code   154  app_scheduler.o(i.app_sched_event_put)
    app_sched_execute                        0x0007aef1   Thumb Code    30  app_scheduler.o(i.app_sched_execute)
    app_sched_init                           0x0007af11   Thumb Code    40  app_scheduler.o(i.app_sched_init)
    app_timer_create                         0x0007af3d   Thumb Code    32  app_timer.o(i.app_timer_create)
    app_timer_evt_schedule                   0x0007af79   Thumb Code    18  app_timer_appsh.o(i.app_timer_evt_schedule)
    app_timer_init                           0x0007af91   Thumb Code   134  app_timer.o(i.app_timer_init)
    app_timer_start                          0x0007b021   Thumb Code   118  app_timer.o(i.app_timer_start)
    app_timer_stop                           0x0007b0a1   Thumb Code    76  app_timer.o(i.app_timer_stop)
    app_util_critical_region_enter           0x0007b0f1   Thumb Code    64  app_util_platform.o(i.app_util_critical_region_enter)
    app_util_critical_region_exit            0x0007b139   Thumb Code    46  app_util_platform.o(i.app_util_critical_region_exit)
    ble_advdata_set                          0x0007b16d   Thumb Code   104  ble_advdata.o(i.ble_advdata_set)
    ble_conn_params_init                     0x0007b1d5   Thumb Code    72  ble_conn_params.o(i.ble_conn_params_init)
    ble_conn_params_on_ble_evt               0x0007b22d   Thumb Code   120  ble_conn_params.o(i.ble_conn_params_on_ble_evt)
    ble_conn_params_stop                     0x0007b2b1   Thumb Code     8  ble_conn_params.o(i.ble_conn_params_stop)
    ble_dfu_bytes_rcvd_report                0x0007b31d   Thumb Code   114  ble_dfu.o(i.ble_dfu_bytes_rcvd_report)
    ble_dfu_init                             0x0007b395   Thumb Code   130  ble_dfu.o(i.ble_dfu_init)
    ble_dfu_on_ble_evt                       0x0007b421   Thumb Code   138  ble_dfu.o(i.ble_dfu_on_ble_evt)
    ble_dfu_pkts_rcpt_notify                 0x0007b4ad   Thumb Code   106  ble_dfu.o(i.ble_dfu_pkts_rcpt_notify)
    ble_dfu_response_send                    0x0007b51d   Thumb Code    90  ble_dfu.o(i.ble_dfu_response_send)
    bootloader_app_is_valid                  0x0007b625   Thumb Code    60  bootloader.o(i.bootloader_app_is_valid)
    bootloader_app_start                     0x0007b661   Thumb Code    84  bootloader.o(i.bootloader_app_start)
    bootloader_dfu_sd_in_progress            0x0007b6b5   Thumb Code    30  bootloader.o(i.bootloader_dfu_sd_in_progress)
    bootloader_dfu_sd_update_continue        0x0007b6d3   Thumb Code    58  bootloader.o(i.bootloader_dfu_sd_update_continue)
    bootloader_dfu_sd_update_finalize        0x0007b70d   Thumb Code    40  bootloader.o(i.bootloader_dfu_sd_update_finalize)
    bootloader_dfu_start                     0x0007b739   Thumb Code    24  bootloader.o(i.bootloader_dfu_start)
    bootloader_dfu_update_process            0x0007b751   Thumb Code   220  bootloader.o(i.bootloader_dfu_update_process)
    bootloader_init                          0x0007b835   Thumb Code    34  bootloader.o(i.bootloader_init)
    bootloader_settings_get                  0x0007b861   Thumb Code    46  bootloader.o(i.bootloader_settings_get)
    bootloader_util_app_start                0x0007b8c1   Thumb Code     4  bootloader_util.o(i.bootloader_util_app_start)
    bootloader_util_settings_get             0x0007b8c5   Thumb Code     6  bootloader_settings.o(i.bootloader_util_settings_get)
    crc16_compute                            0x0007bb45   Thumb Code    54  crc16.o(i.crc16_compute)
    dfu_bl_image_swap                        0x0007bc35   Thumb Code    68  dfu_dual_bank.o(i.dfu_bl_image_swap)
    dfu_bl_image_validate                    0x0007bc79   Thumb Code    74  dfu_dual_bank.o(i.dfu_bl_image_validate)
    dfu_ble_peer_data_get                    0x0007bcc5   Thumb Code    54  dfu_ble_svc.o(i.dfu_ble_peer_data_get)
    dfu_data_pkt_handle                      0x0007be59   Thumb Code   104  dfu_dual_bank.o(i.dfu_data_pkt_handle)
    dfu_image_activate                       0x0007beed   Thumb Code    38  dfu_dual_bank.o(i.dfu_image_activate)
    dfu_image_validate                       0x0007bf21   Thumb Code    54  dfu_dual_bank.o(i.dfu_image_validate)
    dfu_init                                 0x0007bf5d   Thumb Code   118  dfu_dual_bank.o(i.dfu_init)
    dfu_init_pkt_complete                    0x0007bfe1   Thumb Code    40  dfu_dual_bank.o(i.dfu_init_pkt_complete)
    dfu_init_pkt_handle                      0x0007c011   Thumb Code    82  dfu_dual_bank.o(i.dfu_init_pkt_handle)
    dfu_init_postvalidate                    0x0007c06d   Thumb Code    24  dfu_init_template.o(i.dfu_init_postvalidate)
    dfu_init_prevalidate                     0x0007c089   Thumb Code   126  dfu_init_template.o(i.dfu_init_prevalidate)
    dfu_register_callback                    0x0007c20d   Thumb Code     6  dfu_dual_bank.o(i.dfu_register_callback)
    dfu_reset                                0x0007c219   Thumb Code    16  dfu_dual_bank.o(i.dfu_reset)
    dfu_sd_image_swap                        0x0007c2c7   Thumb Code   122  dfu_dual_bank.o(i.dfu_sd_image_swap)
    dfu_sd_image_validate                    0x0007c341   Thumb Code    96  dfu_dual_bank.o(i.dfu_sd_image_validate)
    dfu_start_pkt_handle                     0x0007c3ed   Thumb Code   168  dfu_dual_bank.o(i.dfu_start_pkt_handle)
    dfu_transport_close                      0x0007c511   Thumb Code    60  dfu_transport_ble_vsp.o(i.dfu_transport_close)
    dfu_transport_update_start               0x0007c551   Thumb Code   256  dfu_transport_ble_vsp.o(i.dfu_transport_update_start)
    hci_mem_pool_open                        0x0007c6d9   Thumb Code    32  hci_mem_pool.o(i.hci_mem_pool_open)
    hci_mem_pool_rx_consume                  0x0007c701   Thumb Code   104  hci_mem_pool.o(i.hci_mem_pool_rx_consume)
    hci_mem_pool_rx_data_size_set            0x0007c76d   Thumb Code    28  hci_mem_pool.o(i.hci_mem_pool_rx_data_size_set)
    hci_mem_pool_rx_extract                  0x0007c78d   Thumb Code    66  hci_mem_pool.o(i.hci_mem_pool_rx_extract)
    hci_mem_pool_rx_produce                  0x0007c7d5   Thumb Code    76  hci_mem_pool.o(i.hci_mem_pool_rx_produce)
    intern_softdevice_events_execute         0x0007c881   Thumb Code   106  softdevice_handler.o(i.intern_softdevice_events_execute)
    led_control                              0x0007c96d   Thumb Code   154  led.o(i.led_control)
    led_init                                 0x0007ca0d   Thumb Code    90  led.o(i.led_init)
    ledraw                                   0x0007ca6d   Thumb Code    44  led.o(i.ledraw)
    main                                     0x0007cc25   Thumb Code   242  main.o(i.main)
    nrf_delay_ms                             0x0007ce21   Thumb Code    26  nrf_delay.o(i.nrf_delay_ms)
    pstorage_clear                           0x0007d291   Thumb Code    18  pstorage_raw.o(i.pstorage_clear)
    pstorage_init                            0x0007d2a5   Thumb Code    54  pstorage_raw.o(i.pstorage_init)
    pstorage_register                        0x0007d2e5   Thumb Code    32  pstorage_raw.o(i.pstorage_register)
    pstorage_store                           0x0007d309   Thumb Code    46  pstorage_raw.o(i.pstorage_store)
    pstorage_sys_event_handler               0x0007d339   Thumb Code   148  pstorage_raw.o(i.pstorage_sys_event_handler)
    softdevice_ble_evt_handler_set           0x0007d5c5   Thumb Code    14  softdevice_handler.o(i.softdevice_ble_evt_handler_set)
    softdevice_enable                        0x0007d5d9   Thumb Code    14  softdevice_handler.o(i.softdevice_enable)
    softdevice_enable_get_default_config     0x0007d5ed   Thumb Code    38  softdevice_handler.o(i.softdevice_enable_get_default_config)
    softdevice_evt_get                       0x0007d613   Thumb Code    18  softdevice_handler_appsh.o(i.softdevice_evt_get)
    softdevice_evt_schedule                  0x0007d625   Thumb Code    10  softdevice_handler_appsh.o(i.softdevice_evt_schedule)
    softdevice_fault_handler                 0x0007d635   Thumb Code     4  softdevice_handler.o(i.softdevice_fault_handler)
    softdevice_handler_init                  0x0007d639   Thumb Code    42  softdevice_handler.o(i.softdevice_handler_init)
    softdevice_sys_evt_handler_set           0x0007d66d   Thumb Code    14  softdevice_handler.o(i.softdevice_sys_evt_handler_set)
    watch_dog_enabled                        0x0007dac9   Thumb Code    46  main.o(i.watch_dog_enabled)
    Region$$Table$$Base                      0x0007db94   Number         0  anon$$obj.o(Region$$Table)
    Region$$Table$$Limit                     0x0007dbb4   Number         0  anon$$obj.o(Region$$Table)
    m_mbr_params_page                        0x0007e000   Data        4096  bootloader_settings.o(.ARM.__AT_0x0007E000)
    m_boot_settings                          0x0007f000   Data        4096  bootloader_settings.o(.ARM.__AT_0x0007F000)
    m_uicr_bootloader_start_address          0x10001014   Data           4  bootloader_settings.o(.ARM.__AT_0x10001014)
    m_uicr_mbr_params_page_address           0x10001018   Data           4  bootloader_settings.o(.ARM.__AT_0x10001018)
    Image$$RW_IRAM1$$Base                    0x20002c00   Number         0  anon$$obj.o ABSOLUTE
    wdt_feed_chan                            0x20002c00   Data           4  main.o(.data)
    g_TIMEOUT_timer_id                       0x20002c04   Data           4  main.o(.data)
    SystemCoreClock                          0x20002cf0   Data           4  system_nrf52.o(.data)
    nrf_nvic_state                           0x20003468   Data          12  softdevice_handler.o(.bss)
    __initial_sp                             0x20005478   Data           0  arm_startup_nrf52.o(STACK)



==============================================================================

Memory Map of the image

  Image Entry point : 0x0007a401

  Load Region LR_IROM1 (Base: 0x0007a000, Size: 0x00003ca8, Max: 0x00004000, ABSOLUTE)

    Execution Region ER_IROM1 (Base: 0x0007a000, Size: 0x00003bb4, Max: 0x00004000, ABSOLUTE)

    Base Addr    Size         Type   Attr      Idx    E Section Name        Object

    0x0007a000   0x00000400   Data   RO         1984    RESET               arm_startup_nrf52.o
    0x0007a400   0x00000000   Code   RO         2030  * .ARM.Collect$$$$00000000  mc_w.l(entry.o)
    0x0007a400   0x00000004   Code   RO         2043    .ARM.Collect$$$$00000001  mc_w.l(entry2.o)
    0x0007a404   0x00000004   Code   RO         2046    .ARM.Collect$$$$00000004  mc_w.l(entry5.o)
    0x0007a408   0x00000000   Code   RO         2048    .ARM.Collect$$$$00000008  mc_w.l(entry7b.o)
    0x0007a408   0x00000000   Code   RO         2050    .ARM.Collect$$$$0000000A  mc_w.l(entry8b.o)
    0x0007a408   0x00000008   Code   RO         2051    .ARM.Collect$$$$0000000B  mc_w.l(entry9a.o)
    0x0007a410   0x00000000   Code   RO         2053    .ARM.Collect$$$$0000000D  mc_w.l(entry10a.o)
    0x0007a410   0x00000000   Code   RO         2055    .ARM.Collect$$$$0000000F  mc_w.l(entry11a.o)
    0x0007a410   0x00000004   Code   RO         2044    .ARM.Collect$$$$00002712  mc_w.l(entry2.o)
    0x0007a414   0x00000020   Code   RO            4    .emb_text           dfu_ble_svc.o
    0x0007a434   0x00000076   Code   RO          630    .emb_text           nrf_delay.o
    0x0007a4aa   0x00000002   PAD
    0x0007a4ac   0x00000076   Code   RO          892    .emb_text           app_timer.o
    0x0007a522   0x00000002   PAD
    0x0007a524   0x00000034   Code   RO         1220    .emb_text           bootloader_util.o
    0x0007a558   0x00000024   Code   RO         1985    .text               arm_startup_nrf52.o
    0x0007a57c   0x00000024   Code   RO         2033    .text               mc_w.l(memcpya.o)
    0x0007a5a0   0x00000024   Code   RO         2035    .text               mc_w.l(memseta.o)
    0x0007a5c4   0x0000001a   Code   RO         2039    .text               mc_w.l(memcmp.o)
    0x0007a5de   0x00000002   PAD
    0x0007a5e0   0x00000024   Code   RO         2057    .text               mc_w.l(init.o)
    0x0007a604   0x0000005c   Code   RO            5    i.C_SVC_Handler     dfu_ble_svc.o
    0x0007a660   0x00000016   Code   RO          893    i.NVIC_ClearPendingIRQ  app_timer.o
    0x0007a676   0x00000016   Code   RO          894    i.NVIC_EnableIRQ    app_timer.o
    0x0007a68c   0x00000016   Code   RO          895    i.NVIC_SetPendingIRQ  app_timer.o
    0x0007a6a2   0x00000020   Code   RO          896    i.NVIC_SetPriority  app_timer.o
    0x0007a6c2   0x00000002   PAD
    0x0007a6c4   0x00000024   Code   RO          118    i.NVIC_SystemReset  main.o
    0x0007a6e8   0x00000024   Code   RO         1992    i.NVIC_SystemReset  system_nrf52.o
    0x0007a70c   0x00000024   Code   RO          897    i.RTC1_IRQHandler   app_timer.o
    0x0007a730   0x00000004   Code   RO          898    i.SWI0_EGU0_IRQHandler  app_timer.o
    0x0007a734   0x00000024   Code   RO         1754    i.SWI2_EGU2_IRQHandler  softdevice_handler.o
    0x0007a758   0x00000270   Code   RO         1994    i.SystemInit        system_nrf52.o
    0x0007a9c8   0x0000000e   Code   RO         2061    i.__scatterload_copy  mc_w.l(handlers.o)
    0x0007a9d6   0x00000002   Code   RO         2062    i.__scatterload_null  mc_w.l(handlers.o)
    0x0007a9d8   0x0000000e   Code   RO         2063    i.__scatterload_zeroinit  mc_w.l(handlers.o)
    0x0007a9e6   0x00000202   Code   RO          325    i.adv_data_encode   ble_advdata.o
    0x0007abe8   0x00000050   Code   RO         1544    i.advertising_init  dfu_transport_ble_vsp.o
    0x0007ac38   0x000000a8   Code   RO         1545    i.advertising_start  dfu_transport_ble_vsp.o
    0x0007ace0   0x000000cc   Code   RO         1546    i.app_data_process  dfu_transport_ble_vsp.o
    0x0007adac   0x00000024   Code   RO         1730    i.app_error_fault_handler  app_error_weak.o
    0x0007add0   0x00000016   Code   RO          800    i.app_error_handler_bare  app_error.o
    0x0007ade6   0x00000002   PAD
    0x0007ade8   0x00000024   Code   RO          707    i.app_notify        pstorage_raw.o
    0x0007ae0c   0x00000044   Code   RO          843    i.app_sched_event_get  app_scheduler.o
    0x0007ae50   0x000000a0   Code   RO          844    i.app_sched_event_put  app_scheduler.o
    0x0007aef0   0x0000001e   Code   RO          845    i.app_sched_execute  app_scheduler.o
    0x0007af0e   0x00000002   PAD
    0x0007af10   0x0000002c   Code   RO          846    i.app_sched_init    app_scheduler.o
    0x0007af3c   0x00000024   Code   RO          901    i.app_timer_create  app_timer.o
    0x0007af60   0x00000018   Code   RO         1053    i.app_timer_evt_get  app_timer_appsh.o
    0x0007af78   0x00000018   Code   RO         1054    i.app_timer_evt_schedule  app_timer_appsh.o
    0x0007af90   0x00000090   Code   RO          902    i.app_timer_init    app_timer.o
    0x0007b020   0x00000080   Code   RO          903    i.app_timer_start   app_timer.o
    0x0007b0a0   0x00000050   Code   RO          904    i.app_timer_stop    app_timer.o
    0x0007b0f0   0x00000048   Code   RO         1679    i.app_util_critical_region_enter  app_util_platform.o
    0x0007b138   0x00000034   Code   RO         1680    i.app_util_critical_region_exit  app_util_platform.o
    0x0007b16c   0x00000068   Code   RO          326    i.ble_advdata_set   ble_advdata.o
    0x0007b1d4   0x00000058   Code   RO          420    i.ble_conn_params_init  ble_conn_params.o
    0x0007b22c   0x00000084   Code   RO          421    i.ble_conn_params_on_ble_evt  ble_conn_params.o
    0x0007b2b0   0x0000000c   Code   RO          422    i.ble_conn_params_stop  ble_conn_params.o
    0x0007b2bc   0x0000005e   Code   RO          327    i.ble_device_addr_encode  ble_advdata.o
    0x0007b31a   0x00000002   PAD
    0x0007b31c   0x00000078   Code   RO          494    i.ble_dfu_bytes_rcvd_report  ble_dfu.o
    0x0007b394   0x0000008c   Code   RO          495    i.ble_dfu_init      ble_dfu.o
    0x0007b420   0x0000008a   Code   RO          496    i.ble_dfu_on_ble_evt  ble_dfu.o
    0x0007b4aa   0x00000002   PAD
    0x0007b4ac   0x00000070   Code   RO          497    i.ble_dfu_pkts_rcpt_notify  ble_dfu.o
    0x0007b51c   0x00000060   Code   RO          498    i.ble_dfu_response_send  ble_dfu.o
    0x0007b57c   0x00000020   Code   RO         1547    i.ble_evt_dispatch  dfu_transport_ble_vsp.o
    0x0007b59c   0x00000088   Code   RO          120    i.ble_stack_init    main.o
    0x0007b624   0x0000003c   Code   RO         1083    i.bootloader_app_is_valid  bootloader.o
    0x0007b660   0x00000054   Code   RO         1084    i.bootloader_app_start  bootloader.o
    0x0007b6b4   0x0000001e   Code   RO         1085    i.bootloader_dfu_sd_in_progress  bootloader.o
    0x0007b6d2   0x0000003a   Code   RO         1086    i.bootloader_dfu_sd_update_continue  bootloader.o
    0x0007b70c   0x0000002c   Code   RO         1087    i.bootloader_dfu_sd_update_finalize  bootloader.o
    0x0007b738   0x00000018   Code   RO         1088    i.bootloader_dfu_start  bootloader.o
    0x0007b750   0x000000e4   Code   RO         1089    i.bootloader_dfu_update_process  bootloader.o
    0x0007b834   0x0000002c   Code   RO         1090    i.bootloader_init   bootloader.o
    0x0007b860   0x0000002e   Code   RO         1091    i.bootloader_settings_get  bootloader.o
    0x0007b88e   0x00000002   PAD
    0x0007b890   0x00000030   Code   RO         1092    i.bootloader_settings_save  bootloader.o
    0x0007b8c0   0x00000004   Code   RO         1221    i.bootloader_util_app_start  bootloader_util.o
    0x0007b8c4   0x0000000c   Code   RO         1193    i.bootloader_util_settings_get  bootloader_settings.o
    0x0007b8d0   0x00000068   Code   RO          708    i.cmd_process       pstorage_raw.o
    0x0007b938   0x00000020   Code   RO          709    i.cmd_queue_element_init  pstorage_raw.o
    0x0007b958   0x00000058   Code   RO          710    i.cmd_queue_enqueue  pstorage_raw.o
    0x0007b9b0   0x000000ac   Code   RO          906    i.compare_reg_update  app_timer.o
    0x0007ba5c   0x00000088   Code   RO          328    i.conn_int_encode   ble_advdata.o
    0x0007bae4   0x00000004   Code   RO         1548    i.conn_params_error_handler  dfu_transport_ble_vsp.o
    0x0007bae8   0x0000005c   Code   RO          423    i.conn_params_negotiation  ble_conn_params.o
    0x0007bb44   0x00000036   Code   RO         1236    i.crc16_compute     crc16.o
    0x0007bb7a   0x00000002   PAD
    0x0007bb7c   0x00000064   Code   RO         1251    i.dfu_activate_app  dfu_dual_bank.o
    0x0007bbe0   0x00000028   Code   RO         1252    i.dfu_activate_bl   dfu_dual_bank.o
    0x0007bc08   0x0000002c   Code   RO         1253    i.dfu_activate_sd   dfu_dual_bank.o
    0x0007bc34   0x00000044   Code   RO         1254    i.dfu_bl_image_swap  dfu_dual_bank.o
    0x0007bc78   0x0000004a   Code   RO         1255    i.dfu_bl_image_validate  dfu_dual_bank.o
    0x0007bcc2   0x00000002   PAD
    0x0007bcc4   0x0000003c   Code   RO            6    i.dfu_ble_peer_data_get  dfu_ble_svc.o
    0x0007bd00   0x00000064   Code   RO         1549    i.dfu_cb_handler    dfu_transport_ble_vsp.o
    0x0007bd64   0x00000028   Code   RO         1256    i.dfu_cleared_func_app  dfu_dual_bank.o
    0x0007bd8c   0x00000002   Code   RO         1257    i.dfu_cleared_func_swap  dfu_dual_bank.o
    0x0007bd8e   0x00000016   Code   RO         1258    i.dfu_compare_block  dfu_dual_bank.o
    0x0007bda4   0x00000016   Code   RO         1259    i.dfu_copy_sd       dfu_dual_bank.o
    0x0007bdba   0x0000009c   Code   RO          499    i.dfu_ctrl_pt_add   ble_dfu.o
    0x0007be56   0x00000002   PAD
    0x0007be58   0x0000006c   Code   RO         1260    i.dfu_data_pkt_handle  dfu_dual_bank.o
    0x0007bec4   0x00000026   Code   RO         1550    i.dfu_error_notify  dfu_transport_ble_vsp.o
    0x0007beea   0x00000002   PAD
    0x0007beec   0x00000034   Code   RO         1261    i.dfu_image_activate  dfu_dual_bank.o
    0x0007bf20   0x0000003c   Code   RO         1262    i.dfu_image_validate  dfu_dual_bank.o
    0x0007bf5c   0x00000084   Code   RO         1263    i.dfu_init          dfu_dual_bank.o
    0x0007bfe0   0x00000030   Code   RO         1264    i.dfu_init_pkt_complete  dfu_dual_bank.o
    0x0007c010   0x0000005c   Code   RO         1265    i.dfu_init_pkt_handle  dfu_dual_bank.o
    0x0007c06c   0x0000001c   Code   RO         1429    i.dfu_init_postvalidate  dfu_init_template.o
    0x0007c088   0x00000088   Code   RO         1430    i.dfu_init_prevalidate  dfu_init_template.o
    0x0007c110   0x0000009c   Code   RO          500    i.dfu_pkt_char_add  ble_dfu.o
    0x0007c1ac   0x00000028   Code   RO         1266    i.dfu_prepare_func_app_erase  dfu_dual_bank.o
    0x0007c1d4   0x00000038   Code   RO         1267    i.dfu_prepare_func_swap_erase  dfu_dual_bank.o
    0x0007c20c   0x0000000c   Code   RO         1268    i.dfu_register_callback  dfu_dual_bank.o
    0x0007c218   0x00000010   Code   RO         1269    i.dfu_reset         dfu_dual_bank.o
    0x0007c228   0x0000009e   Code   RO          501    i.dfu_rev_char_add  ble_dfu.o
    0x0007c2c6   0x0000007a   Code   RO         1270    i.dfu_sd_image_swap  dfu_dual_bank.o
    0x0007c340   0x00000060   Code   RO         1271    i.dfu_sd_image_validate  dfu_dual_bank.o
    0x0007c3a0   0x0000004a   Code   RO         1272    i.dfu_sd_img_block_swap  dfu_dual_bank.o
    0x0007c3ea   0x00000002   PAD
    0x0007c3ec   0x000000cc   Code   RO         1273    i.dfu_start_pkt_handle  dfu_dual_bank.o
    0x0007c4b8   0x0000001c   Code   RO         1274    i.dfu_timeout_handler  dfu_dual_bank.o
    0x0007c4d4   0x0000003c   Code   RO         1275    i.dfu_timer_restart  dfu_dual_bank.o
    0x0007c510   0x00000040   Code   RO         1551    i.dfu_transport_close  dfu_transport_ble_vsp.o
    0x0007c550   0x00000128   Code   RO         1552    i.dfu_transport_update_start  dfu_transport_ble_vsp.o
    0x0007c678   0x00000040   Code   RO          907    i.elapsed_ticks_acquire  app_timer.o
    0x0007c6b8   0x00000020   Code   RO          121    i.feed_wdt_timer_handler  main.o
    0x0007c6d8   0x00000028   Code   RO         1460    i.hci_mem_pool_open  hci_mem_pool.o
    0x0007c700   0x0000006c   Code   RO         1461    i.hci_mem_pool_rx_consume  hci_mem_pool.o
    0x0007c76c   0x00000020   Code   RO         1462    i.hci_mem_pool_rx_data_size_set  hci_mem_pool.o
    0x0007c78c   0x00000048   Code   RO         1463    i.hci_mem_pool_rx_extract  hci_mem_pool.o
    0x0007c7d4   0x00000050   Code   RO         1464    i.hci_mem_pool_rx_produce  hci_mem_pool.o
    0x0007c824   0x0000005a   Code   RO         1553    i.init_data_process  dfu_transport_ble_vsp.o
    0x0007c87e   0x00000002   PAD
    0x0007c880   0x00000070   Code   RO         1755    i.intern_softdevice_events_execute  softdevice_handler.o
    0x0007c8f0   0x0000001c   Code   RO          424    i.is_conn_params_ok  ble_conn_params.o
    0x0007c90c   0x0000000c   Code   RO          711    i.is_word_aligned   pstorage_raw.o
    0x0007c918   0x00000054   Code   RO          329    i.le_role_encode    ble_advdata.o
    0x0007c96c   0x000000a0   Code   RO         1890    i.led_control       led.o
    0x0007ca0c   0x00000060   Code   RO         1892    i.led_init          led.o
    0x0007ca6c   0x00000030   Code   RO         1895    i.ledraw            led.o
    0x0007ca9c   0x000000bc   Code   RO          908    i.list_deletions_handler  app_timer.o
    0x0007cb58   0x000000cc   Code   RO          909    i.list_insertions_handler  app_timer.o
    0x0007cc24   0x000000fc   Code   RO          122    i.main              main.o
    0x0007cd20   0x00000064   Code   RO          330    i.manuf_specific_data_encode  ble_advdata.o
    0x0007cd84   0x0000009c   Code   RO          331    i.name_encode       ble_advdata.o
    0x0007ce20   0x0000001a   Code   RO          631    i.nrf_delay_ms      nrf_delay.o
    0x0007ce3a   0x00000034   Code   RO         1554    i.nrf_err_code_translate  dfu_transport_ble_vsp.o
    0x0007ce6e   0x00000022   Code   RO         1896    i.nrf_gpio_cfg      led.o
    0x0007ce90   0x00000012   Code   RO         1897    i.nrf_gpio_cfg_input  led.o
    0x0007cea2   0x00000014   Code   RO         1898    i.nrf_gpio_cfg_output  led.o
    0x0007ceb6   0x00000002   PAD
    0x0007ceb8   0x00000010   Code   RO         1899    i.nrf_gpio_pin_clear  led.o
    0x0007cec8   0x00000010   Code   RO         1900    i.nrf_gpio_pin_set  led.o
    0x0007ced8   0x00000168   Code   RO         1555    i.on_ble_evt        dfu_transport_ble_vsp.o
    0x0007d040   0x000000f8   Code   RO          502    i.on_ctrl_pt_write  ble_dfu.o
    0x0007d138   0x000000e4   Code   RO         1556    i.on_dfu_evt        dfu_transport_ble_vsp.o
    0x0007d21c   0x00000020   Code   RO         1093    i.pstorage_callback_handler  bootloader.o
    0x0007d23c   0x00000054   Code   RO         1277    i.pstorage_callback_handler  dfu_dual_bank.o
    0x0007d290   0x00000012   Code   RO          713    i.pstorage_clear    pstorage_raw.o
    0x0007d2a2   0x00000002   PAD
    0x0007d2a4   0x00000040   Code   RO          714    i.pstorage_init     pstorage_raw.o
    0x0007d2e4   0x00000024   Code   RO          715    i.pstorage_register  pstorage_raw.o
    0x0007d308   0x0000002e   Code   RO          716    i.pstorage_store    pstorage_raw.o
    0x0007d336   0x00000002   PAD
    0x0007d338   0x0000009c   Code   RO          717    i.pstorage_sys_event_handler  pstorage_raw.o
    0x0007d3d4   0x0000003c   Code   RO          910    i.rtc1_stop         app_timer.o
    0x0007d410   0x00000020   Code   RO          123    i.scheduler_init    main.o
    0x0007d430   0x00000088   Code   RO         1757    i.sd_nvic_EnableIRQ  softdevice_handler.o
    0x0007d4b8   0x00000020   Code   RO         1557    i.sec_params_init   dfu_transport_ble_vsp.o
    0x0007d4d8   0x00000060   Code   RO         1558    i.service_change_indicate  dfu_transport_ble_vsp.o
    0x0007d538   0x00000088   Code   RO          332    i.service_data_encode  ble_advdata.o
    0x0007d5c0   0x00000004   Code   RO         1559    i.service_error_handler  dfu_transport_ble_vsp.o
    0x0007d5c4   0x00000014   Code   RO         1758    i.softdevice_ble_evt_handler_set  softdevice_handler.o
    0x0007d5d8   0x00000014   Code   RO         1759    i.softdevice_enable  softdevice_handler.o
    0x0007d5ec   0x00000026   Code   RO         1760    i.softdevice_enable_get_default_config  softdevice_handler.o
    0x0007d612   0x00000012   Code   RO         1858    i.softdevice_evt_get  softdevice_handler_appsh.o
    0x0007d624   0x00000010   Code   RO         1859    i.softdevice_evt_schedule  softdevice_handler_appsh.o
    0x0007d634   0x00000004   Code   RO         1761    i.softdevice_fault_handler  softdevice_handler.o
    0x0007d638   0x00000034   Code   RO         1762    i.softdevice_handler_init  softdevice_handler.o
    0x0007d66c   0x00000014   Code   RO         1765    i.softdevice_sys_evt_handler_set  softdevice_handler.o
    0x0007d680   0x00000080   Code   RO         1560    i.start_data_process  dfu_transport_ble_vsp.o
    0x0007d700   0x00000004   Code   RO          124    i.sys_evt_dispatch  main.o
    0x0007d704   0x0000000e   Code   RO          125    i.timeout_timer_handler  main.o
    0x0007d712   0x00000002   PAD
    0x0007d714   0x0000008c   Code   RO          911    i.timer_list_handler  app_timer.o
    0x0007d7a0   0x0000003c   Code   RO          912    i.timer_list_insert  app_timer.o
    0x0007d7dc   0x00000084   Code   RO          913    i.timer_timeouts_check  app_timer.o
    0x0007d860   0x00000094   Code   RO          126    i.timers_init       main.o
    0x0007d8f4   0x0000000a   Code   RO          333    i.uint16_encode     ble_advdata.o
    0x0007d8fe   0x00000012   Code   RO          503    i.uint32_encode     ble_dfu.o
    0x0007d910   0x00000060   Code   RO          425    i.update_timeout_handler  ble_conn_params.o
    0x0007d970   0x0000003e   Code   RO          914    i.user_id_get       app_timer.o
    0x0007d9ae   0x00000028   Code   RO          915    i.user_op_alloc     app_timer.o
    0x0007d9d6   0x00000030   Code   RO          334    i.uuid_list_encode  ble_advdata.o
    0x0007da06   0x0000009e   Code   RO          335    i.uuid_list_sized_encode  ble_advdata.o
    0x0007daa4   0x00000024   Code   RO         1094    i.wait_for_events   bootloader.o
    0x0007dac8   0x00000038   Code   RO          127    i.watch_dog_enabled  main.o
    0x0007db00   0x0000001c   Data   RO          131    .constdata          main.o
    0x0007db1c   0x00000004   Data   RO          428    .constdata          ble_conn_params.o
    0x0007db20   0x00000010   Data   RO          504    .constdata          ble_dfu.o
    0x0007db30   0x00000020   Data   RO         1096    .constdata          bootloader.o
    0x0007db50   0x00000024   Data   RO         1280    .constdata          dfu_dual_bank.o
    0x0007db74   0x00000020   Data   RO         1562    .constdata          dfu_transport_ble_vsp.o
    0x0007db94   0x00000020   Data   RO         2059    Region$$Table       anon$$obj.o


    Execution Region RW_IRAM1 (Base: 0x20002c00, Size: 0x00002878, Max: 0x00005380, ABSOLUTE)

    Base Addr    Size         Type   Attr      Idx    E Section Name        Object

    0x20002c00   0x00000008   Data   RW          132    .data               main.o
    0x20002c08   0x00000014   Data   RW          429    .data               ble_conn_params.o
    0x20002c1c   0x00000008   Data   RW          505    .data               ble_dfu.o
    0x20002c24   0x00000010   Data   RW          719    .data               pstorage_raw.o
    0x20002c34   0x00000010   Data   RW          847    .data               app_scheduler.o
    0x20002c44   0x00000020   Data   RW          916    .data               app_timer.o
    0x20002c64   0x0000000c   Data   RW         1097    .data               bootloader.o
    0x20002c70   0x00000028   Data   RW         1281    .data               dfu_dual_bank.o
    0x20002c98   0x00000001   Data   RW         1432    .data               dfu_init_template.o
    0x20002c99   0x00000005   Data   RW         1468    .data               hci_mem_pool.o
    0x20002c9e   0x00000002   PAD
    0x20002ca0   0x00000021   Data   RW         1563    .data               dfu_transport_ble_vsp.o
    0x20002cc1   0x00000003   PAD
    0x20002cc4   0x00000014   Data   RW         1767    .data               softdevice_handler.o
    0x20002cd8   0x00000018   Data   RW         1901    .data               led.o
    0x20002cf0   0x00000004   Data   RW         1995    .data               system_nrf52.o
    0x20002cf4   0x00000020   Zero   RW          128    .bss                main.o
    0x20002d14   0x00000020   Zero   RW          129    .bss                main.o
    0x20002d34   0x00000360   Zero   RW          130    .bss                main.o
    0x20003094   0x00000020   Zero   RW          426    .bss                ble_conn_params.o
    0x200030b4   0x0000001c   Zero   RW          427    .bss                ble_conn_params.o
    0x200030d0   0x000000f4   Zero   RW          718    .bss                pstorage_raw.o
    0x200031c4   0x0000001c   Zero   RW         1095    .bss                bootloader.o
    0x200031e0   0x00000020   Zero   RW         1278    .bss                dfu_dual_bank.o
    0x20003200   0x0000009c   Zero   RW         1279    .bss                dfu_dual_bank.o
    0x2000329c   0x0000000a   Zero   RW         1431    .bss                dfu_init_template.o
    0x200032a6   0x00000002   PAD
    0x200032a8   0x0000013c   Zero   RW         1467    .bss                hci_mem_pool.o
    0x200033e4   0x00000084   Zero   RW         1561    .bss                dfu_transport_ble_vsp.o
    0x20003468   0x0000000c   Zero   RW         1766    .bss                softdevice_handler.o
    0x20003474   0x00000004   PAD
    0x20003478   0x00002000   Zero   RW         1982    STACK               arm_startup_nrf52.o


    Execution Region RW_IRAM2 (Base: 0x20007f80, Size: 0x00000040, Max: 0x00000080, ABSOLUTE, UNINIT)

    Base Addr    Size         Type   Attr      Idx    E Section Name        Object

    0x20007f80   0x0000003e   Zero   RW            7    NoInit              dfu_ble_svc.o



  Load Region LR$$.ARM.__AT_0x0007E000 (Base: 0x0007e000, Size: 0x00000000, Max: 0x00001000, ABSOLUTE)

    Execution Region ER$$.ARM.__AT_0x0007E000 (Base: 0x0007e000, Size: 0x00001000, Max: 0x00001000, ABSOLUTE, UNINIT)

    Base Addr    Size         Type   Attr      Idx    E Section Name        Object

    0x0007e000   0x00001000   Zero   RW         1194    .ARM.__AT_0x0007E000  bootloader_settings.o



  Load Region LR$$.ARM.__AT_0x0007F000 (Base: 0x0007f000, Size: 0x00000000, Max: 0x00001000, ABSOLUTE)

    Execution Region ER$$.ARM.__AT_0x0007F000 (Base: 0x0007f000, Size: 0x00001000, Max: 0x00001000, ABSOLUTE, UNINIT)

    Base Addr    Size         Type   Attr      Idx    E Section Name        Object

    0x0007f000   0x00001000   Zero   RW         1195    .ARM.__AT_0x0007F000  bootloader_settings.o



  Load Region LR$$.ARM.__AT_0x10001014 (Base: 0x10001014, Size: 0x00000004, Max: 0x00000004, ABSOLUTE)

    Execution Region ER$$.ARM.__AT_0x10001014 (Base: 0x10001014, Size: 0x00000004, Max: 0x00000004, ABSOLUTE, UNINIT)

    Base Addr    Size         Type   Attr      Idx    E Section Name        Object

    0x10001014   0x00000004   Data   RW         1196    .ARM.__AT_0x10001014  bootloader_settings.o



  Load Region LR$$.ARM.__AT_0x10001018 (Base: 0x10001018, Size: 0x00000004, Max: 0x00000004, ABSOLUTE)

    Execution Region ER$$.ARM.__AT_0x10001018 (Base: 0x10001018, Size: 0x00000004, Max: 0x00000004, ABSOLUTE, UNINIT)

    Base Addr    Size         Type   Attr      Idx    E Section Name        Object

    0x10001018   0x00000004   Data   RW         1197    .ARM.__AT_0x10001018  bootloader_settings.o


==============================================================================

Image component sizes


      Code (inc. data)   RO Data    RW Data    ZI Data      Debug   Object Name

        22          0          0          0          0       2121   app_error.o
        36         10          0          0          0        678   app_error_weak.o
       302         14          0         16          0       5163   app_scheduler.o
      1766         94          0         32          0      53947   app_timer.o
        48          6          0          0          0       1897   app_timer_appsh.o
       124         14          0          0          0       8866   app_util_platform.o
        36         10       1024          0       8192        844   arm_startup_nrf52.o
      1540          0          0          0          0      26092   ble_advdata.o
       448         58          4         20         60      13623   ble_conn_params.o
      1342         38         16          8          0      16551   ble_dfu.o
       734         36         32         12         28      38599   bootloader.o
        12          6          0          8       8192       1702   bootloader_settings.o
        56          2          0          0          0       1168   bootloader_util.o
        54          0          0          0          0       1184   crc16.o
       184         16          0          0         62      54204   dfu_ble_svc.o
      1696        166         36         40        188      23752   dfu_dual_bank.o
       164         14          0          1         10       2727   dfu_init_template.o
      1976        134         32         33        132      32088   dfu_transport_ble_vsp.o
       332         26          0          5        316       5578   hci_mem_pool.o
       408         28          0         24          0       9280   led.o
       710        104         28          8        928      63745   main.o
       144          0          0          0          0       1675   nrf_delay.o
       592         46          0         16        244      14347   pstorage_raw.o
       438         46          0         20         12      38464   softdevice_handler.o
        34          6          0          0          0       1975   softdevice_handler_appsh.o
       660         48          0          4          0       2815   system_nrf52.o

    ----------------------------------------------------------------------
     13894        922       1204        252      18372     423085   Object Totals
         0          0         32          0          0          0   (incl. Generated)
        36          0          0          5          8          0   (incl. Padding)

    ----------------------------------------------------------------------

      Code (inc. data)   RO Data    RW Data    ZI Data      Debug   Library Member Name

         0          0          0          0          0          0   entry.o
         0          0          0          0          0          0   entry10a.o
         0          0          0          0          0          0   entry11a.o
         8          4          0          0          0          0   entry2.o
         4          0          0          0          0          0   entry5.o
         0          0          0          0          0          0   entry7b.o
         0          0          0          0          0          0   entry8b.o
         8          4          0          0          0          0   entry9a.o
        30          0          0          0          0          0   handlers.o
        36          8          0          0          0         68   init.o
        26          0          0          0          0         80   memcmp.o
        36          0          0          0          0         68   memcpya.o
        36          0          0          0          0        108   memseta.o

    ----------------------------------------------------------------------
       186         16          0          0          0        324   Library Totals
         2          0          0          0          0          0   (incl. Padding)

    ----------------------------------------------------------------------

      Code (inc. data)   RO Data    RW Data    ZI Data      Debug   Library Name

       184         16          0          0          0        324   mc_w.l

    ----------------------------------------------------------------------
       186         16          0          0          0        324   Library Totals

    ----------------------------------------------------------------------

==============================================================================


      Code (inc. data)   RO Data    RW Data    ZI Data      Debug   

     14080        938       1204        252      18372     407109   Grand Totals
     14080        938       1204        252      18372     407109   ELF Image Totals
     14080        938       1204        252          0          0   ROM Totals

==============================================================================

    Total RO  Size (Code + RO Data)                15284 (  14.93kB)
    Total RW  Size (RW Data + ZI Data)             18624 (  18.19kB)
    Total ROM Size (Code + RO Data + RW Data)      15536 (  15.17kB)

==============================================================================

