Component: ARM Compiler 5.06 update 1 (build 61) Tool: armlink [4d35a8]

==============================================================================

Section Cross References

    main.o(i.HardFault_Handler) refers to nrf_log.o(i.log_rtt_printf) for log_rtt_printf
    main.o(i.HardFault_Handler) refers to main.o(.data) for .data
    main.o(i.advertising_init) refers to memseta.o(.text) for __aeabi_memclr4
    main.o(i.advertising_init) refers to ble_advertising.o(i.ble_advertising_init) for ble_advertising_init
    main.o(i.advertising_init) refers to app_error.o(i.app_error_handler_bare) for app_error_handler_bare
    main.o(i.advertising_init) refers to main.o(.data) for .data
    main.o(i.advertising_init) refers to main.o(i.on_adv_evt) for on_adv_evt
    main.o(i.app_error_fault_handler) refers to nrf_log.o(i.log_rtt_printf) for log_rtt_printf
    main.o(i.assert_nrf_callback) refers to main.o(i.app_error_fault_handler) for app_error_fault_handler
    main.o(i.assert_nrf_callback) refers to main.o(.constdata) for .constdata
    main.o(i.battery_level_update_handler) refers to battery.o(i.battery_status_level) for battery_status_level
    main.o(i.battery_level_update_handler) refers to nrf_log.o(i.log_rtt_printf) for log_rtt_printf
    main.o(i.battery_level_update_handler) refers to nrf_log.o(i.log_rtt_write_string) for log_rtt_write_string
    main.o(i.battery_level_update_handler) refers to ble_vsp_bas.o(i.ble_bas_battery_level_update) for ble_bas_battery_level_update
    main.o(i.battery_level_update_handler) refers to app_error.o(i.app_error_handler_bare) for app_error_handler_bare
    main.o(i.battery_level_update_handler) refers to ble_vsp_bas.o(i.ble_bas_battery_state_update) for ble_bas_battery_state_update
    main.o(i.battery_level_update_handler) refers to main.o(.data) for .data
    main.o(i.battery_level_update_handler) refers to main.o(.bss) for .bss
    main.o(i.ble_evt_dispatch) refers to nrf_log.o(i.log_rtt_printf) for log_rtt_printf
    main.o(i.ble_evt_dispatch) refers to device_manager_peripheral.o(i.dm_ble_evt_handler) for dm_ble_evt_handler
    main.o(i.ble_evt_dispatch) refers to ble_nus.o(i.ble_nus_on_ble_evt) for ble_nus_on_ble_evt
    main.o(i.ble_evt_dispatch) refers to ble_vsp_bas.o(i.ble_bas_on_ble_evt) for ble_bas_on_ble_evt
    main.o(i.ble_evt_dispatch) refers to ble_conn_params.o(i.ble_conn_params_on_ble_evt) for ble_conn_params_on_ble_evt
    main.o(i.ble_evt_dispatch) refers to main.o(i.on_ble_evt) for on_ble_evt
    main.o(i.ble_evt_dispatch) refers to ble_advertising.o(i.ble_advertising_on_ble_evt) for ble_advertising_on_ble_evt
    main.o(i.ble_evt_dispatch) refers to main.o(.data) for .data
    main.o(i.ble_evt_dispatch) refers to main.o(.bss) for .bss
    main.o(i.ble_stack_init) refers to softdevice_handler.o(i.softdevice_handler_init) for softdevice_handler_init
    main.o(i.ble_stack_init) refers to app_error.o(i.app_error_handler_bare) for app_error_handler_bare
    main.o(i.ble_stack_init) refers to softdevice_handler.o(i.softdevice_enable_get_default_config) for softdevice_enable_get_default_config
    main.o(i.ble_stack_init) refers to softdevice_handler.o(i.sd_check_ram_start) for sd_check_ram_start
    main.o(i.ble_stack_init) refers to softdevice_handler.o(i.softdevice_enable) for softdevice_enable
    main.o(i.ble_stack_init) refers to softdevice_handler.o(i.softdevice_ble_evt_handler_set) for softdevice_ble_evt_handler_set
    main.o(i.ble_stack_init) refers to softdevice_handler.o(i.softdevice_sys_evt_handler_set) for softdevice_sys_evt_handler_set
    main.o(i.ble_stack_init) refers to main.o(.constdata) for .constdata
    main.o(i.ble_stack_init) refers to main.o(.bss) for .bss
    main.o(i.ble_stack_init) refers to main.o(i.ble_evt_dispatch) for ble_evt_dispatch
    main.o(i.ble_stack_init) refers to main.o(i.sys_evt_dispatch) for sys_evt_dispatch
    main.o(i.ble_uart_tx) refers to ble_nus.o(i.ble_nus_string_send) for ble_nus_string_send
    main.o(i.ble_uart_tx) refers to nrf_log.o(i.log_rtt_printf) for log_rtt_printf
    main.o(i.ble_uart_tx) refers to main.o(.bss) for .bss
    main.o(i.ble_uart_tx) refers to main.o(.data) for .data
    main.o(i.config_imu) refers to nrf_log.o(i.log_rtt_write_string) for log_rtt_write_string
    main.o(i.config_imu) refers to hal_twim.o(i.hal_twim_init) for hal_twim_init
    main.o(i.config_imu) refers to hal_imu.o(i.imu_init) for imu_init
    main.o(i.config_imu) refers to main.o(i.app_error_fault_handler) for i.app_error_fault_handler
    main.o(i.conn_params_error_handler) refers to app_error.o(i.app_error_handler_bare) for app_error_handler_bare
    main.o(i.device_manager_evt_handler) refers to app_error.o(i.app_error_handler_bare) for app_error_handler_bare
    main.o(i.device_manager_init) refers to pstorage.o(i.pstorage_init) for pstorage_init
    main.o(i.device_manager_init) refers to app_error.o(i.app_error_handler_bare) for app_error_handler_bare
[...]
    __aeabi_d2uiz                            0x0001c9ed   Thumb Code    50  dfixui.o(.text)
    __aeabi_d2lz                             0x0001ca1f   Thumb Code    74  dfixl.o(.text)
    __aeabi_f2d                              0x0001ca69   Thumb Code    38  f2d.o(.text)
    __aeabi_uidiv                            0x0001ca8f   Thumb Code     0  uidiv.o(.text)
    __aeabi_uidivmod                         0x0001ca8f   Thumb Code    44  uidiv.o(.text)
    __aeabi_uldivmod                         0x0001cabb   Thumb Code    98  uldiv.o(.text)
    __aeabi_llsl                             0x0001cb1d   Thumb Code    30  llshl.o(.text)
    _ll_shift_l                              0x0001cb1d   Thumb Code     0  llshl.o(.text)
    __aeabi_llsr                             0x0001cb3b   Thumb Code    32  llushr.o(.text)
    _ll_ushift_r                             0x0001cb3b   Thumb Code     0  llushr.o(.text)
    __aeabi_lasr                             0x0001cb5b   Thumb Code    36  llsshr.o(.text)
    _ll_sshift_r                             0x0001cb5b   Thumb Code     0  llsshr.o(.text)
    __I$use$fp                               0x0001cb7f   Thumb Code     0  iusefp.o(.text)
    _double_round                            0x0001cb7f   Thumb Code    30  depilogue.o(.text)
    _double_epilogue                         0x0001cb9d   Thumb Code   156  depilogue.o(.text)
    __scatterload                            0x0001cc39   Thumb Code    28  init.o(.text)
    __scatterload_rt2                        0x0001cc39   Thumb Code     0  init.o(.text)
    __aeabi_i2d                              0x0001cc5d   Thumb Code    34  dflti.o(.text)
    __decompress                             0x0001cc7f   Thumb Code     0  __dczerorl2.o(.text)
    __decompress1                            0x0001cc7f   Thumb Code    86  __dczerorl2.o(.text)
    GPIOTE_IRQHandler                        0x0001ccd5   Thumb Code   316  nrf_drv_gpiote.o(i.GPIOTE_IRQHandler)
    HardFault_Handler                        0x0001ce1d   Thumb Code    22  main.o(i.HardFault_Handler)
    RTC1_IRQHandler                          0x0001cee1   Thumb Code    32  app_timer.o(i.RTC1_IRQHandler)
    SAADC_IRQHandler                         0x0001cf05   Thumb Code   346  nrf_drv_saadc.o(i.SAADC_IRQHandler)
    SEGGER_RTT_ConfigDownBuffer              0x0001d071   Thumb Code    74  segger_rtt.o(i.SEGGER_RTT_ConfigDownBuffer)
    SEGGER_RTT_ConfigUpBuffer                0x0001d0c1   Thumb Code    74  segger_rtt.o(i.SEGGER_RTT_ConfigUpBuffer)
    SEGGER_RTT_Write                         0x0001d111   Thumb Code    32  segger_rtt.o(i.SEGGER_RTT_Write)
    SEGGER_RTT_WriteNoLock                   0x0001d135   Thumb Code    86  segger_rtt.o(i.SEGGER_RTT_WriteNoLock)
    SEGGER_RTT_WriteString                   0x0001d191   Thumb Code    26  segger_rtt.o(i.SEGGER_RTT_WriteString)
    SEGGER_RTT_vprintf                       0x0001d1ab   Thumb Code   406  segger_rtt_printf.o(i.SEGGER_RTT_vprintf)
    SPIM0_SPIS0_TWIM0_TWIS0_SPI0_TWI0_IRQHandler 0x0001d341   Thumb Code     8  nrf_drv_twi.o(i.SPIM0_SPIS0_TWIM0_TWIS0_SPI0_TWI0_IRQHandler)
    SWI0_EGU0_IRQHandler                     0x0001d351   Thumb Code     4  app_timer.o(i.SWI0_EGU0_IRQHandler)
    SWI2_EGU2_IRQHandler                     0x0001d355   Thumb Code    32  softdevice_handler.o(i.SWI2_EGU2_IRQHandler)
    SystemInit                               0x0001d379   Thumb Code   586  system_nrf52.o(i.SystemInit)
    UARTE0_UART0_IRQHandler                  0x0001d5e9   Thumb Code     4  nrf_drv_uart.o(i.UARTE0_UART0_IRQHandler)
    WDT_IRQHandler                           0x0001d5ed   Thumb Code    28  nrf_drv_wdt.o(i.WDT_IRQHandler)
    __0sprintf$1                             0x0001d909   Thumb Code    34  printf1.o(i.__0sprintf$1)
    __1sprintf$1                             0x0001d909   Thumb Code     0  printf1.o(i.__0sprintf$1)
    __2sprintf                               0x0001d909   Thumb Code     0  printf1.o(i.__0sprintf$1)
    __ARM_fpclassify                         0x0001d931   Thumb Code    48  fpclassify.o(i.__ARM_fpclassify)
    __hardfp_cos                             0x0001d961   Thumb Code   180  cos.o(i.__hardfp_cos)
    __hardfp_sin                             0x0001da29   Thumb Code   180  sin.o(i.__hardfp_sin)
    __hardfp_tan                             0x0001daf1   Thumb Code   108  tan.o(i.__hardfp_tan)
    __ieee754_rem_pio2                       0x0001db71   Thumb Code   938  rred.o(i.__ieee754_rem_pio2)
    __kernel_cos                             0x0001dfa9   Thumb Code   322  cos_i.o(i.__kernel_cos)
    __kernel_poly                            0x0001e119   Thumb Code   248  poly.o(i.__kernel_poly)
    __kernel_sin                             0x0001e211   Thumb Code   280  sin_i.o(i.__kernel_sin)
    __kernel_tan                             0x0001e341   Thumb Code   764  tan_i.o(i.__kernel_tan)
    __mathlib_dbl_infnan                     0x0001e691   Thumb Code    20  dunder.o(i.__mathlib_dbl_infnan)
    __mathlib_dbl_invalid                    0x0001e6a9   Thumb Code    24  dunder.o(i.__mathlib_dbl_invalid)
    __mathlib_dbl_underflow                  0x0001e6c9   Thumb Code    24  dunder.o(i.__mathlib_dbl_underflow)
    __scatterload_copy                       0x0001e6e9   Thumb Code    14  handlers.o(i.__scatterload_copy)
    __scatterload_null                       0x0001e6f7   Thumb Code     2  handlers.o(i.__scatterload_null)
    __scatterload_zeroinit                   0x0001e6f9   Thumb Code    14  handlers.o(i.__scatterload_zeroinit)
    __set_errno                              0x0001e709   Thumb Code     6  errno.o(i.__set_errno)
    accel_save_init                          0x0001e875   Thumb Code     6  lsm6ds3.o(i.accel_save_init)
    accum_3axis_data                         0x0001e881   Thumb Code   262  reports.o(i.accum_3axis_data)
    accum_step_per_time                      0x0001e989   Thumb Code   218  reports.o(i.accum_step_per_time)
    add_accel_buffer                         0x0001ea91   Thumb Code    64  hal_imu.o(i.add_accel_buffer)
    add_gyro_buffer                          0x0001ead5   Thumb Code    64  hal_imu.o(i.add_gyro_buffer)
    adv_data_encode                          0x0001eb19   Thumb Code   514  ble_advdata.o(i.adv_data_encode)
    app_error_fault_handler                  0x0001ed95   Thumb Code    24  main.o(i.app_error_fault_handler)
    app_error_handler_bare                   0x0001edc1   Thumb Code    22  app_error.o(i.app_error_handler_bare)
    app_timer_create                         0x0001ee7d   Thumb Code    32  app_timer.o(i.app_timer_create)
    app_timer_init                           0x0001eea1   Thumb Code   134  app_timer.o(i.app_timer_init)
    app_timer_start                          0x0001ef31   Thumb Code   118  app_timer.o(i.app_timer_start)
    app_timer_stop                           0x0001efb1   Thumb Code    76  app_timer.o(i.app_timer_stop)
    app_timer_stop_all                       0x0001f001   Thumb Code    66  app_timer.o(i.app_timer_stop_all)
    app_trace_dump                           0x0001f049   Thumb Code    46  app_trace.o(i.app_trace_dump)
    app_trace_init                           0x0001f085   Thumb Code     4  app_trace.o(i.app_trace_init)
    app_util_critical_region_enter           0x0001f089   Thumb Code    64  app_util_platform.o(i.app_util_critical_region_enter)
    app_util_critical_region_exit            0x0001f0d1   Thumb Code    46  app_util_platform.o(i.app_util_critical_region_exit)
    battery_callback                         0x0001f119   Thumb Code    96  battery.o(i.battery_callback)
    battery_get_level                        0x0001f1a1   Thumb Code     6  battery.o(i.battery_get_level)
    battery_get_voltage                      0x0001f1ad   Thumb Code     8  battery.o(i.battery_get_voltage)
    battery_init                             0x0001f1b9   Thumb Code   222  battery.o(i.battery_init)
    battery_isdav                            0x0001f2d1   Thumb Code     6  battery.o(i.battery_isdav)
    battery_level_change                     0x0001f2dd   Thumb Code    22  battery.o(i.battery_level_change)
    battery_measurement_timer_handler        0x0001f541   Thumb Code    50  battery.o(i.battery_measurement_timer_handler)
    battery_monitor_interval                 0x0001f59d   Thumb Code    70  battery.o(i.battery_monitor_interval)
    battery_monitor_start                    0x0001f5e9   Thumb Code    18  battery.o(i.battery_monitor_start)
    battery_status_level                     0x0001f73d   Thumb Code   242  battery.o(i.battery_status_level)
    battery_stop                             0x0001f881   Thumb Code    30  battery.o(i.battery_stop)
    ble_advdata_set                          0x0001f8a9   Thumb Code   104  ble_advdata.o(i.ble_advdata_set)
    ble_advertising_init                     0x0001f911   Thumb Code   274  ble_advertising.o(i.ble_advertising_init)
    ble_advertising_on_ble_evt               0x0001fa2d   Thumb Code   122  ble_advertising.o(i.ble_advertising_on_ble_evt)
    ble_advertising_start                    0x0001fabd   Thumb Code   470  ble_advertising.o(i.ble_advertising_start)
    ble_bas_battery_level_update             0x0001fc9d   Thumb Code   112  ble_vsp_bas.o(i.ble_bas_battery_level_update)
    ble_bas_battery_state_update             0x0001fd0d   Thumb Code   112  ble_vsp_bas.o(i.ble_bas_battery_state_update)
    ble_bas_init                             0x0001fd7d   Thumb Code    78  ble_vsp_bas.o(i.ble_bas_init)
    ble_bas_on_ble_evt                       0x0001fdcb   Thumb Code    30  ble_vsp_bas.o(i.ble_bas_on_ble_evt)
    ble_conn_params_init                     0x0001fde9   Thumb Code    72  ble_conn_params.o(i.ble_conn_params_init)
    ble_conn_params_on_ble_evt               0x0001fe41   Thumb Code   120  ble_conn_params.o(i.ble_conn_params_on_ble_evt)
    ble_dis_init                             0x0001ff25   Thumb Code   296  ble_dis.o(i.ble_dis_init)
    ble_nus_init                             0x000200c1   Thumb Code    94  ble_nus.o(i.ble_nus_init)
    ble_nus_on_ble_evt                       0x00020125   Thumb Code    82  ble_nus.o(i.ble_nus_on_ble_evt)
    ble_nus_string_send                      0x00020177   Thumb Code    78  ble_nus.o(i.ble_nus_string_send)
    ble_srv_ascii_to_utf8                    0x000201c5   Thumb Code    18  ble_srv_common.o(i.ble_srv_ascii_to_utf8)
    ble_srv_report_ref_encode                0x000201d7   Thumb Code    12  ble_srv_common.o(i.ble_srv_report_ref_encode)
    ble_uart_tx                              0x0002025d   Thumb Code    36  main.o(i.ble_uart_tx)
    bond_data_load                           0x000202a1   Thumb Code   164  device_manager_peripheral.o(i.bond_data_load)
    calc_linear_accel                        0x000203d9   Thumb Code   526  data_crunch.o(i.calc_linear_accel)
    calc_magnitude                           0x000205fd   Thumb Code    30  data_crunch.o(i.calc_magnitude)
    calc_rotation_coeffecients               0x0002061d   Thumb Code   308  data_crunch.o(i.calc_rotation_coeffecients)
    check_reporters                          0x000208a9   Thumb Code   578  reports.o(i.check_reporters)
    check_sample_rate                        0x00020b29   Thumb Code    30  data_crunch.o(i.check_sample_rate)
    collect_imu_data                         0x00020d55   Thumb Code    10  hal_imu.o(i.collect_imu_data)
    config_update_requested                  0x000210b1   Thumb Code    18  mem_manager.o(i.config_update_requested)
    cyclic_motion_monitor                    0x000212f1   Thumb Code   166  data_crunch.o(i.cyclic_motion_monitor)
    dec_report_length                        0x00021415   Thumb Code    78  reports.o(i.dec_report_length)
    dfu_control_data_handler                 0x00021a51   Thumb Code   168  main.o(i.dfu_control_data_handler)
    disconnect_and_advertize                 0x00021be9   Thumb Code    34  main.o(i.disconnect_and_advertize)
    dm_ble_evt_handler                       0x00021c11   Thumb Code  1776  device_manager_peripheral.o(i.dm_ble_evt_handler)
    dm_handle_initialize                     0x000223b5   Thumb Code    22  device_manager_peripheral.o(i.dm_handle_initialize)
    dm_init                                  0x000223cd   Thumb Code   324  device_manager_peripheral.o(i.dm_init)
    dm_register                              0x000228d5   Thumb Code   126  device_manager_peripheral.o(i.dm_register)
    enable_motion_wakeup                     0x000229f5   Thumb Code    32  hal_imu.o(i.enable_motion_wakeup)
    enable_reporters                         0x00022a29   Thumb Code   402  reports.o(i.enable_reporters)
    fabs                                     0x00022be1   Thumb Code    24  fabs.o(i.fabs)
    fast_sqrt                                0x00022bf9   Thumb Code    32  data_crunch.o(i.fast_sqrt)
    flag_config_update                       0x00022c19   Thumb Code     8  mem_manager.o(i.flag_config_update)
    flag_new_comms                           0x00022c25   Thumb Code    18  comms.o(i.flag_new_comms)
    flush_queue                              0x00022ced   Thumb Code    14  comms.o(i.flush_queue)
    free                                     0x00022d01   Thumb Code    76  malloc.o(i.free)
    fs_queued_op_count_get                   0x00022d51   Thumb Code    16  fstorage.o(i.fs_queued_op_count_get)
    getStepCnt                               0x0002343d   Thumb Code     6  step_detect.o(i.getStepCnt)
    getSystemTimeMs                          0x00023449   Thumb Code     6  main.o(i.getSystemTimeMs)
    get_accel_fsr                            0x00023455   Thumb Code    10  hal_imu.o(i.get_accel_fsr)
    get_accel_sample_rate                    0x0002345f   Thumb Code     4  hal_imu.o(i.get_accel_sample_rate)
    get_accel_sens                           0x00023463   Thumb Code     4  hal_imu.o(i.get_accel_sens)
    get_active_axes                          0x00023467   Thumb Code    60  hal_imu.o(i.get_active_axes)
    get_active_reporters                     0x000234a5   Thumb Code     6  reports.o(i.get_active_reporters)
    get_compass_sample_rate                  0x000234b1   Thumb Code     4  hal_imu.o(i.get_compass_sample_rate)
    get_gyro_fsr                             0x000234b5   Thumb Code     4  hal_imu.o(i.get_gyro_fsr)
    get_gyro_sample_rate                     0x000234b9   Thumb Code     4  hal_imu.o(i.get_gyro_sample_rate)
    get_total_record_cnt                     0x000234bd   Thumb Code    58  reports.o(i.get_total_record_cnt)
    get_unix_time                            0x00023525   Thumb Code     6  main.o(i.get_unix_time)
    gyro_save_init                           0x00023531   Thumb Code     6  lsm6ds3.o(i.gyro_save_init)
    hal_twim_init                            0x0002353d   Thumb Code    78  hal_twim.o(i.hal_twim_init)
    hal_twim_read                            0x000235e5   Thumb Code   118  hal_twim.o(i.hal_twim_read)
    hal_twim_uninit                          0x00023679   Thumb Code     6  hal_twim.o(i.hal_twim_uninit)
    hal_twim_write                           0x00023685   Thumb Code   144  hal_twim.o(i.hal_twim_write)
    imu_init                                 0x000237a1   Thumb Code    58  hal_imu.o(i.imu_init)
    imu_power_state                          0x00023811   Thumb Code   454  hal_imu.o(i.imu_power_state)
    imu_slp_check                            0x00023a71   Thumb Code    38  hal_imu.o(i.imu_slp_check)
    inc_report_length                        0x00023aad   Thumb Code    46  reports.o(i.inc_report_length)
    indicate_battery_state                   0x00023b05   Thumb Code   198  main.o(i.indicate_battery_state)
    initStepDetect                           0x00023c81   Thumb Code   100  step_detect.o(i.initStepDetect)
    init_mem_manager                         0x00023ee9   Thumb Code    26  mem_manager.o(i.init_mem_manager)
    init_motion_analysis                     0x00023f05   Thumb Code    68  data_crunch.o(i.init_motion_analysis)
    init_reporters                           0x00023f5d   Thumb Code   216  reports.o(i.init_reporters)
    intern_softdevice_events_execute         0x00024065   Thumb Code   102  softdevice_handler.o(i.intern_softdevice_events_execute)
    keep_accel_on                            0x00024299   Thumb Code    18  hal_imu.o(i.keep_accel_on)
    keep_gyro_on                             0x000242b1   Thumb Code    18  hal_imu.o(i.keep_gyro_on)
    led                                      0x0002431d   Thumb Code    48  led.o(i.led)
    led_control                              0x00024351   Thumb Code   154  led.o(i.led_control)
    led_flash_timer_handler                  0x000243f1   Thumb Code   686  led.o(i.led_flash_timer_handler)
    led_init                                 0x0002472d   Thumb Code   140  led.o(i.led_init)
    led_light_show                           0x000247e5   Thumb Code    56  led.o(i.led_light_show)
    led_start_flash_timer                    0x00024821   Thumb Code    34  led.o(i.led_start_flash_timer)
    led_stop_flash_timer                     0x00024849   Thumb Code    28  led.o(i.led_stop_flash_timer)
    ledraw                                   0x00024869   Thumb Code    44  led.o(i.ledraw)
    log_byte_size                            0x00024a65   Thumb Code    10  mem_manager.o(i.log_byte_size)
    log_region_size                          0x00025151   Thumb Code     6  mem_manager.o(i.log_region_size)
    log_rtt_init                             0x0002515d   Thumb Code    54  nrf_log.o(i.log_rtt_init)
    log_rtt_printf                           0x000251b1   Thumb Code    22  nrf_log.o(i.log_rtt_printf)
    log_rtt_write_string                     0x000251c7   Thumb Code    34  nrf_log.o(i.log_rtt_write_string)
    lsm6ds3_active_sensors                   0x000251e9   Thumb Code     6  lsm6ds3.o(i.lsm6ds3_active_sensors)
    lsm6ds3_check_wakeup_evt                 0x000251f5   Thumb Code    38  lsm6ds3.o(i.lsm6ds3_check_wakeup_evt)
    lsm6ds3_check_wom                        0x00025221   Thumb Code   106  lsm6ds3.o(i.lsm6ds3_check_wom)
    lsm6ds3_disable_all                      0x000252cd   Thumb Code    78  lsm6ds3.o(i.lsm6ds3_disable_all)
    lsm6ds3_disable_sensors                  0x00025349   Thumb Code   204  lsm6ds3.o(i.lsm6ds3_disable_sensors)
    lsm6ds3_enable_sensors                   0x000254a1   Thumb Code   236  lsm6ds3.o(i.lsm6ds3_enable_sensors)
    lsm6ds3_fifo_management                  0x000255c5   Thumb Code    84  lsm6ds3.o(i.lsm6ds3_fifo_management)
    lsm6ds3_get_accel_fsr                    0x00025635   Thumb Code     6  lsm6ds3.o(i.lsm6ds3_get_accel_fsr)
    lsm6ds3_get_accel_samp                   0x00025641   Thumb Code     6  lsm6ds3.o(i.lsm6ds3_get_accel_samp)
    lsm6ds3_get_accel_sens                   0x0002564d   Thumb Code    38  lsm6ds3.o(i.lsm6ds3_get_accel_sens)
    lsm6ds3_get_gyro_fsr                     0x00025679   Thumb Code     6  lsm6ds3.o(i.lsm6ds3_get_gyro_fsr)
    lsm6ds3_get_gyro_samp                    0x00025685   Thumb Code     6  lsm6ds3.o(i.lsm6ds3_get_gyro_samp)
    lsm6ds3_i2c_read                         0x00025691   Thumb Code    46  lsm6ds3_i2c.o(i.lsm6ds3_i2c_read)
    lsm6ds3_i2c_write                        0x000256d9   Thumb Code    46  lsm6ds3_i2c.o(i.lsm6ds3_i2c_write)
    lsm6ds3_init_sensors                     0x00025721   Thumb Code   466  lsm6ds3.o(i.lsm6ds3_init_sensors)
    lsm6ds3_read_fifo                        0x00025901   Thumb Code   312  lsm6ds3.o(i.lsm6ds3_read_fifo)
    lsm6ds3_reconfigure_fifo                 0x00025a91   Thumb Code    38  lsm6ds3.o(i.lsm6ds3_reconfigure_fifo)
    lsm6ds3_set_fifo_mode                    0x00025d69   Thumb Code    52  lsm6ds3.o(i.lsm6ds3_set_fifo_mode)
    lsm6ds3_set_irq                          0x00025e29   Thumb Code   136  lsm6ds3.o(i.lsm6ds3_set_irq)
    lsm6ds3_set_odr                          0x00025eb9   Thumb Code    88  lsm6ds3.o(i.lsm6ds3_set_odr)
    lsm6ds3_wake_on_motion                   0x00025f15   Thumb Code    86  lsm6ds3.o(i.lsm6ds3_wake_on_motion)
    main                                     0x00025ff1   Thumb Code  1670  main.o(i.main)
    malloc                                   0x000266c5   Thumb Code    92  malloc.o(i.malloc)
    memory_empty                             0x00026795   Thumb Code    18  mem_manager.o(i.memory_empty)
    motionAnalyze                            0x000267bd   Thumb Code    60  data_crunch.o(i.motionAnalyze)
    motion_int_handler                       0x00026805   Thumb Code     8  main.o(i.motion_int_handler)
    nrf_delay_ms                             0x00026d7d   Thumb Code    26  nrf_delay.o(i.nrf_delay_ms)
    nrf_drv_clock_on_soc_event               0x00026d99   Thumb Code    30  nrf_drv_clock.o(i.nrf_drv_clock_on_soc_event)
    nrf_drv_common_irq_enable                0x00026dbd   Thumb Code    56  nrf_drv_common.o(i.nrf_drv_common_irq_enable)
    nrf_drv_gpiote_in_event_enable           0x00026df5   Thumb Code   150  nrf_drv_gpiote.o(i.nrf_drv_gpiote_in_event_enable)
    nrf_drv_gpiote_in_init                   0x00026e99   Thumb Code   170  nrf_drv_gpiote.o(i.nrf_drv_gpiote_in_init)
    nrf_drv_gpiote_init                      0x00026f51   Thumb Code    76  nrf_drv_gpiote.o(i.nrf_drv_gpiote_init)
    nrf_drv_ppi_channel_alloc                0x00026fb5   Thumb Code   100  nrf_drv_ppi.o(i.nrf_drv_ppi_channel_alloc)
    nrf_drv_ppi_channel_enable               0x00027021   Thumb Code    46  nrf_drv_ppi.o(i.nrf_drv_ppi_channel_enable)
    nrf_drv_ppi_channel_free                 0x00027055   Thumb Code    54  nrf_drv_ppi.o(i.nrf_drv_ppi_channel_free)
    nrf_drv_ppi_init                         0x00027095   Thumb Code    18  nrf_drv_ppi.o(i.nrf_drv_ppi_init)
    nrf_drv_saadc_buffer_convert             0x000270ad   Thumb Code   220  nrf_drv_saadc.o(i.nrf_drv_saadc_buffer_convert)
    nrf_drv_saadc_channel_init               0x00027195   Thumb Code    64  nrf_drv_saadc.o(i.nrf_drv_saadc_channel_init)
    nrf_drv_saadc_channel_uninit             0x000271d9   Thumb Code    66  nrf_drv_saadc.o(i.nrf_drv_saadc_channel_uninit)
    nrf_drv_saadc_init                       0x00027221   Thumb Code   100  nrf_drv_saadc.o(i.nrf_drv_saadc_init)
    nrf_drv_saadc_limits_set                 0x00027299   Thumb Code   120  nrf_drv_saadc.o(i.nrf_drv_saadc_limits_set)
    nrf_drv_saadc_uninit                     0x00027319   Thumb Code   102  nrf_drv_saadc.o(i.nrf_drv_saadc_uninit)
    nrf_drv_twi_disable                      0x0002738d   Thumb Code    44  nrf_drv_twi.o(i.nrf_drv_twi_disable)
    nrf_drv_twi_enable                       0x000273bd   Thumb Code    28  nrf_drv_twi.o(i.nrf_drv_twi_enable)
    nrf_drv_twi_init                         0x000273dd   Thumb Code   134  nrf_drv_twi.o(i.nrf_drv_twi_init)
    nrf_drv_twi_tx                           0x0002746d   Thumb Code    36  nrf_drv_twi.o(i.nrf_drv_twi_tx)
    nrf_drv_twi_uninit                       0x00027491   Thumb Code    56  nrf_drv_twi.o(i.nrf_drv_twi_uninit)
    nrf_drv_twi_xfer                         0x000274cd   Thumb Code    30  nrf_drv_twi.o(i.nrf_drv_twi_xfer)
    nrf_drv_wdt_channel_feed                 0x000274f1   Thumb Code    14  nrf_drv_wdt.o(i.nrf_drv_wdt_channel_feed)
    nrf_saadc_channel_init                   0x00027675   Thumb Code    90  nrf_saadc.o(i.nrf_saadc_channel_init)
    number_fields                            0x00027729   Thumb Code    32  reports.o(i.number_fields)
    packetize_record                         0x00027a29   Thumb Code   194  comms.o(i.packetize_record)
    parse_msg                                0x00027b25   Thumb Code  2044  comms.o(i.parse_msg)
    pop_record                               0x00028469   Thumb Code   228  mem_manager.o(i.pop_record)
    pstorage_access_status_get               0x00028665   Thumb Code    28  pstorage.o(i.pstorage_access_status_get)
    pstorage_block_identifier_get            0x00028689   Thumb Code    70  pstorage.o(i.pstorage_block_identifier_get)
    pstorage_clear                           0x000286d9   Thumb Code   138  pstorage.o(i.pstorage_clear)
    pstorage_init                            0x0002876d   Thumb Code    82  pstorage.o(i.pstorage_init)
    pstorage_load                            0x000287c9   Thumb Code   150  pstorage.o(i.pstorage_load)
    pstorage_register                        0x00028869   Thumb Code   122  pstorage.o(i.pstorage_register)
    pstorage_store                           0x000288f1   Thumb Code   122  pstorage.o(i.pstorage_store)
    pstorage_sys_event_handler               0x00028975   Thumb Code    66  pstorage.o(i.pstorage_sys_event_handler)
    pstorage_update                          0x000289bd   Thumb Code   122  pstorage.o(i.pstorage_update)
    push_record                              0x00028a41   Thumb Code   334  mem_manager.o(i.push_record)
    queue_packet                             0x00028c85   Thumb Code   114  comms.o(i.queue_packet)
    reporter_time_rebase                     0x00028d2d   Thumb Code   108  reports.o(i.reporter_time_rebase)
    sampling_rate_fit                        0x00028f09   Thumb Code    34  reports.o(i.sampling_rate_fit)
    save_fields                              0x00028f2b   Thumb Code   142  reports.o(i.save_fields)
    sd_check_ram_start                       0x00028fb9   Thumb Code    44  softdevice_handler.o(i.sd_check_ram_start)
    send_ble_data                            0x000290cd   Thumb Code   450  comms.o(i.send_ble_data)
    setStepCnt                               0x0002960d   Thumb Code     6  step_detect.o(i.setStepCnt)
    set_reporter                             0x00029619   Thumb Code   822  reports.o(i.set_reporter)
    set_unix_time                            0x00029975   Thumb Code     6  main.o(i.set_unix_time)
    softdevice_ble_evt_handler_set           0x000299bd   Thumb Code    14  softdevice_handler.o(i.softdevice_ble_evt_handler_set)
    softdevice_enable                        0x000299d1   Thumb Code    84  softdevice_handler.o(i.softdevice_enable)
    softdevice_enable_get_default_config     0x00029acd   Thumb Code    38  softdevice_handler.o(i.softdevice_enable_get_default_config)
    softdevice_fault_handler                 0x00029af3   Thumb Code     4  softdevice_handler.o(i.softdevice_fault_handler)
    softdevice_handler_init                  0x00029af9   Thumb Code    66  softdevice_handler.o(i.softdevice_handler_init)
    softdevice_sys_evt_handler_set           0x00029b45   Thumb Code    14  softdevice_handler.o(i.softdevice_sys_evt_handler_set)
    start_accel                              0x00029b59   Thumb Code    68  hal_imu.o(i.start_accel)
    start_compass                            0x00029bb9   Thumb Code    56  hal_imu.o(i.start_compass)
    start_gyro                               0x00029c11   Thumb Code    62  hal_imu.o(i.start_gyro)
    stepStateMachine                         0x00029d39   Thumb Code  1098  step_detect.o(i.stepStateMachine)
    step_history                             0x0002a185   Thumb Code     4  step_detect.o(i.step_history)
    stop_compass                             0x0002a18d   Thumb Code    44  hal_imu.o(i.stop_compass)
    stop_gyro                                0x0002a1d5   Thumb Code    44  hal_imu.o(i.stop_gyro)
    stop_imu                                 0x0002a21d   Thumb Code    42  hal_imu.o(i.stop_imu)
    store_record                             0x0002a3b5   Thumb Code    94  reports.o(i.store_record)
    twim_handler                             0x0002a7e9   Thumb Code    24  hal_twim.o(i.twim_handler)
    update_config                            0x0002abf1   Thumb Code   196  mem_manager.o(i.update_config)
    update_log_tail                          0x0002ae35   Thumb Code    72  mem_manager.o(i.update_log_tail)
    x_initStepDetect                         0x0002b051   Thumb Code   218  experimental_step.o(i.x_initStepDetect)
    x_setStepCnt                             0x0002b151   Thumb Code     6  experimental_step.o(i.x_setStepCnt)
    x_stepStateMachine                       0x0002b15d   Thumb Code  1476  experimental_step.o(i.x_stepStateMachine)
    x_step_history                           0x0002b749   Thumb Code     4  experimental_step.o(i.x_step_history)
    m_service_context_store                  0x0002b78c   Data          16  device_manager_peripheral.o(.constdata)
    m_service_context_load                   0x0002b79c   Data          16  device_manager_peripheral.o(.constdata)
    m_service_context_apply                  0x0002b7ac   Data          16  device_manager_peripheral.o(.constdata)
    lsm6ds3_read                             0x0002b814   Data           4  lsm6ds3_i2c.o(.constdata)
    lsm6ds3_write                            0x0002b818   Data           4  lsm6ds3_i2c.o(.constdata)
    battery_lut                              0x0002b914   Data         204  battery.o(.constdata)
    Region$$Table$$Base                      0x0002bed4   Number         0  anon$$obj.o(Region$$Table)
    Region$$Table$$Limit                     0x0002bef4   Number         0  anon$$obj.o(Region$$Table)
    Image$$RW_IRAM1$$Base                    0x20001fe8   Number         0  anon$$obj.o ABSOLUTE
    led_id_key_state                         0x20001fed   Data           1  main.o(.data)
    led_id_key_numb                          0x20001fee   Data           1  main.o(.data)
    gu_prev_battery_state                    0x20001fef   Data           1  main.o(.data)
    gu_battery_level                         0x20001ff0   Data           1  main.o(.data)
    g_bpowered_down                          0x20001ff1   Data           1  main.o(.data)
    connected_and_bonded                     0x20001ff3   Data           1  main.o(.data)
    gs_bdebug                                0x20001ff4   Data           1  main.o(.data)
    gu_battery_state                         0x20001ff8   Data           1  main.o(.data)
    m_wdt_channel_id                         0x20001ff9   Data           1  main.o(.data)
    CurrentStepTotal                         0x20002000   Data           4  main.o(.data)
    save_gyro_data                           0x20002130   Data           4  lsm6ds3.o(.data)
    save_accel_data                          0x20002134   Data           4  lsm6ds3.o(.data)
    save_extern_data                         0x20002138   Data           4  lsm6ds3.o(.data)
    save_steps_data                          0x2000213c   Data           4  lsm6ds3.o(.data)
    imu_debug                                0x20002158   Data           1  hal_imu.o(.data)
    lock                                     0x2000215a   Data           3  hal_imu.o(.data)
    accelPowerDownTimer                      0x20002160   Data           8  hal_imu.o(.data)
    gyroPowerDownTimer                       0x20002168   Data           8  hal_imu.o(.data)
    magPowerDownTimer                        0x20002170   Data           8  hal_imu.o(.data)
    accel_buf                                0x20002178   Data        1032  hal_imu.o(.data)
    gyro_buf                                 0x20002580   Data        1032  hal_imu.o(.data)
    magnet_buf                               0x20002988   Data        1032  hal_imu.o(.data)
    a_tail                                   0x20002d9e   Data           2  data_crunch.o(.data)
    g_tail                                   0x20002da0   Data           2  data_crunch.o(.data)
    m_tail                                   0x20002da2   Data           2  data_crunch.o(.data)
    active_axes                              0x20002da4   Data           3  data_crunch.o(.data)
    scalar                                   0x20002db4   Data           8  data_crunch.o(.data)
    priority_msg                             0x20002df0   Data           1  comms.o(.data)
    new_connection                           0x20002df1   Data           1  comms.o(.data)
    record_queue_en                          0x20002df2   Data           1  comms.o(.data)
    resend_pkt                               0x20002dfc   Data           4  comms.o(.data)
    rec_ack                                  0x20002e00   Data           8  comms.o(.data)
    update_needed                            0x20002e12   Data           1  mem_manager.o(.data)
    log_region                               0x20002e30   Data          20  mem_manager.o(.data)
    monitor_en                               0x20002e90   Data           1  battery.o(.data)
    SystemCoreClock                          0x20002ea8   Data           4  system_nrf52.o(.data)
    __microlib_freelist                      0x20002eac   Data           4  mvars.o(.data)
    __microlib_freelist_initialised          0x20002eb0   Data           4  mvars.o(.data)
    _SEGGER_RTT                              0x20003e30   Data         120  segger_rtt.o(.bss)
    nrf_nvic_state                           0x200042c4   Data          12  softdevice_handler.o(.bss)
    fifo_pattern                             0x200042d0   Data         264  lsm6ds3.o(.bss)
    Motion                                   0x200043e4   Data        1288  data_crunch.o(.bss)
    mStats                                   0x200048ec   Data          76  data_crunch.o(.bss)
    rot_factor                               0x20004938   Data          36  data_crunch.o(.bss)
    packet                                   0x20004c80   Data        1344  comms.o(.bss)
    g_config                                 0x200051c0   Data         172  mem_manager.o(.bss)
    config_cb                                0x2000526c   Data          16  mem_manager.o(.bss)
    log_cb                                   0x2000527c   Data          16  mem_manager.o(.bss)
    __heap_base                              0x200063d0   Data           0  arm_startup_nrf52.o(HEAP)
    __heap_limit                             0x200083d0   Data           0  arm_startup_nrf52.o(HEAP)
    __initial_sp                             0x2000a3d0   Data           0  arm_startup_nrf52.o(STACK)



==============================================================================

Memory Map of the image

  Image Entry point : 0x0001c401

  Load Region LR_IROM1 (Base: 0x0001c000, Size: 0x00010dc4, Max: 0x00064000, ABSOLUTE, COMPRESSED[0x0000ff64])

    Execution Region ER_IROM1 (Base: 0x0001c000, Size: 0x0000fef4, Max: 0x00064000, ABSOLUTE)

    Base Addr    Size         Type   Attr      Idx    E Section Name        Object

    0x0001c000   0x00000400   Data   RO         5067    RESET               arm_startup_nrf52.o
    0x0001c400   0x00000000   Code   RO         5149  * .ARM.Collect$$$$00000000  mc_w.l(entry.o)
    0x0001c400   0x00000004   Code   RO         5514    .ARM.Collect$$$$00000001  mc_w.l(entry2.o)
    0x0001c404   0x00000004   Code   RO         5517    .ARM.Collect$$$$00000004  mc_w.l(entry5.o)
    0x0001c408   0x00000000   Code   RO         5519    .ARM.Collect$$$$00000008  mc_w.l(entry7b.o)
    0x0001c408   0x00000000   Code   RO         5521    .ARM.Collect$$$$0000000A  mc_w.l(entry8b.o)
    0x0001c408   0x00000008   Code   RO         5522    .ARM.Collect$$$$0000000B  mc_w.l(entry9a.o)
    0x0001c410   0x00000000   Code   RO         5524    .ARM.Collect$$$$0000000D  mc_w.l(entry10a.o)
    0x0001c410   0x00000000   Code   RO         5526    .ARM.Collect$$$$0000000F  mc_w.l(entry11a.o)
    0x0001c410   0x00000004   Code   RO         5515    .ARM.Collect$$$$00002712  mc_w.l(entry2.o)
    0x0001c414   0x00000076   Code   RO         1257    .emb_text           nrf_delay.o
    0x0001c48a   0x00000002   PAD
    0x0001c48c   0x00000076   Code   RO         1523    .emb_text           nrf_drv_twi.o
    0x0001c502   0x00000002   PAD
    0x0001c504   0x00000076   Code   RO         2996    .emb_text           app_timer.o
    0x0001c57a   0x00000002   PAD
    0x0001c57c   0x00000024   Code   RO         5068    .text               arm_startup_nrf52.o
    0x0001c5a0   0x00000062   Code   RO         5157    .text               mc_w.l(ldiv.o)
    0x0001c602   0x00000024   Code   RO         5159    .text               mc_w.l(memcpya.o)
    0x0001c626   0x00000024   Code   RO         5161    .text               mc_w.l(memseta.o)
    0x0001c64a   0x0000000e   Code   RO         5163    .text               mc_w.l(strlen.o)
    0x0001c658   0x0000001a   Code   RO         5167    .text               mc_w.l(memcmp.o)
    0x0001c672   0x00000012   Code   RO         5169    .text               mc_w.l(strcpy.o)
    0x0001c684   0x0000014e   Code   RO         5462    .text               mf_w.l(dadd.o)
    0x0001c7d2   0x000000e4   Code   RO         5464    .text               mf_w.l(dmul.o)
    0x0001c8b6   0x000000de   Code   RO         5466    .text               mf_w.l(ddiv.o)
    0x0001c994   0x0000001a   Code   RO         5468    .text               mf_w.l(dfltui.o)
    0x0001c9ae   0x0000003e   Code   RO         5470    .text               mf_w.l(dfixi.o)
    0x0001c9ec   0x00000032   Code   RO         5472    .text               mf_w.l(dfixui.o)
    0x0001ca1e   0x0000004a   Code   RO         5474    .text               mf_w.l(dfixl.o)
    0x0001ca68   0x00000026   Code   RO         5476    .text               mf_w.l(f2d.o)
    0x0001ca8e   0x0000002c   Code   RO         5529    .text               mc_w.l(uidiv.o)
    0x0001caba   0x00000062   Code   RO         5531    .text               mc_w.l(uldiv.o)
    0x0001cb1c   0x0000001e   Code   RO         5533    .text               mc_w.l(llshl.o)
    0x0001cb3a   0x00000020   Code   RO         5535    .text               mc_w.l(llushr.o)
    0x0001cb5a   0x00000024   Code   RO         5537    .text               mc_w.l(llsshr.o)
    0x0001cb7e   0x00000000   Code   RO         5548    .text               mc_w.l(iusefp.o)
    0x0001cb7e   0x000000ba   Code   RO         5552    .text               mf_w.l(depilogue.o)
    0x0001cc38   0x00000024   Code   RO         5570    .text               mc_w.l(init.o)
    0x0001cc5c   0x00000022   Code   RO         5572    .text               mf_w.l(dflti.o)
    0x0001cc7e   0x00000056   Code   RO         5582    .text               mc_w.l(__dczerorl2.o)
    0x0001ccd4   0x00000148   Code   RO         1324    i.GPIOTE_IRQHandler  nrf_drv_gpiote.o
    0x0001ce1c   0x0000003c   Code   RO            5    i.HardFault_Handler  main.o
    0x0001ce58   0x00000016   Code   RO         2997    i.NVIC_ClearPendingIRQ  app_timer.o
    0x0001ce6e   0x00000016   Code   RO         2998    i.NVIC_EnableIRQ    app_timer.o
    0x0001ce84   0x00000016   Code   RO         2999    i.NVIC_SetPendingIRQ  app_timer.o
    0x0001ce9a   0x00000020   Code   RO         3000    i.NVIC_SetPriority  app_timer.o
    0x0001ceba   0x00000002   PAD
    0x0001cebc   0x00000024   Code   RO         5075    i.NVIC_SystemReset  system_nrf52.o
    0x0001cee0   0x00000024   Code   RO         3001    i.RTC1_IRQHandler   app_timer.o
    0x0001cf04   0x0000016c   Code   RO         2067    i.SAADC_IRQHandler  nrf_drv_saadc.o
    0x0001d070   0x00000050   Code   RO         2745    i.SEGGER_RTT_ConfigDownBuffer  segger_rtt.o
    0x0001d0c0   0x00000050   Code   RO         2746    i.SEGGER_RTT_ConfigUpBuffer  segger_rtt.o
    0x0001d110   0x00000024   Code   RO         2758    i.SEGGER_RTT_Write  segger_rtt.o
    0x0001d134   0x0000005c   Code   RO         2759    i.SEGGER_RTT_WriteNoLock  segger_rtt.o
    0x0001d190   0x0000001a   Code   RO         2761    i.SEGGER_RTT_WriteString  segger_rtt.o
    0x0001d1aa   0x00000196   Code   RO         2709    i.SEGGER_RTT_vprintf  segger_rtt_printf.o
    0x0001d340   0x00000010   Code   RO         1524    i.SPIM0_SPIS0_TWIM0_TWIS0_SPI0_TWI0_IRQHandler  nrf_drv_twi.o
    0x0001d350   0x00000004   Code   RO         3002    i.SWI0_EGU0_IRQHandler  app_timer.o
    0x0001d354   0x00000024   Code   RO         3401    i.SWI2_EGU2_IRQHandler  softdevice_handler.o
    0x0001d378   0x00000270   Code   RO         5077    i.SystemInit        system_nrf52.o
    0x0001d5e8   0x00000004   Code   RO         1659    i.UARTE0_UART0_IRQHandler  nrf_drv_uart.o
    0x0001d5ec   0x00000028   Code   RO         2454    i.WDT_IRQHandler    nrf_drv_wdt.o
    0x0001d614   0x00000068   Code   RO         2762    i._DoInit           segger_rtt.o
    0x0001d67c   0x00000016   Code   RO         2763    i._GetAvailWriteSpace  segger_rtt.o
    0x0001d692   0x00000002   PAD
    0x0001d694   0x000000c6   Code   RO         2710    i._PrintInt         segger_rtt_printf.o
    0x0001d75a   0x00000002   PAD
    0x0001d75c   0x000000d4   Code   RO         2711    i._PrintUnsigned    segger_rtt_printf.o
    0x0001d830   0x0000003e   Code   RO         2712    i._StoreChar        segger_rtt_printf.o
    0x0001d86e   0x0000005a   Code   RO         2765    i._WriteBlocking    segger_rtt.o
    0x0001d8c8   0x0000003e   Code   RO         2766    i._WriteNoCheck     segger_rtt.o
    0x0001d906   0x00000002   PAD
    0x0001d908   0x00000028   Code   RO         5220    i.__0sprintf$1      mc_w.l(printf1.o)
    0x0001d930   0x00000030   Code   RO         5566    i.__ARM_fpclassify  m_wm.l(fpclassify.o)
    0x0001d960   0x000000c8   Code   RO         5113    i.__hardfp_cos      m_wm.l(cos.o)
    0x0001da28   0x000000c8   Code   RO         5125    i.__hardfp_sin      m_wm.l(sin.o)
    0x0001daf0   0x00000080   Code   RO         5137    i.__hardfp_tan      m_wm.l(tan.o)
    0x0001db70   0x00000438   Code   RO         5497    i.__ieee754_rem_pio2  m_wm.l(rred.o)
    0x0001dfa8   0x00000170   Code   RO         5480    i.__kernel_cos      m_wm.l(cos_i.o)
    0x0001e118   0x000000f8   Code   RO         5568    i.__kernel_poly     m_wm.l(poly.o)
    0x0001e210   0x00000130   Code   RO         5502    i.__kernel_sin      m_wm.l(sin_i.o)
    0x0001e340   0x00000350   Code   RO         5508    i.__kernel_tan      m_wm.l(tan_i.o)
    0x0001e690   0x00000014   Code   RO         5484    i.__mathlib_dbl_infnan  m_wm.l(dunder.o)
    0x0001e6a4   0x00000004   PAD
    0x0001e6a8   0x00000020   Code   RO         5486    i.__mathlib_dbl_invalid  m_wm.l(dunder.o)
    0x0001e6c8   0x00000020   Code   RO         5489    i.__mathlib_dbl_underflow  m_wm.l(dunder.o)
    0x0001e6e8   0x0000000e   Code   RO         5576    i.__scatterload_copy  mc_w.l(handlers.o)
    0x0001e6f6   0x00000002   Code   RO         5577    i.__scatterload_null  mc_w.l(handlers.o)
    0x0001e6f8   0x0000000e   Code   RO         5578    i.__scatterload_zeroinit  mc_w.l(handlers.o)
    0x0001e706   0x00000002   PAD
    0x0001e708   0x0000000c   Code   RO         5543    i.__set_errno       mc_w.l(errno.o)
    0x0001e714   0x00000154   Code   RO         5225    i._printf_core      mc_w.l(printf1.o)
    0x0001e868   0x0000000a   Code   RO         5227    i._sputc            mc_w.l(printf1.o)
    0x0001e872   0x00000002   PAD
    0x0001e874   0x0000000c   Code   RO         3562    i.accel_save_init   lsm6ds3.o
    0x0001e880   0x00000106   Code   RO         4697    i.accum_3axis_data  reports.o
    0x0001e986   0x00000002   PAD
    0x0001e988   0x00000108   Code   RO         4698    i.accum_step_per_time  reports.o
    0x0001ea90   0x00000044   Code   RO         3877    i.add_accel_buffer  hal_imu.o
    0x0001ead4   0x00000044   Code   RO         3878    i.add_gyro_buffer   hal_imu.o
    0x0001eb18   0x00000202   Code   RO          515    i.adv_data_encode   ble_advdata.o
    0x0001ed1a   0x00000002   PAD
    0x0001ed1c   0x00000078   Code   RO            6    i.advertising_init  main.o
    0x0001ed94   0x0000002c   Code   RO            7    i.app_error_fault_handler  main.o
    0x0001edc0   0x00000016   Code   RO         2887    i.app_error_handler_bare  app_error.o
    0x0001edd6   0x00000002   PAD
    0x0001edd8   0x00000054   Code   RO          977    i.app_evt_notify    device_manager_peripheral.o
    0x0001ee2c   0x0000002c   Code   RO         1831    i.app_notify        pstorage.o
    0x0001ee58   0x00000024   Code   RO         1832    i.app_notify_error_state_transit  pstorage.o
    0x0001ee7c   0x00000024   Code   RO         3005    i.app_timer_create  app_timer.o
    0x0001eea0   0x00000090   Code   RO         3006    i.app_timer_init    app_timer.o
    0x0001ef30   0x00000080   Code   RO         3007    i.app_timer_start   app_timer.o
    0x0001efb0   0x00000050   Code   RO         3008    i.app_timer_stop    app_timer.o
    0x0001f000   0x00000048   Code   RO         3009    i.app_timer_stop_all  app_timer.o
    0x0001f048   0x0000003c   Code   RO         3157    i.app_trace_dump    app_trace.o
    0x0001f084   0x00000004   Code   RO         3158    i.app_trace_init    app_trace.o
    0x0001f088   0x00000048   Code   RO         3287    i.app_util_critical_region_enter  app_util_platform.o
    0x0001f0d0   0x00000034   Code   RO         3288    i.app_util_critical_region_exit  app_util_platform.o
    0x0001f104   0x00000014   Code   RO         2207    i.are_app_channels  nrf_drv_ppi.o
    0x0001f118   0x00000088   Code   RO         4938    i.battery_callback  battery.o
    0x0001f1a0   0x0000000c   Code   RO         4940    i.battery_get_level  battery.o
    0x0001f1ac   0x0000000c   Code   RO         4941    i.battery_get_voltage  battery.o
    0x0001f1b8   0x00000118   Code   RO         4942    i.battery_init      battery.o
    0x0001f2d0   0x0000000c   Code   RO         4943    i.battery_isdav     battery.o
    0x0001f2dc   0x0000001c   Code   RO         4944    i.battery_level_change  battery.o
    0x0001f2f8   0x0000010a   Code   RO          914    i.battery_level_char_add  ble_vsp_bas.o
    0x0001f402   0x00000002   PAD
    0x0001f404   0x0000013c   Code   RO            9    i.battery_level_update_handler  main.o
    0x0001f540   0x0000005c   Code   RO         4945    i.battery_measurement_timer_handler  battery.o
    0x0001f59c   0x0000004c   Code   RO         4946    i.battery_monitor_interval  battery.o
    0x0001f5e8   0x0000001c   Code   RO         4947    i.battery_monitor_start  battery.o
    0x0001f604   0x00000136   Code   RO          915    i.battery_state_char_add  ble_vsp_bas.o
    0x0001f73a   0x00000002   PAD
    0x0001f73c   0x00000144   Code   RO         4949    i.battery_status_level  battery.o
    0x0001f880   0x00000028   Code   RO         4950    i.battery_stop      battery.o
    0x0001f8a8   0x00000068   Code   RO          516    i.ble_advdata_set   ble_advdata.o
    0x0001f910   0x0000011c   Code   RO          610    i.ble_advertising_init  ble_advertising.o
    0x0001fa2c   0x00000080   Code   RO          611    i.ble_advertising_on_ble_evt  ble_advertising.o
    0x0001faac   0x00000010   Code   RO          614    i.ble_advertising_peer_address_clear  ble_advertising.o
    0x0001fabc   0x000001e0   Code   RO          616    i.ble_advertising_start  ble_advertising.o
    0x0001fc9c   0x00000070   Code   RO          916    i.ble_bas_battery_level_update  ble_vsp_bas.o
    0x0001fd0c   0x00000070   Code   RO          917    i.ble_bas_battery_state_update  ble_vsp_bas.o
    0x0001fd7c   0x0000004e   Code   RO          918    i.ble_bas_init      ble_vsp_bas.o
    0x0001fdca   0x0000001e   Code   RO          919    i.ble_bas_on_ble_evt  ble_vsp_bas.o
    0x0001fde8   0x00000058   Code   RO          695    i.ble_conn_params_init  ble_conn_params.o
    0x0001fe40   0x00000084   Code   RO          696    i.ble_conn_params_on_ble_evt  ble_conn_params.o
    0x0001fec4   0x0000005e   Code   RO          517    i.ble_device_addr_encode  ble_advdata.o
    0x0001ff22   0x00000002   PAD
    0x0001ff24   0x0000012c   Code   RO          870    i.ble_dis_init      ble_dis.o
    0x00020050   0x00000070   Code   RO           10    i.ble_evt_dispatch  main.o
    0x000200c0   0x00000064   Code   RO          772    i.ble_nus_init      ble_nus.o
    0x00020124   0x00000052   Code   RO          773    i.ble_nus_on_ble_evt  ble_nus.o
    0x00020176   0x0000004e   Code   RO          774    i.ble_nus_string_send  ble_nus.o
    0x000201c4   0x00000012   Code   RO          819    i.ble_srv_ascii_to_utf8  ble_srv_common.o
    0x000201d6   0x0000000c   Code   RO          820    i.ble_srv_report_ref_encode  ble_srv_common.o
    0x000201e2   0x00000002   PAD
    0x000201e4   0x00000078   Code   RO           11    i.ble_stack_init    main.o
    0x0002025c   0x00000044   Code   RO           12    i.ble_uart_tx       main.o
    0x000202a0   0x00000138   Code   RO          978    i.bond_data_load    device_manager_peripheral.o
    0x000203d8   0x00000224   Code   RO         4139    i.calc_linear_accel  data_crunch.o
    0x000205fc   0x0000001e   Code   RO         4140    i.calc_magnitude    data_crunch.o
    0x0002061a   0x00000002   PAD
    0x0002061c   0x00000178   Code   RO         4141    i.calc_rotation_coeffecients  data_crunch.o
    0x00020794   0x0000001c   Code   RO         1325    i.channel_free      nrf_drv_gpiote.o
    0x000207b0   0x00000048   Code   RO         1326    i.channel_port_alloc  nrf_drv_gpiote.o
    0x000207f8   0x00000010   Code   RO         1327    i.channel_port_get  nrf_drv_gpiote.o
    0x00020808   0x000000a0   Code   RO          871    i.char_add          ble_dis.o
    0x000208a8   0x00000280   Code   RO         4699    i.check_reporters   reports.o
    0x00020b28   0x00000024   Code   RO         4143    i.check_sample_rate  data_crunch.o
    0x00020b4c   0x000000a0   Code   RO         4540    i.clear_log_page    mem_manager.o
    0x00020bec   0x000000a0   Code   RO         1833    i.clear_operation_execute  pstorage.o
    0x00020c8c   0x00000020   Code   RO         1834    i.clear_post_processing_run  pstorage.o
    0x00020cac   0x00000034   Code   RO         1835    i.cmd_process       pstorage.o
    0x00020ce0   0x00000020   Code   RO         1836    i.cmd_queue_element_init  pstorage.o
    0x00020d00   0x00000054   Code   RO         1837    i.cmd_queue_enqueue  pstorage.o
    0x00020d54   0x0000000a   Code   RO         3880    i.collect_imu_data  hal_imu.o
    0x00020d5e   0x00000002   PAD
    0x00020d60   0x00000040   Code   RO         1838    i.command_end_procedure_run  pstorage.o
    0x00020da0   0x000000ac   Code   RO         3010    i.compare_reg_update  app_timer.o
    0x00020e4c   0x000001a8   Code   RO         4541    i.config_cb_handler  mem_manager.o
    0x00020ff4   0x000000bc   Code   RO           13    i.config_imu        main.o
    0x000210b0   0x00000018   Code   RO         4542    i.config_update_requested  mem_manager.o
    0x000210c8   0x00000088   Code   RO          518    i.conn_int_encode   ble_advdata.o
    0x00021150   0x00000004   Code   RO           14    i.conn_params_error_handler  main.o
    0x00021154   0x0000005c   Code   RO          698    i.conn_params_negotiation  ble_conn_params.o
    0x000211b0   0x000000c0   Code   RO          979    i.connection_instance_allocate  device_manager_peripheral.o
    0x00021270   0x0000002c   Code   RO          980    i.connection_instance_find  device_manager_peripheral.o
    0x0002129c   0x00000054   Code   RO          981    i.connection_instance_init  device_manager_peripheral.o
    0x000212f0   0x000000b0   Code   RO         4144    i.cyclic_motion_monitor  data_crunch.o
    0x000213a0   0x00000054   Code   RO         1839    i.data_page_erase_state_run  pstorage.o
    0x000213f4   0x00000020   Code   RO         1840    i.data_to_swap_write_state_run  pstorage.o
    0x00021414   0x000000b0   Code   RO         4700    i.dec_report_length  reports.o
    0x000214c4   0x00000260   Code   RO          982    i.device_context_store  device_manager_peripheral.o
    0x00021724   0x00000120   Code   RO          983    i.device_instance_allocate  device_manager_peripheral.o
    0x00021844   0x00000134   Code   RO          984    i.device_instance_find  device_manager_peripheral.o
    0x00021978   0x0000005c   Code   RO          985    i.device_instance_free  device_manager_peripheral.o
    0x000219d4   0x0000000e   Code   RO           15    i.device_manager_evt_handler  main.o
    0x000219e2   0x00000002   PAD
    0x000219e4   0x0000006c   Code   RO           16    i.device_manager_init  main.o
    0x00021a50   0x00000104   Code   RO           17    i.dfu_control_data_handler  main.o
    0x00021b54   0x00000094   Code   RO         4543    i.discard_page      mem_manager.o
    0x00021be8   0x00000028   Code   RO           18    i.disconnect_and_advertize  main.o
    0x00021c10   0x000007a4   Code   RO          990    i.dm_ble_evt_handler  device_manager_peripheral.o
    0x000223b4   0x00000016   Code   RO          996    i.dm_handle_initialize  device_manager_peripheral.o
    0x000223ca   0x00000002   PAD
    0x000223cc   0x000002d0   Code   RO          997    i.dm_init           device_manager_peripheral.o
    0x0002269c   0x00000238   Code   RO         1000    i.dm_pstorage_cb_handler  device_manager_peripheral.o
    0x000228d4   0x000000e0   Code   RO         1001    i.dm_register       device_manager_peripheral.o
    0x000229b4   0x00000040   Code   RO         3011    i.elapsed_ticks_acquire  app_timer.o
    0x000229f4   0x00000034   Code   RO         3881    i.enable_motion_wakeup  hal_imu.o
    0x00022a28   0x000001b8   Code   RO         4701    i.enable_reporters  reports.o
    0x00022be0   0x00000018   Code   RO         5562    i.fabs              m_wm.l(fabs.o)
    0x00022bf8   0x00000020   Code   RO         4145    i.fast_sqrt         data_crunch.o
    0x00022c18   0x0000000c   Code   RO         4544    i.flag_config_update  mem_manager.o
    0x00022c24   0x00000018   Code   RO         4459    i.flag_new_comms    comms.o
    0x00022c3c   0x0000001c   Code   RO         1841    i.flash_api_err_code_process  pstorage.o
    0x00022c58   0x00000088   Code   RO         1842    i.flash_operation_success_run  pstorage.o
    0x00022ce0   0x00000006   Code   RO         1843    i.flash_page_erase  pstorage.o
    0x00022ce6   0x00000006   Code   RO         1844    i.flash_write       pstorage.o
    0x00022cec   0x00000014   Code   RO         4460    i.flush_queue       comms.o
    0x00022d00   0x00000050   Code   RO         5434    i.free              mc_w.l(malloc.o)
    0x00022d50   0x00000014   Code   RO         2520    i.fs_queued_op_count_get  fstorage.o
    0x00022d64   0x00000030   Code   RO         1008    i.gattc_context_apply  device_manager_peripheral.o
    0x00022d94   0x00000030   Code   RO         1009    i.gattc_context_load  device_manager_peripheral.o
    0x00022dc4   0x00000030   Code   RO         1010    i.gattc_context_store  device_manager_peripheral.o
    0x00022df4   0x000001b0   Code   RO         1011    i.gatts_context_apply  device_manager_peripheral.o
    0x00022fa4   0x000000f4   Code   RO         1012    i.gatts_context_load  device_manager_peripheral.o
    0x00023098   0x000002c8   Code   RO         1013    i.gatts_context_store  device_manager_peripheral.o
    0x00023360   0x00000048   Code   RO         1014    i.gattsc_context_apply  device_manager_peripheral.o
    0x000233a8   0x00000048   Code   RO         1015    i.gattsc_context_load  device_manager_peripheral.o
    0x000233f0   0x0000004c   Code   RO         1016    i.gattsc_context_store  device_manager_peripheral.o
    0x0002343c   0x0000000c   Code   RO         4394    i.getStepCnt        step_detect.o
    0x00023448   0x0000000c   Code   RO          207    i.getSystemTimeMs   main.o
    0x00023454   0x0000000a   Code   RO         3882    i.get_accel_fsr     hal_imu.o
    0x0002345e   0x00000004   Code   RO         3883    i.get_accel_sample_rate  hal_imu.o
    0x00023462   0x00000004   Code   RO         3884    i.get_accel_sens    hal_imu.o
    0x00023466   0x0000003c   Code   RO         3885    i.get_active_axes   hal_imu.o
    0x000234a2   0x00000002   PAD
    0x000234a4   0x0000000c   Code   RO         4702    i.get_active_reporters  reports.o
    0x000234b0   0x00000004   Code   RO         3887    i.get_compass_sample_rate  hal_imu.o
    0x000234b4   0x00000004   Code   RO         3889    i.get_gyro_fsr      hal_imu.o
    0x000234b8   0x00000004   Code   RO         3890    i.get_gyro_sample_rate  hal_imu.o
    0x000234bc   0x00000068   Code   RO         4704    i.get_total_record_cnt  reports.o
    0x00023524   0x0000000c   Code   RO           19    i.get_unix_time     main.o
    0x00023530   0x0000000c   Code   RO         3564    i.gyro_save_init    lsm6ds3.o
    0x0002353c   0x000000a8   Code   RO         4084    i.hal_twim_init     hal_twim.o
    0x000235e4   0x00000094   Code   RO         4085    i.hal_twim_read     hal_twim.o
    0x00023678   0x0000000c   Code   RO         4086    i.hal_twim_uninit   hal_twim.o
    0x00023684   0x000000ac   Code   RO         4087    i.hal_twim_write    hal_twim.o
    0x00023730   0x00000070   Code   RO         1845    i.head_restore_state_run  pstorage.o
    0x000237a0   0x00000070   Code   RO         3892    i.imu_init          hal_imu.o
    0x00023810   0x00000260   Code   RO         3893    i.imu_power_state   hal_imu.o
    0x00023a70   0x0000003c   Code   RO         3894    i.imu_slp_check     hal_imu.o
    0x00023aac   0x00000058   Code   RO         4705    i.inc_report_length  reports.o
    0x00023b04   0x0000017c   Code   RO           20    i.indicate_battery_state  main.o
    0x00023c80   0x0000006c   Code   RO         4395    i.initStepDetect    step_detect.o
    0x00023cec   0x0000013c   Code   RO         4545    i.init_config_region  mem_manager.o
    0x00023e28   0x000000c0   Code   RO         4546    i.init_log_region   mem_manager.o
    0x00023ee8   0x0000001a   Code   RO         4547    i.init_mem_manager  mem_manager.o
    0x00023f02   0x00000002   PAD
    0x00023f04   0x00000058   Code   RO         4148    i.init_motion_analysis  data_crunch.o
    0x00023f5c   0x00000108   Code   RO         4706    i.init_reporters    reports.o
    0x00024064   0x0000006c   Code   RO         3402    i.intern_softdevice_events_execute  softdevice_handler.o
    0x000240d0   0x00000128   Code   RO         1525    i.irq_handler_twim  nrf_drv_twi.o
    0x000241f8   0x00000018   Code   RO         2208    i.is_allocated_channel  nrf_drv_ppi.o
    0x00024210   0x0000000a   Code   RO         2210    i.is_app_channel    nrf_drv_ppi.o
    0x0002421a   0x00000002   PAD
    0x0002421c   0x0000001c   Code   RO          699    i.is_conn_params_ok  ble_conn_params.o
    0x00024238   0x0000003c   Code   RO         1846    i.is_page_erase_required  pstorage.o
    0x00024274   0x00000018   Code   RO         2212    i.is_programmable_app_channel  nrf_drv_ppi.o
    0x0002428c   0x0000000c   Code   RO         1847    i.is_word_aligned   pstorage.o
    0x00024298   0x00000018   Code   RO         3895    i.keep_accel_on     hal_imu.o
    0x000242b0   0x00000018   Code   RO         3896    i.keep_gyro_on      hal_imu.o
    0x000242c8   0x00000054   Code   RO          519    i.le_role_encode    ble_advdata.o
    0x0002431c   0x00000034   Code   RO         4831    i.led               led.o
    0x00024350   0x000000a0   Code   RO         4832    i.led_control       led.o
    0x000243f0   0x0000033c   Code   RO         4833    i.led_flash_timer_handler  led.o
    0x0002472c   0x000000b8   Code   RO         4834    i.led_init          led.o
    0x000247e4   0x0000003c   Code   RO         4835    i.led_light_show    led.o
    0x00024820   0x00000028   Code   RO         4836    i.led_start_flash_timer  led.o
    0x00024848   0x00000020   Code   RO         4837    i.led_stop_flash_timer  led.o
    0x00024868   0x00000030   Code   RO         4838    i.ledraw            led.o
    0x00024898   0x000000bc   Code   RO         3012    i.list_deletions_handler  app_timer.o
    0x00024954   0x000000cc   Code   RO         3013    i.list_insertions_handler  app_timer.o
    0x00024a20   0x00000044   Code   RO         4548    i.load_log          mem_manager.o
    0x00024a64   0x00000010   Code   RO         4549    i.log_byte_size     mem_manager.o
    0x00024a74   0x0000017c   Code   RO         4550    i.log_cb_handler    mem_manager.o
    0x00024bf0   0x00000088   Code   RO         4551    i.log_erase_check   mem_manager.o
    0x00024c78   0x000004d8   Code   RO         4552    i.log_memory_check  mem_manager.o
    0x00025150   0x0000000c   Code   RO         4674    i.log_region_size   mem_manager.o
    0x0002515c   0x00000054   Code   RO         3207    i.log_rtt_init      nrf_log.o
    0x000251b0   0x00000016   Code   RO         3208    i.log_rtt_printf    nrf_log.o
    0x000251c6   0x00000022   Code   RO         3262    i.log_rtt_write_string  nrf_log.o
    0x000251e8   0x0000000c   Code   RO         3565    i.lsm6ds3_active_sensors  lsm6ds3.o
    0x000251f4   0x0000002c   Code   RO         3566    i.lsm6ds3_check_wakeup_evt  lsm6ds3.o
    0x00025220   0x000000ac   Code   RO         3567    i.lsm6ds3_check_wom  lsm6ds3.o
    0x000252cc   0x0000007c   Code   RO         3568    i.lsm6ds3_disable_all  lsm6ds3.o
    0x00025348   0x000000d0   Code   RO         3569    i.lsm6ds3_disable_sensors  lsm6ds3.o
    0x00025418   0x00000060   Code   RO         3570    i.lsm6ds3_enable_embedded_func  lsm6ds3.o
    0x00025478   0x00000028   Code   RO         3571    i.lsm6ds3_enable_pedometer  lsm6ds3.o
    0x000254a0   0x00000124   Code   RO         3572    i.lsm6ds3_enable_sensors  lsm6ds3.o
    0x000255c4   0x00000070   Code   RO         3573    i.lsm6ds3_fifo_management  lsm6ds3.o
    0x00025634   0x0000000c   Code   RO         3574    i.lsm6ds3_get_accel_fsr  lsm6ds3.o
    0x00025640   0x0000000c   Code   RO         3575    i.lsm6ds3_get_accel_samp  lsm6ds3.o
    0x0002564c   0x0000002c   Code   RO         3576    i.lsm6ds3_get_accel_sens  lsm6ds3.o
    0x00025678   0x0000000c   Code   RO         3577    i.lsm6ds3_get_gyro_fsr  lsm6ds3.o
    0x00025684   0x0000000c   Code   RO         3578    i.lsm6ds3_get_gyro_samp  lsm6ds3.o
    0x00025690   0x00000048   Code   RO         3508    i.lsm6ds3_i2c_read  lsm6ds3_i2c.o
    0x000256d8   0x00000048   Code   RO         3509    i.lsm6ds3_i2c_write  lsm6ds3_i2c.o
    0x00025720   0x000001e0   Code   RO         3581    i.lsm6ds3_init_sensors  lsm6ds3.o
    0x00025900   0x00000190   Code   RO         3584    i.lsm6ds3_read_fifo  lsm6ds3.o
    0x00025a90   0x00000026   Code   RO         3587    i.lsm6ds3_reconfigure_fifo  lsm6ds3.o
    0x00025ab6   0x00000002   PAD
    0x00025ab8   0x000002b0   Code   RO         3588    i.lsm6ds3_set_fifo_decimators_and_threshold  lsm6ds3.o
    0x00025d68   0x00000034   Code   RO         3589    i.lsm6ds3_set_fifo_mode  lsm6ds3.o
    0x00025d9c   0x0000008c   Code   RO         3590    i.lsm6ds3_set_fs    lsm6ds3.o
    0x00025e28   0x00000090   Code   RO         3591    i.lsm6ds3_set_irq   lsm6ds3.o
    0x00025eb8   0x0000005c   Code   RO         3592    i.lsm6ds3_set_odr   lsm6ds3.o
    0x00025f14   0x00000060   Code   RO         3593    i.lsm6ds3_wake_on_motion  lsm6ds3.o
    0x00025f74   0x0000007c   Code   RO         3594    i.lsm6ds3_write_data_with_mask  lsm6ds3.o
    0x00025ff0   0x000006c0   Code   RO           21    i.main              main.o
    0x000266b0   0x00000014   Code   RO         1848    i.main_state_err_busy_process  pstorage.o
    0x000266c4   0x0000006c   Code   RO         5435    i.malloc            mc_w.l(malloc.o)
    0x00026730   0x00000064   Code   RO          520    i.manuf_specific_data_encode  ble_advdata.o
    0x00026794   0x00000018   Code   RO         4553    i.memory_empty      mem_manager.o
    0x000267ac   0x00000010   Code   RO         4554    i.memory_len        mem_manager.o
    0x000267bc   0x00000048   Code   RO         4149    i.motionAnalyze     data_crunch.o
    0x00026804   0x0000000c   Code   RO           22    i.motion_int_handler  main.o
    0x00026810   0x0000030c   Code   RO         4311    i.mrs_butterworth_bpf_init  experimental_step.o
    0x00026b1c   0x000000ec   Code   RO         4312    i.mrs_butterworth_filter  experimental_step.o
    0x00026c08   0x0000009c   Code   RO          521    i.name_encode       ble_advdata.o
    0x00026ca4   0x0000006c   Code   RO         1017    i.no_service_context_apply  device_manager_peripheral.o
    0x00026d10   0x00000034   Code   RO         1018    i.no_service_context_load  device_manager_peripheral.o
    0x00026d44   0x00000038   Code   RO         1019    i.no_service_context_store  device_manager_peripheral.o
    0x00026d7c   0x0000001a   Code   RO         1258    i.nrf_delay_ms      nrf_delay.o
    0x00026d96   0x00000002   PAD
    0x00026d98   0x00000024   Code   RO         2366    i.nrf_drv_clock_on_soc_event  nrf_drv_clock.o
    0x00026dbc   0x00000038   Code   RO         1289    i.nrf_drv_common_irq_enable  nrf_drv_common.o
    0x00026df4   0x000000a4   Code   RO         1330    i.nrf_drv_gpiote_in_event_enable  nrf_drv_gpiote.o
    0x00026e98   0x000000b8   Code   RO         1331    i.nrf_drv_gpiote_in_init  nrf_drv_gpiote.o
    0x00026f50   0x00000054   Code   RO         1334    i.nrf_drv_gpiote_init  nrf_drv_gpiote.o
    0x00026fa4   0x00000010   Code   RO         1526    i.nrf_drv_is_in_RAM  nrf_drv_twi.o
    0x00026fb4   0x0000006c   Code   RO         2213    i.nrf_drv_ppi_channel_alloc  nrf_drv_ppi.o
    0x00027020   0x00000034   Code   RO         2216    i.nrf_drv_ppi_channel_enable  nrf_drv_ppi.o
    0x00027054   0x00000040   Code   RO         2218    i.nrf_drv_ppi_channel_free  nrf_drv_ppi.o
    0x00027094   0x00000018   Code   RO         2225    i.nrf_drv_ppi_init  nrf_drv_ppi.o
    0x000270ac   0x000000e8   Code   RO         2069    i.nrf_drv_saadc_buffer_convert  nrf_drv_saadc.o
    0x00027194   0x00000044   Code   RO         2070    i.nrf_drv_saadc_channel_init  nrf_drv_saadc.o
    0x000271d8   0x00000048   Code   RO         2071    i.nrf_drv_saadc_channel_uninit  nrf_drv_saadc.o
    0x00027220   0x00000078   Code   RO         2072    i.nrf_drv_saadc_init  nrf_drv_saadc.o
    0x00027298   0x00000080   Code   RO         2074    i.nrf_drv_saadc_limits_set  nrf_drv_saadc.o
    0x00027318   0x00000074   Code   RO         2077    i.nrf_drv_saadc_uninit  nrf_drv_saadc.o
    0x0002738c   0x00000030   Code   RO         1528    i.nrf_drv_twi_disable  nrf_drv_twi.o
    0x000273bc   0x00000020   Code   RO         1529    i.nrf_drv_twi_enable  nrf_drv_twi.o
    0x000273dc   0x00000090   Code   RO         1530    i.nrf_drv_twi_init  nrf_drv_twi.o
    0x0002746c   0x00000024   Code   RO         1534    i.nrf_drv_twi_tx    nrf_drv_twi.o
    0x00027490   0x0000003c   Code   RO         1535    i.nrf_drv_twi_uninit  nrf_drv_twi.o
    0x000274cc   0x00000024   Code   RO         1536    i.nrf_drv_twi_xfer  nrf_drv_twi.o
    0x000274f0   0x00000018   Code   RO         2456    i.nrf_drv_wdt_channel_feed  nrf_drv_wdt.o
    0x00027508   0x00000022   Code   RO           23    i.nrf_gpio_cfg      main.o
    0x0002752a   0x00000022   Code   RO         1347    i.nrf_gpio_cfg      nrf_drv_gpiote.o
    0x0002754c   0x00000022   Code   RO         4839    i.nrf_gpio_cfg      led.o
    0x0002756e   0x00000022   Code   RO         4951    i.nrf_gpio_cfg      battery.o
    0x00027590   0x00000012   Code   RO           24    i.nrf_gpio_cfg_default  main.o
    0x000275a2   0x00000012   Code   RO         4840    i.nrf_gpio_cfg_input  led.o
    0x000275b4   0x00000014   Code   RO           25    i.nrf_gpio_cfg_output  main.o
    0x000275c8   0x00000014   Code   RO         4841    i.nrf_gpio_cfg_output  led.o
    0x000275dc   0x0000001c   Code   RO         1349    i.nrf_gpio_cfg_sense_set  nrf_drv_gpiote.o
    0x000275f8   0x00000010   Code   RO         4842    i.nrf_gpio_pin_clear  led.o
    0x00027608   0x00000010   Code   RO         1537    i.nrf_gpio_pin_set  nrf_drv_twi.o
    0x00027618   0x00000010   Code   RO         4843    i.nrf_gpio_pin_set  led.o
    0x00027628   0x00000016   Code   RO           26    i.nrf_gpio_range_cfg_output  main.o
    0x0002763e   0x00000002   PAD
    0x00027640   0x00000014   Code   RO         1350    i.nrf_gpiote_event_clear  nrf_drv_gpiote.o
    0x00027654   0x00000010   Code   RO         1351    i.nrf_gpiote_event_is_set  nrf_drv_gpiote.o
    0x00027664   0x00000010   Code   RO         2078    i.nrf_saadc_buffer_init  nrf_drv_saadc.o
    0x00027674   0x00000060   Code   RO         2180    i.nrf_saadc_channel_init  nrf_saadc.o
    0x000276d4   0x00000014   Code   RO         2079    i.nrf_saadc_channel_input_set  nrf_drv_saadc.o
    0x000276e8   0x00000010   Code   RO         2080    i.nrf_saadc_event_check  nrf_drv_saadc.o
    0x000276f8   0x00000010   Code   RO         2081    i.nrf_saadc_limit_int_get  nrf_drv_saadc.o
    0x00027708   0x0000000a   Code   RO         1538    i.nrf_twim_event_check  nrf_drv_twi.o
    0x00027712   0x0000000a   Code   RO         1676    i.nrf_uart_event_check  nrf_drv_uart.o
    0x0002771c   0x0000000c   Code   RO         1677    i.nrf_uart_int_enable_check  nrf_drv_uart.o
    0x00027728   0x00000020   Code   RO         4707    i.number_fields     reports.o
    0x00027748   0x000000a4   Code   RO           27    i.nus_data_handler  main.o
    0x000277ec   0x00000054   Code   RO           28    i.on_adv_evt        main.o
    0x00027840   0x00000114   Code   RO           29    i.on_ble_evt        main.o
    0x00027954   0x00000060   Code   RO           30    i.on_conn_params_evt  main.o
    0x000279b4   0x00000072   Code   RO          920    i.on_write          ble_vsp_bas.o
    0x00027a26   0x00000002   PAD
    0x00027a28   0x000000fc   Code   RO         4462    i.packetize_record  comms.o
    0x00027b24   0x00000868   Code   RO         4463    i.parse_msg         comms.o
    0x0002838c   0x00000014   Code   RO          618    i.peer_address_exists  ble_advertising.o
    0x000283a0   0x00000064   Code   RO         1020    i.peer_instance_init  device_manager_peripheral.o
    0x00028404   0x00000018   Code   RO         1352    i.pin_in_use_by_port  nrf_drv_gpiote.o
    0x0002841c   0x00000018   Code   RO         1353    i.pin_in_use_by_te  nrf_drv_gpiote.o
    0x00028434   0x00000034   Code   RO          872    i.pnp_id_encode     ble_dis.o
    0x00028468   0x0000010c   Code   RO         4555    i.pop_record        mem_manager.o
    0x00028574   0x000000f0   Code   RO           31    i.power_manage      main.o
    0x00028664   0x00000024   Code   RO         1849    i.pstorage_access_status_get  pstorage.o
    0x00028688   0x00000050   Code   RO         1850    i.pstorage_block_identifier_get  pstorage.o
    0x000286d8   0x00000094   Code   RO         1851    i.pstorage_clear    pstorage.o
    0x0002876c   0x0000005c   Code   RO         1852    i.pstorage_init     pstorage.o
    0x000287c8   0x000000a0   Code   RO         1853    i.pstorage_load     pstorage.o
    0x00028868   0x00000088   Code   RO         1854    i.pstorage_register  pstorage.o
    0x000288f0   0x00000084   Code   RO         1856    i.pstorage_store    pstorage.o
    0x00028974   0x00000048   Code   RO         1857    i.pstorage_sys_event_handler  pstorage.o
    0x000289bc   0x00000084   Code   RO         1858    i.pstorage_update   pstorage.o
    0x00028a40   0x00000244   Code   RO         4556    i.push_record       mem_manager.o
    0x00028c84   0x00000098   Code   RO         4464    i.queue_packet      comms.o
    0x00028d1c   0x00000010   Code   RO         3403    i.ram_end_address_get  softdevice_handler.o
    0x00028d2c   0x00000074   Code   RO         4708    i.reporter_time_rebase  reports.o
    0x00028da0   0x0000003c   Code   RO         3014    i.rtc1_stop         app_timer.o
    0x00028ddc   0x00000030   Code   RO         1678    i.rx_byte           nrf_drv_uart.o
    0x00028e0c   0x000000dc   Code   RO          775    i.rx_char_add       ble_nus.o
    0x00028ee8   0x00000020   Code   RO         1679    i.rx_done_event     nrf_drv_uart.o
    0x00028f08   0x00000022   Code   RO         4709    i.sampling_rate_fit  reports.o
    0x00028f2a   0x0000008e   Code   RO         4710    i.save_fields       reports.o
    0x00028fb8   0x0000008c   Code   RO         3404    i.sd_check_ram_start  softdevice_handler.o
    0x00029044   0x00000088   Code   RO         3405    i.sd_nvic_EnableIRQ  softdevice_handler.o
    0x000290cc   0x00000280   Code   RO         4465    i.send_ble_data     comms.o
    0x0002934c   0x00000088   Code   RO          522    i.service_data_encode  ble_advdata.o
    0x000293d4   0x00000238   Code   RO           32    i.services_init     main.o
    0x0002960c   0x0000000c   Code   RO         4396    i.setStepCnt        step_detect.o
    0x00029618   0x0000035c   Code   RO         4711    i.set_reporter      reports.o
    0x00029974   0x0000000c   Code   RO           33    i.set_unix_time     main.o
    0x00029980   0x0000003c   Code   RO         1859    i.sm_state_change   pstorage.o
    0x000299bc   0x00000014   Code   RO         3406    i.softdevice_ble_evt_handler_set  softdevice_handler.o
    0x000299d0   0x000000fc   Code   RO         3407    i.softdevice_enable  softdevice_handler.o
    0x00029acc   0x00000026   Code   RO         3408    i.softdevice_enable_get_default_config  softdevice_handler.o
    0x00029af2   0x00000004   Code   RO         3409    i.softdevice_fault_handler  softdevice_handler.o
    0x00029af6   0x00000002   PAD
    0x00029af8   0x0000004c   Code   RO         3410    i.softdevice_handler_init  softdevice_handler.o
    0x00029b44   0x00000014   Code   RO         3413    i.softdevice_sys_evt_handler_set  softdevice_handler.o
    0x00029b58   0x00000060   Code   RO         3900    i.start_accel       hal_imu.o
    0x00029bb8   0x00000058   Code   RO         3901    i.start_compass     hal_imu.o
    0x00029c10   0x0000005c   Code   RO         3902    i.start_gyro        hal_imu.o
    0x00029c6c   0x00000058   Code   RO         1860    i.state_data_erase_swap_entry_run  pstorage.o
    0x00029cc4   0x0000000c   Code   RO         1861    i.state_erase_data_page_entry_run  pstorage.o
    0x00029cd0   0x00000018   Code   RO         1862    i.state_restore_head_entry_run  pstorage.o
    0x00029ce8   0x00000030   Code   RO         1863    i.state_restore_tail_entry_run  pstorage.o
    0x00029d18   0x00000006   Code   RO         1864    i.state_swap_erase_entry_run  pstorage.o
    0x00029d1e   0x00000002   PAD
    0x00029d20   0x00000018   Code   RO         1865    i.state_write_data_swap_entry_run  pstorage.o
    0x00029d38   0x0000044a   Code   RO         4397    i.stepStateMachine  step_detect.o
    0x0002a182   0x00000002   PAD
    0x0002a184   0x00000008   Code   RO         4398    i.step_history      step_detect.o
    0x0002a18c   0x00000048   Code   RO         3903    i.stop_compass      hal_imu.o
    0x0002a1d4   0x00000048   Code   RO         3904    i.stop_gyro         hal_imu.o
    0x0002a21c   0x00000044   Code   RO         3905    i.stop_imu          hal_imu.o
    0x0002a260   0x00000004   Code   RO         1021    i.storage_operation_dummy_handler  device_manager_peripheral.o
    0x0002a264   0x00000054   Code   RO         1866    i.store_cmd_flash_write_execute  pstorage.o
    0x0002a2b8   0x000000fc   Code   RO         4557    i.store_log         mem_manager.o
    0x0002a3b4   0x00000098   Code   RO         4712    i.store_record      reports.o
    0x0002a44c   0x00000018   Code   RO         1867    i.swap_erase_state_run  pstorage.o
    0x0002a464   0x00000014   Code   RO         1868    i.swap_sub_state_err_busy_process  pstorage.o
    0x0002a478   0x00000014   Code   RO         1869    i.swap_sub_state_state_change  pstorage.o
    0x0002a48c   0x00000024   Code   RO           34    i.sys_evt_dispatch  main.o
    0x0002a4b0   0x00000042   Code   RO          873    i.sys_id_encode     ble_dis.o
    0x0002a4f2   0x00000002   PAD
    0x0002a4f4   0x00000014   Code   RO         1870    i.tail_restore_state_run  pstorage.o
    0x0002a508   0x0000002c   Code   RO           35    i.ticks_timer_handler  main.o
    0x0002a534   0x0000008c   Code   RO         3015    i.timer_list_handler  app_timer.o
    0x0002a5c0   0x0000003c   Code   RO         3016    i.timer_list_insert  app_timer.o
    0x0002a5fc   0x00000084   Code   RO         3017    i.timer_timeouts_check  app_timer.o
    0x0002a680   0x000000b8   Code   RO           36    i.timers_init       main.o
    0x0002a738   0x000000b0   Code   RO         1539    i.twi_clear_bus     nrf_drv_twi.o
    0x0002a7e8   0x0000001c   Code   RO         4088    i.twim_handler      hal_twim.o
    0x0002a804   0x000001f0   Code   RO         1540    i.twim_xfer         nrf_drv_twi.o
    0x0002a9f4   0x00000024   Code   RO         1681    i.tx_byte           nrf_drv_uart.o
    0x0002aa18   0x000000a0   Code   RO          776    i.tx_char_add       ble_nus.o
    0x0002aab8   0x00000024   Code   RO         1682    i.tx_done_event     nrf_drv_uart.o
    0x0002aadc   0x00000108   Code   RO         1683    i.uart_irq_handler  nrf_drv_uart.o
    0x0002abe4   0x0000000a   Code   RO          523    i.uint16_encode     ble_advdata.o
    0x0002abee   0x00000002   PAD
    0x0002abf0   0x00000128   Code   RO         4558    i.update_config     mem_manager.o
    0x0002ad18   0x0000011c   Code   RO         4559    i.update_log        mem_manager.o
    0x0002ae34   0x00000064   Code   RO         4560    i.update_log_tail   mem_manager.o
    0x0002ae98   0x00000014   Code   RO         1022    i.update_status_bit_reset  device_manager_peripheral.o
    0x0002aeac   0x00000060   Code   RO          700    i.update_timeout_handler  ble_conn_params.o
    0x0002af0c   0x0000003e   Code   RO         3018    i.user_id_get       app_timer.o
    0x0002af4a   0x00000028   Code   RO         3019    i.user_op_alloc     app_timer.o
    0x0002af72   0x00000030   Code   RO          524    i.uuid_list_encode  ble_advdata.o
    0x0002afa2   0x0000009e   Code   RO          525    i.uuid_list_sized_encode  ble_advdata.o
    0x0002b040   0x0000000e   Code   RO          619    i.whitelist_has_entries  ble_advertising.o
    0x0002b04e   0x00000002   PAD
    0x0002b050   0x00000100   Code   RO         4316    i.x_initStepDetect  experimental_step.o
    0x0002b150   0x0000000c   Code   RO         4317    i.x_setStepCnt      experimental_step.o
    0x0002b15c   0x000005ec   Code   RO         4318    i.x_stepStateMachine  experimental_step.o
    0x0002b748   0x00000008   Code   RO         4319    i.x_step_history    experimental_step.o
    0x0002b750   0x00000028   Data   RO           42    .constdata          main.o
    0x0002b778   0x00000004   Data   RO          703    .constdata          ble_conn_params.o
    0x0002b77c   0x00000010   Data   RO          777    .constdata          ble_nus.o
    0x0002b78c   0x00000030   Data   RO         1024    .constdata          device_manager_peripheral.o
    0x0002b7bc   0x0000001c   Data   RO         1542    .constdata          nrf_drv_twi.o
    0x0002b7d8   0x00000028   Data   RO         1872    .constdata          pstorage.o
    0x0002b800   0x00000003   Data   RO         2083    .constdata          nrf_drv_saadc.o
    0x0002b803   0x00000010   Data   RO         2713    .constdata          segger_rtt_printf.o
    0x0002b813   0x00000001   PAD
    0x0002b814   0x00000004   Data   RO         3510    .constdata          lsm6ds3_i2c.o
    0x0002b818   0x00000004   Data   RO         3511    .constdata          lsm6ds3_i2c.o
    0x0002b81c   0x000000a4   Data   RO         3598    .constdata          lsm6ds3.o
    0x0002b8c0   0x00000024   Data   RO         4089    .constdata          hal_twim.o
    0x0002b8e4   0x00000024   Data   RO         4562    .constdata          mem_manager.o
    0x0002b908   0x000000d8   Data   RO         4953    .constdata          battery.o
    0x0002b9e0   0x00000030   Data   RO         5481    .constdata          m_wm.l(cos_i.o)
    0x0002ba10   0x000000c8   Data   RO         5499    .constdata          m_wm.l(rred.o)
    0x0002bad8   0x00000028   Data   RO         5503    .constdata          m_wm.l(sin_i.o)
    0x0002bb00   0x00000060   Data   RO         5509    .constdata          m_wm.l(tan_i.o)
    0x0002bb60   0x00000374   Data   RO         1026    .conststring        device_manager_peripheral.o
    0x0002bed4   0x00000020   Data   RO         5574    Region$$Table       anon$$obj.o


    Execution Region RW_IRAM1 (Base: 0x20001fe8, Size: 0x000083e8, Max: 0x0000e018, ABSOLUTE, COMPRESSED[0x00000070])

    Base Addr    Size         Type   Attr      Idx    E Section Name        Object

    0x20001fe8   0x00000034   Data   RW           43    .data               main.o
    0x2000201c   0x0000001f   Data   RW          621    .data               ble_advertising.o
    0x2000203b   0x00000001   PAD
    0x2000203c   0x00000014   Data   RW          704    .data               ble_conn_params.o
    0x20002050   0x0000004a   Data   RW          874    .data               ble_dis.o
    0x2000209a   0x00000002   PAD
    0x2000209c   0x00000018   Data   RW         1027    .data               device_manager_peripheral.o
    0x200020b4   0x00000028   Data   RW         1873    .data               pstorage.o
    0x200020dc   0x00000008   Data   RW         2227    .data               nrf_drv_ppi.o
    0x200020e4   0x0000000c   Data   RW         2461    .data               nrf_drv_wdt.o
    0x200020f0   0x00000020   Data   RW         3020    .data               app_timer.o
    0x20002110   0x00000004   Data   RW         3213    .data               nrf_log.o
    0x20002114   0x00000014   Data   RW         3415    .data               softdevice_handler.o
    0x20002128   0x0000002e   Data   RW         3599    .data               lsm6ds3.o
    0x20002156   0x00000002   PAD
    0x20002158   0x00000c38   Data   RW         3906    .data               hal_imu.o
    0x20002d90   0x0000000c   Data   RW         4090    .data               hal_twim.o
    0x20002d9c   0x00000020   Data   RW         4152    .data               data_crunch.o
    0x20002dbc   0x00000004   PAD
    0x20002dc0   0x00000020   Data   RW         4321    .data               experimental_step.o
    0x20002de0   0x00000010   Data   RW         4400    .data               step_detect.o
    0x20002df0   0x00000020   Data   RW         4467    .data               comms.o
    0x20002e10   0x00000034   Data   RW         4563    .data               mem_manager.o
    0x20002e44   0x00000014   Data   RW         4714    .data               reports.o
    0x20002e58   0x00000038   Data   RW         4844    .data               led.o
    0x20002e90   0x00000018   Data   RW         4954    .data               battery.o
    0x20002ea8   0x00000004   Data   RW         5078    .data               system_nrf52.o
    0x20002eac   0x00000004   Data   RW         5539    .data               mc_w.l(mvars.o)
    0x20002eb0   0x00000004   Data   RW         5540    .data               mc_w.l(mvars.o)
    0x20002eb4   0x00000004   Data   RW         5544    .data               mc_w.l(errno.o)
    0x20002eb8   0x00000020   Zero   RW           38    .bss                main.o
    0x20002ed8   0x00000020   Zero   RW           39    .bss                main.o
    0x20002ef8   0x00000020   Zero   RW           40    .bss                main.o
    0x20002f18   0x00000260   Zero   RW           41    .bss                main.o
    0x20003178   0x00000103   Zero   RW          620    .bss                ble_advertising.o
    0x2000327b   0x00000001   PAD
    0x2000327c   0x00000020   Zero   RW          701    .bss                ble_conn_params.o
    0x2000329c   0x0000001c   Zero   RW          702    .bss                ble_conn_params.o
    0x200032b8   0x00000127   Zero   RW         1023    .bss                device_manager_peripheral.o
    0x200033df   0x00000001   PAD
    0x200033e0   0x00000058   Zero   RW         1354    .bss                nrf_drv_gpiote.o
    0x20003438   0x00000028   Zero   RW         1541    .bss                nrf_drv_twi.o
    0x20003460   0x0000001c   Zero   RW         1684    .bss                nrf_drv_uart.o
    0x2000347c   0x00000514   Zero   RW         1871    .bss                pstorage.o
    0x20003990   0x0000002c   Zero   RW         2082    .bss                nrf_drv_saadc.o
    0x200039bc   0x0000000c   Zero   RW         2368    .bss                nrf_drv_clock.o
    0x200039c8   0x00000058   Zero   RW         2529    .bss                fstorage.o
    0x20003a20   0x00000488   Zero   RW         2767    .bss                segger_rtt.o
    0x20003ea8   0x0000041b   Zero   RW         3212    .bss                nrf_log.o
    0x200042c3   0x00000001   PAD
    0x200042c4   0x0000000c   Zero   RW         3414    .bss                softdevice_handler.o
    0x200042d0   0x00000108   Zero   RW         3597    .bss                lsm6ds3.o
    0x200043d8   0x00000584   Zero   RW         4150    .bss                data_crunch.o
    0x2000495c   0x00000004   PAD
    0x20004960   0x000001b0   Zero   RW         4320    .bss                experimental_step.o
    0x20004b10   0x00000170   Zero   RW         4399    .bss                step_detect.o
    0x20004c80   0x00000540   Zero   RW         4466    .bss                comms.o
    0x200051c0   0x000000cc   Zero   RW         4561    .bss                mem_manager.o
    0x2000528c   0x00001138   Zero   RW         4713    .bss                reports.o
    0x200063c4   0x0000000a   Zero   RW         4952    .bss                battery.o
    0x200063ce   0x00000002   PAD
    0x200063d0   0x00002000   Zero   RW         5066    HEAP                arm_startup_nrf52.o
    0x200083d0   0x00002000   Zero   RW         5065    STACK               arm_startup_nrf52.o


==============================================================================

Image component sizes


      Code (inc. data)   RO Data    RW Data    ZI Data      Debug   Object Name

        22          0          0          0          0        621   app_error.o
      1838        100          0         32          0      54340   app_timer.o
        64         14          0          0          0       1706   app_trace.o
       124         14          0          0          0       8746   app_util_platform.o
        36         10       1024          0      16384        832   arm_startup_nrf52.o
      1074        270        216         24         10      24485   battery.o
      1540          0          0          0          0      19148   ble_advdata.o
       942         30          0         31        259       8176   ble_advertising.o
       436         54          4         20         60      12944   ble_conn_params.o
       578          8          0         74          0       5175   ble_dis.o
       640          6         16          0          0       5322   ble_nus.o
        30          0          0          0          0       1940   ble_srv_common.o
      1022          0          0          0          0      13950   ble_vsp_bas.o
      3240       1134          0         32       1344      14631   comms.o
      1358        138          0         32       1412      10637   data_crunch.o
      7594       3484        932         24        295      32998   device_manager_peripheral.o
      2808        352          0         32        432       8776   experimental_step.o
        20          4          0          0         88       3376   fstorage.o
      1604        442          0       3128          0      15291   hal_imu.o
       528        158         36         12          0       4106   hal_twim.o
      1508        234          0         56          0      12196   led.o
      3470        490        164         46        264      30834   lsm6ds3.o
       144         52          8          0          0       6164   lsm6ds3_i2c.o
      5396       1712         40         52        704     181042   main.o
      4974       1582         36         52        204      24329   mem_manager.o
       144          0          0          0          0       1571   nrf_delay.o
        36          6          0          0         12       5845   nrf_drv_clock.o
        56          0          0          0          0      27475   nrf_drv_common.o
      1022         82          0          0         88      21112   nrf_drv_gpiote.o
       326         46          0          8          0      11399   nrf_drv_ppi.o
      1168         96          3          0         44      18721   nrf_drv_saadc.o
      1500         52         28          0         40      53079   nrf_drv_twi.o
       442         40          0          0         28      13324   nrf_drv_uart.o
        64         22          0         12          0       5212   nrf_drv_wdt.o
       140         30          0          4       1051       4184   nrf_log.o
        96          6          0          0          0       6041   nrf_saadc.o
      2418        264         40         40       1300      33910   pstorage.o
      3586        538          0         20       4408      16085   reports.o
       592         50          0          0       1160      11315   segger_rtt.o
       878          6         16          0          0       5917   segger_rtt_printf.o
       846        304          0         20         12      39829   softdevice_handler.o
      1238         82          0         16        368       6169   step_detect.o
       660         48          0          4          0       2667   system_nrf52.o

    ----------------------------------------------------------------------
     56264      11960       2596       3780      29976     785620   Object Totals
         0          0         32          0          0          0   (incl. Generated)
        62          0          1          9          9          0   (incl. Padding)

    ----------------------------------------------------------------------

      Code (inc. data)   RO Data    RW Data    ZI Data      Debug   Library Member Name

       200         20          0          0          0        164   cos.o
       368         46         48          0          0        200   cos_i.o
        84         16          0          0          0        372   dunder.o
        24          0          0          0          0        124   fabs.o
        48          0          0          0          0        124   fpclassify.o
       248          0          0          0          0        152   poly.o
      1080        142        200          0          0        188   rred.o
       200         20          0          0          0        164   sin.o
       304         24         40          0          0        208   sin_i.o
       128         20          0          0          0        144   tan.o
       848         84         96          0          0        196   tan_i.o
        86          0          0          0          0          0   __dczerorl2.o
         0          0          0          0          0          0   entry.o
         0          0          0          0          0          0   entry10a.o
         0          0          0          0          0          0   entry11a.o
         8          4          0          0          0          0   entry2.o
         4          0          0          0          0          0   entry5.o
         0          0          0          0          0          0   entry7b.o
         0          0          0          0          0          0   entry8b.o
         8          4          0          0          0          0   entry9a.o
        12          6          0          4          0         68   errno.o
        30          0          0          0          0          0   handlers.o
        36          8          0          0          0         68   init.o
         0          0          0          0          0          0   iusefp.o
        98          0          0          0          0         84   ldiv.o
        30          0          0          0          0         68   llshl.o
        36          0          0          0          0         68   llsshr.o
        32          0          0          0          0         68   llushr.o
       188         20          0          0          0        160   malloc.o
        26          0          0          0          0         80   memcmp.o
        36          0          0          0          0         68   memcpya.o
        36          0          0          0          0        108   memseta.o
         0          0          0          8          0          0   mvars.o
       390         10          0          0          0        252   printf1.o
        18          0          0          0          0         68   strcpy.o
        14          0          0          0          0         68   strlen.o
        44          0          0          0          0         80   uidiv.o
        98          0          0          0          0         92   uldiv.o
       334          0          0          0          0        148   dadd.o
       222          0          0          0          0        100   ddiv.o
       186          0          0          0          0        176   depilogue.o
        62          0          0          0          0         80   dfixi.o
        74          0          0          0          0         80   dfixl.o
        50          0          0          0          0         76   dfixui.o
        34          0          0          0          0         76   dflti.o
        26          0          0          0          0         76   dfltui.o
       228          0          0          0          0         96   dmul.o
        38          0          0          0          0         68   f2d.o

    ----------------------------------------------------------------------
      6024        424        384         12          0       4412   Library Totals
         8          0          0          0          0          0   (incl. Padding)

    ----------------------------------------------------------------------

      Code (inc. data)   RO Data    RW Data    ZI Data      Debug   Library Name

      3532        372        384          0          0       2036   m_wm.l
      1230         52          0         12          0       1400   mc_w.l
      1254          0          0          0          0        976   mf_w.l

    ----------------------------------------------------------------------
      6024        424        384         12          0       4412   Library Totals

    ----------------------------------------------------------------------

==============================================================================


      Code (inc. data)   RO Data    RW Data    ZI Data      Debug   

     62288      12384       2980       3792      29976     748468   Grand Totals
     62288      12384       2980        112      29976     748468   ELF Image Totals (compressed)
     62288      12384       2980        112          0          0   ROM Totals

==============================================================================

    Total RO  Size (Code + RO Data)                65268 (  63.74kB)
    Total RW  Size (RW Data + ZI Data)             33768 (  32.98kB)
    Total ROM Size (Code + RO Data + RW Data)      65380 (  63.85kB)

==============================================================================

